Copyright 1986-2018 Xilinx, Inc. All Rights Reserved.
--------------------------------------------------------------------------------------------------------------------------------------------------------------------------------------------
| Tool Version : Vivado v.2018.3 (win64) Build 2405991 Thu Dec  6 23:38:27 MST 2018
| Date         : Sat Sep 19 20:22:08 2026
| Host         : Hugo running 64-bit major release  (build 9200)
| Command      : report_timing_summary -file archive/project2_v2_stream/reports/timing_summary.rpt
| Design       : project2_v2_top
| Device       : 7a35t-fgg484
| Speed File   : -2  PRODUCTION 1.23 2018-06-13
--------------------------------------------------------------------------------------------------------------------------------------------------------------------------------------------

Timing Summary Report

------------------------------------------------------------------------------------------------
| Timer Settings
| --------------
------------------------------------------------------------------------------------------------

  Enable Multi Corner Analysis               :  Yes
  Enable Pessimism Removal                   :  Yes
  Pessimism Removal Resolution               :  Nearest Common Node
  Enable Input Delay Default Clock           :  No
  Enable Preset / Clear Arcs                 :  No
  Disable Flight Delays                      :  No
  Ignore I/O Paths                           :  No
  Timing Early Launch at Borrowing Latches   :  false

  Corner  Analyze    Analyze    
  Name    Max Paths  Min Paths  
  ------  ---------  ---------  
  Slow    Yes        Yes        
  Fast    Yes        Yes        



check_timing report

Table of Contents
-----------------
1. checking no_clock
2. checking constant_clock
3. checking pulse_width_clock
4. checking unconstrained_internal_endpoints
5. checking no_input_delay
6. checking no_output_delay
7. checking multiple_clock
8. checking generated_clocks
9. checking loops
10. checking partial_input_delay
11. checking partial_output_delay
12. checking latch_loops

1. checking no_clock
--------------------
 There are 8 register/latch pins with no clock driven by root clock pin: u_udp_protocol_stack/u0/mac_send/crc_cnt_reg[2]/Q (HIGH)


2. checking constant_clock
--------------------------
 There are 0 register/latch pins with constant_clock.


3. checking pulse_width_clock
-----------------------------
 There are 0 register/latch pins which need pulse_width check


4. checking unconstrained_internal_endpoints
--------------------------------------------
 There are 16 pins that are not constrained for maximum delay. (HIGH)

 There are 0 pins that are not constrained for maximum delay due to constant clock.


5. checking no_input_delay
--------------------------
 There are 6 input ports with no input delay specified. (HIGH)

 There are 0 input ports with no input delay but user has a false path constraint.


6. checking no_output_delay
---------------------------
 There are 6 ports with no output delay specified. (HIGH)

 There are 0 ports with no output delay but user has a false path constraint

 There are 0 ports with no output delay but with a timing clock defined on it or propagating through it


7. checking multiple_clock
--------------------------
 There are 0 register/latch pins with multiple clocks.


8. checking generated_clocks
----------------------------
 There are 0 generated clocks that are not connected to a clock source.


9. checking loops
-----------------
 There are 0 combinational loops in the design.


10. checking partial_input_delay
--------------------------------
 There are 0 input ports with partial input delay specified.


11. checking partial_output_delay
---------------------------------
 There are 0 ports with partial output delay specified.


12. checking latch_loops
------------------------
 There are 0 combinational latch loops in the design through latch input



------------------------------------------------------------------------------------------------
| Design Timing Summary
| ---------------------
------------------------------------------------------------------------------------------------

    WNS(ns)      TNS(ns)  TNS Failing Endpoints  TNS Total Endpoints      WHS(ns)      THS(ns)  THS Failing Endpoints  THS Total Endpoints     WPWS(ns)     TPWS(ns)  TPWS Failing Endpoints  TPWS Total Endpoints  
    -------      -------  ---------------------  -------------------      -------      -------  ---------------------  -------------------     --------     --------  ----------------------  --------------------  
      2.105        0.000                      0                11487        0.075        0.000                      0                11455        0.264        0.000                       0                  4267  


All user specified timing constraints are met.


------------------------------------------------------------------------------------------------
| Clock Summary
| -------------
------------------------------------------------------------------------------------------------

Clock                 Waveform(ns)         Period(ns)      Frequency(MHz)
-----                 ------------         ----------      --------------
eth_rxc               {0.000 4.000}        8.000           125.000         
sys_clk               {0.000 10.000}       20.000          50.000          
  clk_out1_clk_wiz_0  {0.000 2.500}        5.000           200.000         
  clk_out2_clk_wiz_0  {0.000 4.000}        8.000           125.000         
  clkfbout_clk_wiz_0  {0.000 10.000}       20.000          50.000          


------------------------------------------------------------------------------------------------
| Intra Clock Table
| -----------------
------------------------------------------------------------------------------------------------

Clock                     WNS(ns)      TNS(ns)  TNS Failing Endpoints  TNS Total Endpoints      WHS(ns)      THS(ns)  THS Failing Endpoints  THS Total Endpoints     WPWS(ns)     TPWS(ns)  TPWS Failing Endpoints  TPWS Total Endpoints  
-----                     -------      -------  ---------------------  -------------------      -------      -------  ---------------------  -------------------     --------     --------  ----------------------  --------------------  
eth_rxc                     4.293        0.000                      0                  863        0.085        0.000                      0                  863        2.870        0.000                       0                   450  
sys_clk                                                                                                                                                                 7.000        0.000                       0                     1  
  clk_out1_clk_wiz_0                                                                                                                                                    0.264        0.000                       0                     3  
  clk_out2_clk_wiz_0        2.265        0.000                      0                 9773        0.075        0.000                      0                 9773        2.870        0.000                       0                  3810  
  clkfbout_clk_wiz_0                                                                                                                                                   18.408        0.000                       0                     3  


------------------------------------------------------------------------------------------------
| Inter Clock Table
| -----------------
------------------------------------------------------------------------------------------------

From Clock          To Clock                WNS(ns)      TNS(ns)  TNS Failing Endpoints  TNS Total Endpoints      WHS(ns)      THS(ns)  THS Failing Endpoints  THS Total Endpoints  
----------          --------                -------      -------  ---------------------  -------------------      -------      -------  ---------------------  -------------------  
clk_out2_clk_wiz_0  eth_rxc                   6.921        0.000                      0                   16                                                                        
eth_rxc             clk_out2_clk_wiz_0        6.885        0.000                      0                   16                                                                        


------------------------------------------------------------------------------------------------
| Other Path Groups Table
| -----------------------
------------------------------------------------------------------------------------------------

Path Group          From Clock          To Clock                WNS(ns)      TNS(ns)  TNS Failing Endpoints  TNS Total Endpoints      WHS(ns)      THS(ns)  THS Failing Endpoints  THS Total Endpoints  
----------          ----------          --------                -------      -------  ---------------------  -------------------      -------      -------  ---------------------  -------------------  
**async_default**   clk_out2_clk_wiz_0  clk_out2_clk_wiz_0        2.105        0.000                      0                  733        0.404        0.000                      0                  733  
**async_default**   clk_out2_clk_wiz_0  eth_rxc                   4.806        0.000                      0                   16        0.259        0.000                      0                   16  
**async_default**   eth_rxc             eth_rxc                   6.300        0.000                      0                   70        0.374        0.000                      0                   70  


------------------------------------------------------------------------------------------------
| Timing Details
| --------------
------------------------------------------------------------------------------------------------


---------------------------------------------------------------------------------------------------
From Clock:  eth_rxc
  To Clock:  eth_rxc

Setup :            0  Failing Endpoints,  Worst Slack        4.293ns,  Total Violation        0.000ns
Hold  :            0  Failing Endpoints,  Worst Slack        0.085ns,  Total Violation        0.000ns
PW    :            0  Failing Endpoints,  Worst Slack        2.870ns,  Total Violation        0.000ns
---------------------------------------------------------------------------------------------------


Max Delay Paths
--------------------------------------------------------------------------------------
Slack (MET) :             4.293ns  (required time - arrival time)
  Source:                 u_udp_protocol_stack/u0/mac_receive/rx_cnt_reg[6]/C
                            (rising edge-triggered cell FDRE clocked by eth_rxc  {rise@0.000ns fall@4.000ns period=8.000ns})
  Destination:            u_udp_protocol_stack/u0/mac_receive/crc_en_reg/D
                            (rising edge-triggered cell FDRE clocked by eth_rxc  {rise@0.000ns fall@4.000ns period=8.000ns})
  Path Group:             eth_rxc
  Path Type:              Setup (Max at Slow Process Corner)
  Requirement:            8.000ns  (eth_rxc rise@8.000ns - eth_rxc rise@0.000ns)
  Data Path Delay:        3.435ns  (logic 0.715ns (20.814%)  route 2.720ns (79.186%))
  Logic Levels:           3  (LUT4=1 LUT6=2)
  Clock Path Skew:        -0.028ns (DCD - SCD + CPR)
    Destination Clock Delay (DCD):    4.367ns = ( 12.367 - 8.000 ) 
    Source Clock Delay      (SCD):    4.636ns
    Clock Pessimism Removal (CPR):    0.241ns
  Clock Uncertainty:      0.035ns  ((TSJ^2 + TIJ^2)^1/2 + DJ) / 2 + PE
    Total System Jitter     (TSJ):    0.071ns
    Total Input Jitter      (TIJ):    0.000ns
    Discrete Jitter          (DJ):    0.000ns
    Phase Error              (PE):    0.000ns

    Location             Delay type                Incr(ns)  Path(ns)    Netlist Resource(s)
  -------------------------------------------------------------------    -------------------
                         (clock eth_rxc rise edge)    0.000     0.000 r  
    W19                                               0.000     0.000 r  eth_rxc (IN)
                         net (fo=0)                   0.000     0.000    u_rgmii_interface/u0/eth_rxc
    W19                  IBUF (Prop_ibuf_I_O)         1.423     1.423 r  u_rgmii_interface/u0/rgmii_clk_ibuf/O
                         net (fo=2, routed)           1.693     3.116    u_rgmii_interface/u0/phy_rgmii_rx_clk_ibuf
    BUFGCTRL_X0Y2        BUFG (Prop_bufg_I_O)         0.081     3.197 r  u_rgmii_interface/u0/BUFG_rx_clk/O
                         net (fo=443, routed)         1.439     4.636    u_udp_protocol_stack/u0/mac_receive/phy_rx_clk
    SLICE_X4Y49          FDRE                                         r  u_udp_protocol_stack/u0/mac_receive/rx_cnt_reg[6]/C
  -------------------------------------------------------------------    -------------------
    SLICE_X4Y49          FDRE (Prop_fdre_C_Q)         0.379     5.015 f  u_udp_protocol_stack/u0/mac_receive/rx_cnt_reg[6]/Q
                         net (fo=6, routed)           1.100     6.115    u_udp_protocol_stack/u0/mac_receive/rx_cnt_reg__0[6]
    SLICE_X5Y48          LUT6 (Prop_lut6_I0_O)        0.105     6.220 f  u_udp_protocol_stack/u0/mac_receive/rx_target_mac[47]_i_2/O
                         net (fo=5, routed)           0.421     6.641    u_udp_protocol_stack/u0/mac_receive/rx_target_mac[47]_i_2_n_0
    SLICE_X4Y48          LUT6 (Prop_lut6_I5_O)        0.105     6.746 r  u_udp_protocol_stack/u0/mac_receive/crc_en_i_2/O
                         net (fo=2, routed)           0.579     7.324    u_udp_protocol_stack/u0/mac_receive/crc_en_i_2_n_0
    SLICE_X5Y47          LUT4 (Prop_lut4_I3_O)        0.126     7.450 r  u_udp_protocol_stack/u0/mac_receive/crc_en_i_1/O
                         net (fo=1, routed)           0.621     8.071    u_udp_protocol_stack/u0/mac_receive/crc_en_i_1_n_0
    SLICE_X4Y47          FDRE                                         r  u_udp_protocol_stack/u0/mac_receive/crc_en_reg/D
  -------------------------------------------------------------------    -------------------

                         (clock eth_rxc rise edge)    8.000     8.000 r  
    W19                                               0.000     8.000 r  eth_rxc (IN)
                         net (fo=0)                   0.000     8.000    u_rgmii_interface/u0/eth_rxc
    W19                  IBUF (Prop_ibuf_I_O)         1.357     9.357 r  u_rgmii_interface/u0/rgmii_clk_ibuf/O
                         net (fo=2, routed)           1.604    10.962    u_rgmii_interface/u0/phy_rgmii_rx_clk_ibuf
    BUFGCTRL_X0Y2        BUFG (Prop_bufg_I_O)         0.077    11.039 r  u_rgmii_interface/u0/BUFG_rx_clk/O
                         net (fo=443, routed)         1.329    12.367    u_udp_protocol_stack/u0/mac_receive/phy_rx_clk
    SLICE_X4Y47          FDRE                                         r  u_udp_protocol_stack/u0/mac_receive/crc_en_reg/C
                         clock pessimism              0.241    12.608    
                         clock uncertainty           -0.035    12.573    
    SLICE_X4Y47          FDRE (Setup_fdre_C_D)       -0.209    12.364    u_udp_protocol_stack/u0/mac_receive/crc_en_reg
  -------------------------------------------------------------------
                         required time                         12.364    
                         arrival time                          -8.071    
  -------------------------------------------------------------------
                         slack                                  4.293    





Min Delay Paths
--------------------------------------------------------------------------------------
Slack (MET) :             0.085ns  (arrival time - required time)
  Source:                 u_udp_protocol_stack/u0/mac_receive/frame_din_reg[12]/C
                            (rising edge-triggered cell FDRE clocked by eth_rxc  {rise@0.000ns fall@4.000ns period=8.000ns})
  Destination:            u_udp_protocol_stack/u0/mac_receive/frame_fifo/U0/inst_fifo_gen/gconvfifo.rf/grf.rf/gntv_or_sync_fifo.mem/gdm.dm_gen.dm/RAM_reg_0_15_12_16/RAMA/I
                            (rising edge-triggered cell RAMD32 clocked by eth_rxc  {rise@0.000ns fall@4.000ns period=8.000ns})
  Path Group:             eth_rxc
  Path Type:              Hold (Min at Fast Process Corner)
  Requirement:            0.000ns  (eth_rxc rise@0.000ns - eth_rxc rise@0.000ns)
  Data Path Delay:        0.249ns  (logic 0.141ns (56.528%)  route 0.108ns (43.472%))
  Logic Levels:           0  
  Clock Path Skew:        0.017ns (DCD - SCD - CPR)
    Destination Clock Delay (DCD):    2.000ns
    Source Clock Delay      (SCD):    1.484ns
    Clock Pessimism Removal (CPR):    0.499ns

    Location             Delay type                Incr(ns)  Path(ns)    Netlist Resource(s)
  -------------------------------------------------------------------    -------------------
                         (clock eth_rxc rise edge)    0.000     0.000 r  
    W19                                               0.000     0.000 r  eth_rxc (IN)
                         net (fo=0)                   0.000     0.000    u_rgmii_interface/u0/eth_rxc
    W19                  IBUF (Prop_ibuf_I_O)         0.260     0.260 r  u_rgmii_interface/u0/rgmii_clk_ibuf/O
                         net (fo=2, routed)           0.634     0.894    u_rgmii_interface/u0/phy_rgmii_rx_clk_ibuf
    BUFGCTRL_X0Y2        BUFG (Prop_bufg_I_O)         0.026     0.920 r  u_rgmii_interface/u0/BUFG_rx_clk/O
                         net (fo=443, routed)         0.564     1.484    u_udp_protocol_stack/u0/mac_receive/phy_rx_clk
    SLICE_X9Y53          FDRE                                         r  u_udp_protocol_stack/u0/mac_receive/frame_din_reg[12]/C
  -------------------------------------------------------------------    -------------------
    SLICE_X9Y53          FDRE (Prop_fdre_C_Q)         0.141     1.625 r  u_udp_protocol_stack/u0/mac_receive/frame_din_reg[12]/Q
                         net (fo=1, routed)           0.108     1.733    u_udp_protocol_stack/u0/mac_receive/frame_fifo/U0/inst_fifo_gen/gconvfifo.rf/grf.rf/gntv_or_sync_fifo.mem/gdm.dm_gen.dm/RAM_reg_0_15_12_16/DIA0
    SLICE_X8Y52          RAMD32                                       r  u_udp_protocol_stack/u0/mac_receive/frame_fifo/U0/inst_fifo_gen/gconvfifo.rf/grf.rf/gntv_or_sync_fifo.mem/gdm.dm_gen.dm/RAM_reg_0_15_12_16/RAMA/I
  -------------------------------------------------------------------    -------------------

                         (clock eth_rxc rise edge)    0.000     0.000 r  
    W19                                               0.000     0.000 r  eth_rxc (IN)
                         net (fo=0)                   0.000     0.000    u_rgmii_interface/u0/eth_rxc
    W19                  IBUF (Prop_ibuf_I_O)         0.448     0.448 r  u_rgmii_interface/u0/rgmii_clk_ibuf/O
                         net (fo=2, routed)           0.689     1.137    u_rgmii_interface/u0/phy_rgmii_rx_clk_ibuf
    BUFGCTRL_X0Y2        BUFG (Prop_bufg_I_O)         0.029     1.166 r  u_rgmii_interface/u0/BUFG_rx_clk/O
                         net (fo=443, routed)         0.834     2.000    u_udp_protocol_stack/u0/mac_receive/frame_fifo/U0/inst_fifo_gen/gconvfifo.rf/grf.rf/gntv_or_sync_fifo.mem/gdm.dm_gen.dm/RAM_reg_0_15_12_16/WCLK
    SLICE_X8Y52          RAMD32                                       r  u_udp_protocol_stack/u0/mac_receive/frame_fifo/U0/inst_fifo_gen/gconvfifo.rf/grf.rf/gntv_or_sync_fifo.mem/gdm.dm_gen.dm/RAM_reg_0_15_12_16/RAMA/CLK
                         clock pessimism             -0.499     1.501    
    SLICE_X8Y52          RAMD32 (Hold_ramd32_CLK_I)
                                                      0.147     1.648    u_udp_protocol_stack/u0/mac_receive/frame_fifo/U0/inst_fifo_gen/gconvfifo.rf/grf.rf/gntv_or_sync_fifo.mem/gdm.dm_gen.dm/RAM_reg_0_15_12_16/RAMA
  -------------------------------------------------------------------
                         required time                         -1.648    
                         arrival time                           1.733    
  -------------------------------------------------------------------
                         slack                                  0.085    





Pulse Width Checks
--------------------------------------------------------------------------------------
Clock Name:         eth_rxc
Waveform(ns):       { 0.000 4.000 }
Period(ns):         8.000
Sources:            { eth_rxc }

Check Type        Corner  Lib Pin             Reference Pin  Required(ns)  Actual(ns)  Slack(ns)  Location      Pin
Min Period        n/a     RAMB36E1/CLKARDCLK  n/a            2.170         8.000       5.830      RAMB36_X0Y8   u_udp_protocol_stack/u0/mac_receive/data_fifo/U0/inst_fifo_gen/gconvfifo.rf/grf.rf/gntv_or_sync_fifo.mem/gbm.gbmg.gbmga.ngecc.bmg/inst_blk_mem_gen/gnbram.gnativebmg.native_blk_mem_gen/valid.cstr/ramloop[0].ram.r/prim_noinit.ram/DEVICE_7SERIES.NO_BMM_INFO.SDP.SIMPLE_PRIM36.ram/CLKARDCLK
Low Pulse Width   Slow    RAMD32/CLK          n/a            1.130         4.000       2.870      SLICE_X10Y52  u_udp_protocol_stack/u0/mac_receive/frame_fifo/U0/inst_fifo_gen/gconvfifo.rf/grf.rf/gntv_or_sync_fifo.mem/gdm.dm_gen.dm/RAM_reg_0_15_0_5/RAMA/CLK
High Pulse Width  Fast    RAMD32/CLK          n/a            1.130         4.000       2.870      SLICE_X10Y52  u_udp_protocol_stack/u0/mac_receive/frame_fifo/U0/inst_fifo_gen/gconvfifo.rf/grf.rf/gntv_or_sync_fifo.mem/gdm.dm_gen.dm/RAM_reg_0_15_0_5/RAMA/CLK



---------------------------------------------------------------------------------------------------
From Clock:  sys_clk
  To Clock:  sys_clk

Setup :           NA  Failing Endpoints,  Worst Slack           NA  ,  Total Violation           NA
Hold  :           NA  Failing Endpoints,  Worst Slack           NA  ,  Total Violation           NA
PW    :            0  Failing Endpoints,  Worst Slack        7.000ns,  Total Violation        0.000ns
---------------------------------------------------------------------------------------------------


Pulse Width Checks
--------------------------------------------------------------------------------------
Clock Name:         sys_clk
Waveform(ns):       { 0.000 10.000 }
Period(ns):         20.000
Sources:            { sys_clk }

Check Type        Corner  Lib Pin            Reference Pin  Required(ns)  Actual(ns)  Slack(ns)  Location         Pin
Min Period        n/a     MMCME2_ADV/CLKIN1  n/a            1.249         20.000      18.751     MMCME2_ADV_X1Y0  u_clock_and_reset/clk_wiz_0/inst/mmcm_adv_inst/CLKIN1
Max Period        n/a     MMCME2_ADV/CLKIN1  n/a            100.000       20.000      80.000     MMCME2_ADV_X1Y0  u_clock_and_reset/clk_wiz_0/inst/mmcm_adv_inst/CLKIN1
Low Pulse Width   Fast    MMCME2_ADV/CLKIN1  n/a            3.000         10.000      7.000      MMCME2_ADV_X1Y0  u_clock_and_reset/clk_wiz_0/inst/mmcm_adv_inst/CLKIN1
High Pulse Width  Slow    MMCME2_ADV/CLKIN1  n/a            3.000         10.000      7.000      MMCME2_ADV_X1Y0  u_clock_and_reset/clk_wiz_0/inst/mmcm_adv_inst/CLKIN1



---------------------------------------------------------------------------------------------------
From Clock:  clk_out1_clk_wiz_0
  To Clock:  clk_out1_clk_wiz_0

Setup :           NA  Failing Endpoints,  Worst Slack           NA  ,  Total Violation           NA
Hold  :           NA  Failing Endpoints,  Worst Slack           NA  ,  Total Violation           NA
PW    :            0  Failing Endpoints,  Worst Slack        0.264ns,  Total Violation        0.000ns
---------------------------------------------------------------------------------------------------


Pulse Width Checks
--------------------------------------------------------------------------------------
Clock Name:         clk_out1_clk_wiz_0
Waveform(ns):       { 0.000 2.500 }
Period(ns):         5.000
Sources:            { u_clock_and_reset/clk_wiz_0/inst/mmcm_adv_inst/CLKOUT0 }

Check Type  Corner  Lib Pin            Reference Pin  Required(ns)  Actual(ns)  Slack(ns)  Location         Pin
Min Period  n/a     IDELAYCTRL/REFCLK  n/a            2.438         5.000       2.562      IDELAYCTRL_X0Y0  u_rgmii_interface/u0/ldelayctrl_rx/REFCLK
Max Period  n/a     IDELAYCTRL/REFCLK  n/a            5.264         5.000       0.264      IDELAYCTRL_X0Y0  u_rgmii_interface/u0/ldelayctrl_rx/REFCLK



---------------------------------------------------------------------------------------------------
From Clock:  clk_out2_clk_wiz_0
  To Clock:  clk_out2_clk_wiz_0

Setup :            0  Failing Endpoints,  Worst Slack        2.265ns,  Total Violation        0.000ns
Hold  :            0  Failing Endpoints,  Worst Slack        0.075ns,  Total Violation        0.000ns
PW    :            0  Failing Endpoints,  Worst Slack        2.870ns,  Total Violation        0.000ns
---------------------------------------------------------------------------------------------------


Max Delay Paths
--------------------------------------------------------------------------------------
Slack (MET) :             2.265ns  (required time - arrival time)
  Source:                 u_udp_protocol_stack/u3/arp_dynamic_list/ip_addr_buffer_reg[3][1]/C
                            (rising edge-triggered cell FDRE clocked by clk_out2_clk_wiz_0  {rise@0.000ns fall@4.000ns period=8.000ns})
  Destination:            u_udp_protocol_stack/u3/arp_dynamic_list/rd_mac_addr_reg[26]/D
                            (rising edge-triggered cell FDRE clocked by clk_out2_clk_wiz_0  {rise@0.000ns fall@4.000ns period=8.000ns})
  Path Group:             clk_out2_clk_wiz_0
  Path Type:              Setup (Max at Slow Process Corner)
  Requirement:            8.000ns  (clk_out2_clk_wiz_0 rise@8.000ns - clk_out2_clk_wiz_0 rise@0.000ns)
  Data Path Delay:        5.644ns  (logic 1.473ns (26.098%)  route 4.171ns (73.902%))
  Logic Levels:           5  (CARRY4=3 LUT4=1 LUT6=1)
  Clock Path Skew:        -0.024ns (DCD - SCD + CPR)
    Destination Clock Delay (DCD):    -0.937ns = ( 7.063 - 8.000 ) 
    Source Clock Delay      (SCD):    -0.571ns
    Clock Pessimism Removal (CPR):    0.342ns
  Clock Uncertainty:      0.099ns  ((TSJ^2 + DJ^2)^1/2) / 2 + PE
    Total System Jitter     (TSJ):    0.071ns
    Discrete Jitter          (DJ):    0.184ns
    Phase Error              (PE):    0.000ns

    Location             Delay type                Incr(ns)  Path(ns)    Netlist Resource(s)
  -------------------------------------------------------------------    -------------------
                         (clock clk_out2_clk_wiz_0 rise edge)
                                                      0.000     0.000 r  
    R4                                                0.000     0.000 r  sys_clk (IN)
                         net (fo=0)                   0.000     0.000    u_clock_and_reset/clk_wiz_0/inst/clk_in1
    R4                   IBUF (Prop_ibuf_I_O)         1.432     1.432 r  u_clock_and_reset/clk_wiz_0/inst/clkin1_ibufg/O
                         net (fo=1, routed)           1.065     2.497    u_clock_and_reset/clk_wiz_0/inst/clk_in1_clk_wiz_0
    MMCME2_ADV_X1Y0      MMCME2_ADV (Prop_mmcme2_adv_CLKIN1_CLKOUT1)
                                                     -5.921    -3.424 r  u_clock_and_reset/clk_wiz_0/inst/mmcm_adv_inst/CLKOUT1
                         net (fo=1, routed)           1.421    -2.004    u_clock_and_reset/clk_wiz_0/inst/clk_out2_clk_wiz_0
    BUFGCTRL_X0Y0        BUFG (Prop_bufg_I_O)         0.081    -1.923 r  u_clock_and_reset/clk_wiz_0/inst/clkout2_buf/O
                         net (fo=3809, routed)        1.352    -0.571    u_udp_protocol_stack/u3/arp_dynamic_list/clk_out2
    SLICE_X37Y27         FDRE                                         r  u_udp_protocol_stack/u3/arp_dynamic_list/ip_addr_buffer_reg[3][1]/C
  -------------------------------------------------------------------    -------------------
    SLICE_X37Y27         FDRE (Prop_fdre_C_Q)         0.379    -0.192 f  u_udp_protocol_stack/u3/arp_dynamic_list/ip_addr_buffer_reg[3][1]/Q
                         net (fo=2, routed)           0.951     0.759    u_udp_protocol_stack/u3/arp_dynamic_list/ip_addr_buffer_reg[3][22]_0[1]
    SLICE_X37Y27         LUT4 (Prop_lut4_I0_O)        0.105     0.864 r  u_udp_protocol_stack/u3/arp_dynamic_list/p_0_out_carry_i_4/O
                         net (fo=1, routed)           0.000     0.864    u_udp_protocol_stack/u3/arp_dynamic_list/p_0_out_carry_i_4_n_0
    SLICE_X37Y27         CARRY4 (Prop_carry4_S[0]_CO[3])
                                                      0.440     1.304 r  u_udp_protocol_stack/u3/arp_dynamic_list/p_0_out_carry/CO[3]
                         net (fo=1, routed)           0.000     1.304    u_udp_protocol_stack/u3/arp_dynamic_list/p_0_out_carry_n_0
    SLICE_X37Y28         CARRY4 (Prop_carry4_CI_CO[3])
                                                      0.098     1.402 r  u_udp_protocol_stack/u3/arp_dynamic_list/p_0_out_carry__0/CO[3]
                         net (fo=1, routed)           0.000     1.402    u_udp_protocol_stack/u3/arp_dynamic_list/p_0_out_carry__0_n_0
    SLICE_X37Y29         CARRY4 (Prop_carry4_CI_CO[2])
                                                      0.190     1.592 r  u_udp_protocol_stack/u3/arp_dynamic_list/p_0_out_carry__1/CO[2]
                         net (fo=96, routed)          3.220     4.812    u_udp_protocol_stack/u3/arp_dynamic_list/p_0_out_carry__1_n_1
    SLICE_X4Y32          LUT6 (Prop_lut6_I2_O)        0.261     5.073 r  u_udp_protocol_stack/u3/arp_dynamic_list/rd_mac_addr[26]_i_1/O
                         net (fo=1, routed)           0.000     5.073    u_udp_protocol_stack/u3/arp_dynamic_list/rd_mac_addr[26]_i_1_n_0
    SLICE_X4Y32          FDRE                                         r  u_udp_protocol_stack/u3/arp_dynamic_list/rd_mac_addr_reg[26]/D
  -------------------------------------------------------------------    -------------------

                         (clock clk_out2_clk_wiz_0 rise edge)
                                                      8.000     8.000 r  
    R4                                                0.000     8.000 r  sys_clk (IN)
                         net (fo=0)                   0.000     8.000    u_clock_and_reset/clk_wiz_0/inst/clk_in1
    R4                   IBUF (Prop_ibuf_I_O)         1.366     9.366 r  u_clock_and_reset/clk_wiz_0/inst/clkin1_ibufg/O
                         net (fo=1, routed)           1.004    10.369    u_clock_and_reset/clk_wiz_0/inst/clk_in1_clk_wiz_0
    MMCME2_ADV_X1Y0      MMCME2_ADV (Prop_mmcme2_adv_CLKIN1_CLKOUT1)
                                                     -6.057     4.312 r  u_clock_and_reset/clk_wiz_0/inst/mmcm_adv_inst/CLKOUT1
                         net (fo=1, routed)           1.352     5.665    u_clock_and_reset/clk_wiz_0/inst/clk_out2_clk_wiz_0
    BUFGCTRL_X0Y0        BUFG (Prop_bufg_I_O)         0.077     5.742 r  u_clock_and_reset/clk_wiz_0/inst/clkout2_buf/O
                         net (fo=3809, routed)        1.322     7.063    u_udp_protocol_stack/u3/arp_dynamic_list/clk_out2
    SLICE_X4Y32          FDRE                                         r  u_udp_protocol_stack/u3/arp_dynamic_list/rd_mac_addr_reg[26]/C
                         clock pessimism              0.342     7.405    
                         clock uncertainty           -0.099     7.306    
    SLICE_X4Y32          FDRE (Setup_fdre_C_D)        0.032     7.338    u_udp_protocol_stack/u3/arp_dynamic_list/rd_mac_addr_reg[26]
  -------------------------------------------------------------------
                         required time                          7.338    
                         arrival time                          -5.073    
  -------------------------------------------------------------------
                         slack                                  2.265    





Min Delay Paths
--------------------------------------------------------------------------------------
Slack (MET) :             0.075ns  (arrival time - required time)
  Source:                 u_udp_protocol_stack/u0/mac_send/frame_din_reg[38]/C
                            (rising edge-triggered cell FDRE clocked by clk_out2_clk_wiz_0  {rise@0.000ns fall@4.000ns period=8.000ns})
  Destination:            u_udp_protocol_stack/u0/mac_send/frame_fifo/U0/inst_fifo_gen/gconvfifo.rf/grf.rf/gntv_or_sync_fifo.mem/gdm.dm_gen.dm/RAM_reg_0_15_36_41/RAMB/I
                            (rising edge-triggered cell RAMD32 clocked by clk_out2_clk_wiz_0  {rise@0.000ns fall@4.000ns period=8.000ns})
  Path Group:             clk_out2_clk_wiz_0
  Path Type:              Hold (Min at Fast Process Corner)
  Requirement:            0.000ns  (clk_out2_clk_wiz_0 rise@0.000ns - clk_out2_clk_wiz_0 rise@0.000ns)
  Data Path Delay:        0.258ns  (logic 0.141ns (54.725%)  route 0.117ns (45.275%))
  Logic Levels:           0  
  Clock Path Skew:        0.037ns (DCD - SCD - CPR)
    Destination Clock Delay (DCD):    -0.792ns
    Source Clock Delay      (SCD):    -0.555ns
    Clock Pessimism Removal (CPR):    -0.274ns

    Location             Delay type                Incr(ns)  Path(ns)    Netlist Resource(s)
  -------------------------------------------------------------------    -------------------
                         (clock clk_out2_clk_wiz_0 rise edge)
                                                      0.000     0.000 r  
    R4                                                0.000     0.000 r  sys_clk (IN)
                         net (fo=0)                   0.000     0.000    u_clock_and_reset/clk_wiz_0/inst/clk_in1
    R4                   IBUF (Prop_ibuf_I_O)         0.269     0.269 r  u_clock_and_reset/clk_wiz_0/inst/clkin1_ibufg/O
                         net (fo=1, routed)           0.440     0.709    u_clock_and_reset/clk_wiz_0/inst/clk_in1_clk_wiz_0
    MMCME2_ADV_X1Y0      MMCME2_ADV (Prop_mmcme2_adv_CLKIN1_CLKOUT1)
                                                     -2.360    -1.651 r  u_clock_and_reset/clk_wiz_0/inst/mmcm_adv_inst/CLKOUT1
                         net (fo=1, routed)           0.486    -1.165    u_clock_and_reset/clk_wiz_0/inst/clk_out2_clk_wiz_0
    BUFGCTRL_X0Y0        BUFG (Prop_bufg_I_O)         0.026    -1.139 r  u_clock_and_reset/clk_wiz_0/inst/clkout2_buf/O
                         net (fo=3809, routed)        0.584    -0.555    u_udp_protocol_stack/u0/mac_send/clk_out2
    SLICE_X5Y29          FDRE                                         r  u_udp_protocol_stack/u0/mac_send/frame_din_reg[38]/C
  -------------------------------------------------------------------    -------------------
    SLICE_X5Y29          FDRE (Prop_fdre_C_Q)         0.141    -0.414 r  u_udp_protocol_stack/u0/mac_send/frame_din_reg[38]/Q
                         net (fo=1, routed)           0.117    -0.298    u_udp_protocol_stack/u0/mac_send/frame_fifo/U0/inst_fifo_gen/gconvfifo.rf/grf.rf/gntv_or_sync_fifo.mem/gdm.dm_gen.dm/RAM_reg_0_15_36_41/DIB0
    SLICE_X2Y29          RAMD32                                       r  u_udp_protocol_stack/u0/mac_send/frame_fifo/U0/inst_fifo_gen/gconvfifo.rf/grf.rf/gntv_or_sync_fifo.mem/gdm.dm_gen.dm/RAM_reg_0_15_36_41/RAMB/I
  -------------------------------------------------------------------    -------------------

                         (clock clk_out2_clk_wiz_0 rise edge)
                                                      0.000     0.000 r  
    R4                                                0.000     0.000 r  sys_clk (IN)
                         net (fo=0)                   0.000     0.000    u_clock_and_reset/clk_wiz_0/inst/clk_in1
    R4                   IBUF (Prop_ibuf_I_O)         0.457     0.457 r  u_clock_and_reset/clk_wiz_0/inst/clkin1_ibufg/O
                         net (fo=1, routed)           0.480     0.937    u_clock_and_reset/clk_wiz_0/inst/clk_in1_clk_wiz_0
    MMCME2_ADV_X1Y0      MMCME2_ADV (Prop_mmcme2_adv_CLKIN1_CLKOUT1)
                                                     -3.142    -2.205 r  u_clock_and_reset/clk_wiz_0/inst/mmcm_adv_inst/CLKOUT1
                         net (fo=1, routed)           0.530    -1.676    u_clock_and_reset/clk_wiz_0/inst/clk_out2_clk_wiz_0
    BUFGCTRL_X0Y0        BUFG (Prop_bufg_I_O)         0.029    -1.647 r  u_clock_and_reset/clk_wiz_0/inst/clkout2_buf/O
                         net (fo=3809, routed)        0.855    -0.792    u_udp_protocol_stack/u0/mac_send/frame_fifo/U0/inst_fifo_gen/gconvfifo.rf/grf.rf/gntv_or_sync_fifo.mem/gdm.dm_gen.dm/RAM_reg_0_15_36_41/WCLK
    SLICE_X2Y29          RAMD32                                       r  u_udp_protocol_stack/u0/mac_send/frame_fifo/U0/inst_fifo_gen/gconvfifo.rf/grf.rf/gntv_or_sync_fifo.mem/gdm.dm_gen.dm/RAM_reg_0_15_36_41/RAMB/CLK
                         clock pessimism              0.274    -0.518    
    SLICE_X2Y29          RAMD32 (Hold_ramd32_CLK_I)
                                                      0.146    -0.372    u_udp_protocol_stack/u0/mac_send/frame_fifo/U0/inst_fifo_gen/gconvfifo.rf/grf.rf/gntv_or_sync_fifo.mem/gdm.dm_gen.dm/RAM_reg_0_15_36_41/RAMB
  -------------------------------------------------------------------
                         required time                          0.372    
                         arrival time                          -0.298    
  -------------------------------------------------------------------
                         slack                                  0.075    





Pulse Width Checks
--------------------------------------------------------------------------------------
Clock Name:         clk_out2_clk_wiz_0
Waveform(ns):       { 0.000 4.000 }
Period(ns):         8.000
Sources:            { u_clock_and_reset/clk_wiz_0/inst/mmcm_adv_inst/CLKOUT1 }

Check Type        Corner  Lib Pin             Reference Pin  Required(ns)  Actual(ns)  Slack(ns)  Location         Pin
Min Period        n/a     RAMB18E1/CLKARDCLK  n/a            2.170         8.000       5.830      RAMB18_X1Y8      u_udp_protocol_stack/u1/ch0_data_fifo/U0/inst_fifo_gen/gconvfifo.rf/grf.rf/gntv_or_sync_fifo.mem/gbm.gbmg.gbmga.ngecc.bmg/inst_blk_mem_gen/gnbram.gnativebmg.native_blk_mem_gen/valid.cstr/ramloop[0].ram.r/prim_noinit.ram/DEVICE_7SERIES.NO_BMM_INFO.SDP.SIMPLE_PRIM18.ram/CLKARDCLK
Max Period        n/a     MMCME2_ADV/CLKOUT1  n/a            213.360       8.000       205.360    MMCME2_ADV_X1Y0  u_clock_and_reset/clk_wiz_0/inst/mmcm_adv_inst/CLKOUT1
Low Pulse Width   Fast    RAMS32/CLK          n/a            1.130         4.000       2.870      SLICE_X34Y33     u_udp_protocol_stack/u3/arp_receive/arp_rx_fifo/U0/inst_fifo_gen/gconvfifo.rf/grf.rf/gntv_or_sync_fifo.mem/gdm.dm_gen.dm/RAM_reg_0_15_18_23/RAMD/CLK
High Pulse Width  Fast    RAMS32/CLK          n/a            1.130         4.000       2.870      SLICE_X34Y33     u_udp_protocol_stack/u3/arp_receive/arp_rx_fifo/U0/inst_fifo_gen/gconvfifo.rf/grf.rf/gntv_or_sync_fifo.mem/gdm.dm_gen.dm/RAM_reg_0_15_18_23/RAMD/CLK



---------------------------------------------------------------------------------------------------
From Clock:  clkfbout_clk_wiz_0
  To Clock:  clkfbout_clk_wiz_0

Setup :           NA  Failing Endpoints,  Worst Slack           NA  ,  Total Violation           NA
Hold  :           NA  Failing Endpoints,  Worst Slack           NA  ,  Total Violation           NA
PW    :            0  Failing Endpoints,  Worst Slack       18.408ns,  Total Violation        0.000ns
---------------------------------------------------------------------------------------------------


Pulse Width Checks
--------------------------------------------------------------------------------------
Clock Name:         clkfbout_clk_wiz_0
Waveform(ns):       { 0.000 10.000 }
Period(ns):         20.000
Sources:            { u_clock_and_reset/clk_wiz_0/inst/mmcm_adv_inst/CLKFBOUT }

Check Type  Corner  Lib Pin             Reference Pin  Required(ns)  Actual(ns)  Slack(ns)  Location         Pin
Min Period  n/a     BUFG/I              n/a            1.592         20.000      18.408     BUFGCTRL_X0Y3    u_clock_and_reset/clk_wiz_0/inst/clkf_buf/I
Max Period  n/a     MMCME2_ADV/CLKFBIN  n/a            100.000       20.000      80.000     MMCME2_ADV_X1Y0  u_clock_and_reset/clk_wiz_0/inst/mmcm_adv_inst/CLKFBIN



---------------------------------------------------------------------------------------------------
From Clock:  clk_out2_clk_wiz_0
  To Clock:  eth_rxc

Setup :            0  Failing Endpoints,  Worst Slack        6.921ns,  Total Violation        0.000ns
Hold  :           NA  Failing Endpoints,  Worst Slack           NA  ,  Total Violation           NA
---------------------------------------------------------------------------------------------------


Max Delay Paths
--------------------------------------------------------------------------------------
Slack (MET) :             6.921ns  (required time - arrival time)
  Source:                 u_udp_protocol_stack/u0/mac_receive/data_fifo/U0/inst_fifo_gen/gconvfifo.rf/grf.rf/gntv_or_sync_fifo.gcx.clkx/rd_pntr_cdc_inst/src_gray_ff_reg[7]/C
                            (rising edge-triggered cell FDRE clocked by clk_out2_clk_wiz_0  {rise@0.000ns fall@4.000ns period=8.000ns})
  Destination:            u_udp_protocol_stack/u0/mac_receive/data_fifo/U0/inst_fifo_gen/gconvfifo.rf/grf.rf/gntv_or_sync_fifo.gcx.clkx/rd_pntr_cdc_inst/dest_graysync_ff_reg[0][7]/D
                            (rising edge-triggered cell FDRE clocked by eth_rxc  {rise@0.000ns fall@4.000ns period=8.000ns})
  Path Group:             eth_rxc
  Path Type:              Setup (Max at Slow Process Corner)
  Requirement:            8.000ns  (MaxDelay Path 8.000ns)
  Data Path Delay:        0.876ns  (logic 0.398ns (45.453%)  route 0.478ns (54.547%))
  Logic Levels:           0  
  Timing Exception:       MaxDelay Path 8.000ns -datapath_only

    Location             Delay type                Incr(ns)  Path(ns)    Netlist Resource(s)
  -------------------------------------------------------------------    -------------------
    SLICE_X6Y40                                       0.000     0.000 r  u_udp_protocol_stack/u0/mac_receive/data_fifo/U0/inst_fifo_gen/gconvfifo.rf/grf.rf/gntv_or_sync_fifo.gcx.clkx/rd_pntr_cdc_inst/src_gray_ff_reg[7]/C
    SLICE_X6Y40          FDRE (Prop_fdre_C_Q)         0.398     0.398 r  u_udp_protocol_stack/u0/mac_receive/data_fifo/U0/inst_fifo_gen/gconvfifo.rf/grf.rf/gntv_or_sync_fifo.gcx.clkx/rd_pntr_cdc_inst/src_gray_ff_reg[7]/Q
                         net (fo=1, routed)           0.478     0.876    u_udp_protocol_stack/u0/mac_receive/data_fifo/U0/inst_fifo_gen/gconvfifo.rf/grf.rf/gntv_or_sync_fifo.gcx.clkx/rd_pntr_cdc_inst/async_path[7]
    SLICE_X5Y40          FDRE                                         r  u_udp_protocol_stack/u0/mac_receive/data_fifo/U0/inst_fifo_gen/gconvfifo.rf/grf.rf/gntv_or_sync_fifo.gcx.clkx/rd_pntr_cdc_inst/dest_graysync_ff_reg[0][7]/D
  -------------------------------------------------------------------    -------------------

                         max delay                    8.000     8.000    
    SLICE_X5Y40          FDRE (Setup_fdre_C_D)       -0.203     7.797    u_udp_protocol_stack/u0/mac_receive/data_fifo/U0/inst_fifo_gen/gconvfifo.rf/grf.rf/gntv_or_sync_fifo.gcx.clkx/rd_pntr_cdc_inst/dest_graysync_ff_reg[0][7]
  -------------------------------------------------------------------
                         required time                          7.797    
                         arrival time                          -0.876    
  -------------------------------------------------------------------
                         slack                                  6.921    





---------------------------------------------------------------------------------------------------
From Clock:  eth_rxc
  To Clock:  clk_out2_clk_wiz_0

Setup :            0  Failing Endpoints,  Worst Slack        6.885ns,  Total Violation        0.000ns
Hold  :           NA  Failing Endpoints,  Worst Slack           NA  ,  Total Violation           NA
---------------------------------------------------------------------------------------------------


Max Delay Paths
--------------------------------------------------------------------------------------
Slack (MET) :             6.885ns  (required time - arrival time)
  Source:                 u_udp_protocol_stack/u0/mac_receive/data_fifo/U0/inst_fifo_gen/gconvfifo.rf/grf.rf/gntv_or_sync_fifo.gcx.clkx/wr_pntr_cdc_inst/src_gray_ff_reg[3]/C
                            (rising edge-triggered cell FDRE clocked by eth_rxc  {rise@0.000ns fall@4.000ns period=8.000ns})
  Destination:            u_udp_protocol_stack/u0/mac_receive/data_fifo/U0/inst_fifo_gen/gconvfifo.rf/grf.rf/gntv_or_sync_fifo.gcx.clkx/wr_pntr_cdc_inst/dest_graysync_ff_reg[0][3]/D
                            (rising edge-triggered cell FDRE clocked by clk_out2_clk_wiz_0  {rise@0.000ns fall@4.000ns period=8.000ns})
  Path Group:             clk_out2_clk_wiz_0
  Path Type:              Setup (Max at Slow Process Corner)
  Requirement:            8.000ns  (MaxDelay Path 8.000ns)
  Data Path Delay:        0.950ns  (logic 0.348ns (36.625%)  route 0.602ns (63.375%))
  Logic Levels:           0  
  Timing Exception:       MaxDelay Path 8.000ns -datapath_only

    Location             Delay type                Incr(ns)  Path(ns)    Netlist Resource(s)
  -------------------------------------------------------------------    -------------------
    SLICE_X7Y39                                       0.000     0.000 r  u_udp_protocol_stack/u0/mac_receive/data_fifo/U0/inst_fifo_gen/gconvfifo.rf/grf.rf/gntv_or_sync_fifo.gcx.clkx/wr_pntr_cdc_inst/src_gray_ff_reg[3]/C
    SLICE_X7Y39          FDRE (Prop_fdre_C_Q)         0.348     0.348 r  u_udp_protocol_stack/u0/mac_receive/data_fifo/U0/inst_fifo_gen/gconvfifo.rf/grf.rf/gntv_or_sync_fifo.gcx.clkx/wr_pntr_cdc_inst/src_gray_ff_reg[3]/Q
                         net (fo=1, routed)           0.602     0.950    u_udp_protocol_stack/u0/mac_receive/data_fifo/U0/inst_fifo_gen/gconvfifo.rf/grf.rf/gntv_or_sync_fifo.gcx.clkx/wr_pntr_cdc_inst/async_path[3]
    SLICE_X8Y37          FDRE                                         r  u_udp_protocol_stack/u0/mac_receive/data_fifo/U0/inst_fifo_gen/gconvfifo.rf/grf.rf/gntv_or_sync_fifo.gcx.clkx/wr_pntr_cdc_inst/dest_graysync_ff_reg[0][3]/D
  -------------------------------------------------------------------    -------------------

                         max delay                    8.000     8.000    
    SLICE_X8Y37          FDRE (Setup_fdre_C_D)       -0.165     7.835    u_udp_protocol_stack/u0/mac_receive/data_fifo/U0/inst_fifo_gen/gconvfifo.rf/grf.rf/gntv_or_sync_fifo.gcx.clkx/wr_pntr_cdc_inst/dest_graysync_ff_reg[0][3]
  -------------------------------------------------------------------
                         required time                          7.835    
                         arrival time                          -0.950    
  -------------------------------------------------------------------
                         slack                                  6.885    





---------------------------------------------------------------------------------------------------
Path Group:  **async_default**
From Clock:  clk_out2_clk_wiz_0
  To Clock:  clk_out2_clk_wiz_0

Setup :            0  Failing Endpoints,  Worst Slack        2.105ns,  Total Violation        0.000ns
Hold  :            0  Failing Endpoints,  Worst Slack        0.404ns,  Total Violation        0.000ns
---------------------------------------------------------------------------------------------------


Max Delay Paths
--------------------------------------------------------------------------------------
Slack (MET) :             2.105ns  (required time - arrival time)
  Source:                 u_clock_and_reset/reset_reg/C
                            (rising edge-triggered cell FDPE clocked by clk_out2_clk_wiz_0  {rise@0.000ns fall@4.000ns period=8.000ns})
  Destination:            u_udp_protocol_stack/phy_tx_reset_d0_reg/PRE
                            (recovery check against rising-edge clock clk_out2_clk_wiz_0  {rise@0.000ns fall@4.000ns period=8.000ns})
  Path Group:             **async_default**
  Path Type:              Recovery (Max at Slow Process Corner)
  Requirement:            8.000ns  (clk_out2_clk_wiz_0 rise@8.000ns - clk_out2_clk_wiz_0 rise@0.000ns)
  Data Path Delay:        5.388ns  (logic 0.484ns (8.983%)  route 4.904ns (91.017%))
  Logic Levels:           1  (LUT2=1)
  Clock Path Skew:        -0.116ns (DCD - SCD + CPR)
    Destination Clock Delay (DCD):    -1.007ns = ( 6.993 - 8.000 ) 
    Source Clock Delay      (SCD):    -0.549ns
    Clock Pessimism Removal (CPR):    0.342ns
  Clock Uncertainty:      0.099ns  ((TSJ^2 + DJ^2)^1/2) / 2 + PE
    Total System Jitter     (TSJ):    0.071ns
    Discrete Jitter          (DJ):    0.184ns
    Phase Error              (PE):    0.000ns

    Location             Delay type                Incr(ns)  Path(ns)    Netlist Resource(s)
  -------------------------------------------------------------------    -------------------
                         (clock clk_out2_clk_wiz_0 rise edge)
                                                      0.000     0.000 r  
    R4                                                0.000     0.000 r  sys_clk (IN)
                         net (fo=0)                   0.000     0.000    u_clock_and_reset/clk_wiz_0/inst/clk_in1
    R4                   IBUF (Prop_ibuf_I_O)         1.432     1.432 r  u_clock_and_reset/clk_wiz_0/inst/clkin1_ibufg/O
                         net (fo=1, routed)           1.065     2.497    u_clock_and_reset/clk_wiz_0/inst/clk_in1_clk_wiz_0
    MMCME2_ADV_X1Y0      MMCME2_ADV (Prop_mmcme2_adv_CLKIN1_CLKOUT1)
                                                     -5.921    -3.424 r  u_clock_and_reset/clk_wiz_0/inst/mmcm_adv_inst/CLKOUT1
                         net (fo=1, routed)           1.421    -2.004    u_clock_and_reset/clk_wiz_0/inst/clk_out2_clk_wiz_0
    BUFGCTRL_X0Y0        BUFG (Prop_bufg_I_O)         0.081    -1.923 r  u_clock_and_reset/clk_wiz_0/inst/clkout2_buf/O
                         net (fo=3809, routed)        1.374    -0.549    u_clock_and_reset/clk_out2
    SLICE_X48Y49         FDPE                                         r  u_clock_and_reset/reset_reg/C
  -------------------------------------------------------------------    -------------------
    SLICE_X48Y49         FDPE (Prop_fdpe_C_Q)         0.379    -0.170 f  u_clock_and_reset/reset_reg/Q
                         net (fo=1, routed)           0.907     0.737    u_clock_and_reset/clock_reset
    SLICE_X48Y49         LUT2 (Prop_lut2_I0_O)        0.105     0.842 f  u_clock_and_reset/phy_rx_reset_timer[12]_i_3/O
                         net (fo=184, routed)         3.997     4.839    u_udp_protocol_stack/reset
    SLICE_X8Y20          FDPE                                         f  u_udp_protocol_stack/phy_tx_reset_d0_reg/PRE
  -------------------------------------------------------------------    -------------------

                         (clock clk_out2_clk_wiz_0 rise edge)
                                                      8.000     8.000 r  
    R4                                                0.000     8.000 r  sys_clk (IN)
                         net (fo=0)                   0.000     8.000    u_clock_and_reset/clk_wiz_0/inst/clk_in1
    R4                   IBUF (Prop_ibuf_I_O)         1.366     9.366 r  u_clock_and_reset/clk_wiz_0/inst/clkin1_ibufg/O
                         net (fo=1, routed)           1.004    10.369    u_clock_and_reset/clk_wiz_0/inst/clk_in1_clk_wiz_0
    MMCME2_ADV_X1Y0      MMCME2_ADV (Prop_mmcme2_adv_CLKIN1_CLKOUT1)
                                                     -6.057     4.312 r  u_clock_and_reset/clk_wiz_0/inst/mmcm_adv_inst/CLKOUT1
                         net (fo=1, routed)           1.352     5.665    u_clock_and_reset/clk_wiz_0/inst/clk_out2_clk_wiz_0
    BUFGCTRL_X0Y0        BUFG (Prop_bufg_I_O)         0.077     5.742 r  u_clock_and_reset/clk_wiz_0/inst/clkout2_buf/O
                         net (fo=3809, routed)        1.252     6.993    u_udp_protocol_stack/clk_out2
    SLICE_X8Y20          FDPE                                         r  u_udp_protocol_stack/phy_tx_reset_d0_reg/C
                         clock pessimism              0.342     7.335    
                         clock uncertainty           -0.099     7.236    
    SLICE_X8Y20          FDPE (Recov_fdpe_C_PRE)     -0.292     6.944    u_udp_protocol_stack/phy_tx_reset_d0_reg
  -------------------------------------------------------------------
                         required time                          6.944    
                         arrival time                          -4.839    
  -------------------------------------------------------------------
                         slack                                  2.105    





Min Delay Paths
--------------------------------------------------------------------------------------
Slack (MET) :             0.404ns  (arrival time - required time)
  Source:                 u_udp_protocol_stack/u6/icmp_receive/icmp_rx_fifo/U0/inst_fifo_gen/gconvfifo.rf/grf.rf/rstblk/ngwrdrst.grst.g7serrst.gnsckt_wrst.gic_rst.sckt_rd_rst_ic_reg/C
                            (rising edge-triggered cell FDPE clocked by clk_out2_clk_wiz_0  {rise@0.000ns fall@4.000ns period=8.000ns})
  Destination:            u_udp_protocol_stack/u6/icmp_receive/icmp_rx_fifo/U0/inst_fifo_gen/gconvfifo.rf/grf.rf/gntv_or_sync_fifo.mem/goreg_dm.dout_i_reg[2]/CLR
                            (removal check against rising-edge clock clk_out2_clk_wiz_0  {rise@0.000ns fall@4.000ns period=8.000ns})
  Path Group:             **async_default**
  Path Type:              Removal (Min at Fast Process Corner)
  Requirement:            0.000ns  (clk_out2_clk_wiz_0 rise@0.000ns - clk_out2_clk_wiz_0 rise@0.000ns)
  Data Path Delay:        0.345ns  (logic 0.141ns (40.858%)  route 0.204ns (59.142%))
  Logic Levels:           0  
  Clock Path Skew:        0.033ns (DCD - SCD - CPR)
    Destination Clock Delay (DCD):    -0.821ns
    Source Clock Delay      (SCD):    -0.580ns
    Clock Pessimism Removal (CPR):    -0.274ns

    Location             Delay type                Incr(ns)  Path(ns)    Netlist Resource(s)
  -------------------------------------------------------------------    -------------------
                         (clock clk_out2_clk_wiz_0 rise edge)
                                                      0.000     0.000 r  
    R4                                                0.000     0.000 r  sys_clk (IN)
                         net (fo=0)                   0.000     0.000    u_clock_and_reset/clk_wiz_0/inst/clk_in1
    R4                   IBUF (Prop_ibuf_I_O)         0.269     0.269 r  u_clock_and_reset/clk_wiz_0/inst/clkin1_ibufg/O
                         net (fo=1, routed)           0.440     0.709    u_clock_and_reset/clk_wiz_0/inst/clk_in1_clk_wiz_0
    MMCME2_ADV_X1Y0      MMCME2_ADV (Prop_mmcme2_adv_CLKIN1_CLKOUT1)
                                                     -2.360    -1.651 r  u_clock_and_reset/clk_wiz_0/inst/mmcm_adv_inst/CLKOUT1
                         net (fo=1, routed)           0.486    -1.165    u_clock_and_reset/clk_wiz_0/inst/clk_out2_clk_wiz_0
    BUFGCTRL_X0Y0        BUFG (Prop_bufg_I_O)         0.026    -1.139 r  u_clock_and_reset/clk_wiz_0/inst/clkout2_buf/O
                         net (fo=3809, routed)        0.559    -0.580    u_udp_protocol_stack/u6/icmp_receive/icmp_rx_fifo/U0/inst_fifo_gen/gconvfifo.rf/grf.rf/rstblk/rd_clk
    SLICE_X44Y33         FDPE                                         r  u_udp_protocol_stack/u6/icmp_receive/icmp_rx_fifo/U0/inst_fifo_gen/gconvfifo.rf/grf.rf/rstblk/ngwrdrst.grst.g7serrst.gnsckt_wrst.gic_rst.sckt_rd_rst_ic_reg/C
  -------------------------------------------------------------------    -------------------
    SLICE_X44Y33         FDPE (Prop_fdpe_C_Q)         0.141    -0.439 f  u_udp_protocol_stack/u6/icmp_receive/icmp_rx_fifo/U0/inst_fifo_gen/gconvfifo.rf/grf.rf/rstblk/ngwrdrst.grst.g7serrst.gnsckt_wrst.gic_rst.sckt_rd_rst_ic_reg/Q
                         net (fo=84, routed)          0.204    -0.235    u_udp_protocol_stack/u6/icmp_receive/icmp_rx_fifo/U0/inst_fifo_gen/gconvfifo.rf/grf.rf/gntv_or_sync_fifo.mem/AR[0]
    SLICE_X43Y33         FDCE                                         f  u_udp_protocol_stack/u6/icmp_receive/icmp_rx_fifo/U0/inst_fifo_gen/gconvfifo.rf/grf.rf/gntv_or_sync_fifo.mem/goreg_dm.dout_i_reg[2]/CLR
  -------------------------------------------------------------------    -------------------

                         (clock clk_out2_clk_wiz_0 rise edge)
                                                      0.000     0.000 r  
    R4                                                0.000     0.000 r  sys_clk (IN)
                         net (fo=0)                   0.000     0.000    u_clock_and_reset/clk_wiz_0/inst/clk_in1
    R4                   IBUF (Prop_ibuf_I_O)         0.457     0.457 r  u_clock_and_reset/clk_wiz_0/inst/clkin1_ibufg/O
                         net (fo=1, routed)           0.480     0.937    u_clock_and_reset/clk_wiz_0/inst/clk_in1_clk_wiz_0
    MMCME2_ADV_X1Y0      MMCME2_ADV (Prop_mmcme2_adv_CLKIN1_CLKOUT1)
                                                     -3.142    -2.205 r  u_clock_and_reset/clk_wiz_0/inst/mmcm_adv_inst/CLKOUT1
                         net (fo=1, routed)           0.530    -1.676    u_clock_and_reset/clk_wiz_0/inst/clk_out2_clk_wiz_0
    BUFGCTRL_X0Y0        BUFG (Prop_bufg_I_O)         0.029    -1.647 r  u_clock_and_reset/clk_wiz_0/inst/clkout2_buf/O
                         net (fo=3809, routed)        0.826    -0.821    u_udp_protocol_stack/u6/icmp_receive/icmp_rx_fifo/U0/inst_fifo_gen/gconvfifo.rf/grf.rf/gntv_or_sync_fifo.mem/rd_clk
    SLICE_X43Y33         FDCE                                         r  u_udp_protocol_stack/u6/icmp_receive/icmp_rx_fifo/U0/inst_fifo_gen/gconvfifo.rf/grf.rf/gntv_or_sync_fifo.mem/goreg_dm.dout_i_reg[2]/C
                         clock pessimism              0.274    -0.547    
    SLICE_X43Y33         FDCE (Remov_fdce_C_CLR)     -0.092    -0.639    u_udp_protocol_stack/u6/icmp_receive/icmp_rx_fifo/U0/inst_fifo_gen/gconvfifo.rf/grf.rf/gntv_or_sync_fifo.mem/goreg_dm.dout_i_reg[2]
  -------------------------------------------------------------------
                         required time                          0.639    
                         arrival time                          -0.235    
  -------------------------------------------------------------------
                         slack                                  0.404    





---------------------------------------------------------------------------------------------------
Path Group:  **async_default**
From Clock:  clk_out2_clk_wiz_0
  To Clock:  eth_rxc

Setup :            0  Failing Endpoints,  Worst Slack        4.806ns,  Total Violation        0.000ns
Hold  :            0  Failing Endpoints,  Worst Slack        0.259ns,  Total Violation        0.000ns
---------------------------------------------------------------------------------------------------


Max Delay Paths
--------------------------------------------------------------------------------------
Slack (MET) :             4.806ns  (required time - arrival time)
  Source:                 u_clock_and_reset/reset_reg/C
                            (rising edge-triggered cell FDPE clocked by clk_out2_clk_wiz_0  {rise@0.000ns fall@4.000ns period=8.000ns})
  Destination:            u_udp_protocol_stack/phy_rx_reset_timer_reg[0]/CLR
                            (recovery check against rising-edge clock eth_rxc  {rise@0.000ns fall@4.000ns period=8.000ns})
  Path Group:             **async_default**
  Path Type:              Recovery (Max at Slow Process Corner)
  Requirement:            8.000ns  (eth_rxc rise@8.000ns - clk_out2_clk_wiz_0 rise@0.000ns)
  Data Path Delay:        7.475ns  (logic 0.484ns (6.475%)  route 6.991ns (93.525%))
  Logic Levels:           1  (LUT2=1)
  Clock Path Skew:        4.849ns (DCD - SCD + CPR)
    Destination Clock Delay (DCD):    4.300ns = ( 12.300 - 8.000 ) 
    Source Clock Delay      (SCD):    -0.549ns
    Clock Pessimism Removal (CPR):    0.000ns
  Clock Uncertainty:      0.238ns  ((TSJ^2 + DJ^2)^1/2) / 2 + PE
    Total System Jitter     (TSJ):    0.071ns
    Discrete Jitter          (DJ):    0.184ns
    Phase Error              (PE):    0.139ns
  Clock Domain Crossing:  Inter clock paths are considered valid unless explicitly excluded by timing constraints such as set_clock_groups or set_false_path.

    Location             Delay type                Incr(ns)  Path(ns)    Netlist Resource(s)
  -------------------------------------------------------------------    -------------------
                         (clock clk_out2_clk_wiz_0 rise edge)
                                                      0.000     0.000 r  
    R4                                                0.000     0.000 r  sys_clk (IN)
                         net (fo=0)                   0.000     0.000    u_clock_and_reset/clk_wiz_0/inst/clk_in1
    R4                   IBUF (Prop_ibuf_I_O)         1.432     1.432 r  u_clock_and_reset/clk_wiz_0/inst/clkin1_ibufg/O
                         net (fo=1, routed)           1.065     2.497    u_clock_and_reset/clk_wiz_0/inst/clk_in1_clk_wiz_0
    MMCME2_ADV_X1Y0      MMCME2_ADV (Prop_mmcme2_adv_CLKIN1_CLKOUT1)
                                                     -5.921    -3.424 r  u_clock_and_reset/clk_wiz_0/inst/mmcm_adv_inst/CLKOUT1
                         net (fo=1, routed)           1.421    -2.004    u_clock_and_reset/clk_wiz_0/inst/clk_out2_clk_wiz_0
    BUFGCTRL_X0Y0        BUFG (Prop_bufg_I_O)         0.081    -1.923 r  u_clock_and_reset/clk_wiz_0/inst/clkout2_buf/O
                         net (fo=3809, routed)        1.374    -0.549    u_clock_and_reset/clk_out2
    SLICE_X48Y49         FDPE                                         r  u_clock_and_reset/reset_reg/C
  -------------------------------------------------------------------    -------------------
    SLICE_X48Y49         FDPE (Prop_fdpe_C_Q)         0.379    -0.170 f  u_clock_and_reset/reset_reg/Q
                         net (fo=1, routed)           0.907     0.737    u_clock_and_reset/clock_reset
    SLICE_X48Y49         LUT2 (Prop_lut2_I0_O)        0.105     0.842 f  u_clock_and_reset/phy_rx_reset_timer[12]_i_3/O
                         net (fo=184, routed)         6.084     6.926    u_udp_protocol_stack/reset
    SLICE_X13Y46         FDCE                                         f  u_udp_protocol_stack/phy_rx_reset_timer_reg[0]/CLR
  -------------------------------------------------------------------    -------------------

                         (clock eth_rxc rise edge)    8.000     8.000 r  
    W19                                               0.000     8.000 r  eth_rxc (IN)
                         net (fo=0)                   0.000     8.000    u_rgmii_interface/u0/eth_rxc
    W19                  IBUF (Prop_ibuf_I_O)         1.357     9.357 r  u_rgmii_interface/u0/rgmii_clk_ibuf/O
                         net (fo=2, routed)           1.604    10.962    u_rgmii_interface/u0/phy_rgmii_rx_clk_ibuf
    BUFGCTRL_X0Y2        BUFG (Prop_bufg_I_O)         0.077    11.039 r  u_rgmii_interface/u0/BUFG_rx_clk/O
                         net (fo=443, routed)         1.262    12.300    u_udp_protocol_stack/phy_rx_clk
    SLICE_X13Y46         FDCE                                         r  u_udp_protocol_stack/phy_rx_reset_timer_reg[0]/C
                         clock pessimism              0.000    12.300    
                         clock uncertainty           -0.238    12.063    
    SLICE_X13Y46         FDCE (Recov_fdce_C_CLR)     -0.331    11.732    u_udp_protocol_stack/phy_rx_reset_timer_reg[0]
  -------------------------------------------------------------------
                         required time                         11.732    
                         arrival time                          -6.926    
  -------------------------------------------------------------------
                         slack                                  4.806    





Min Delay Paths
--------------------------------------------------------------------------------------
Slack (MET) :             0.259ns  (arrival time - required time)
  Source:                 u_clock_and_reset/reset_reg/C
                            (rising edge-triggered cell FDPE clocked by clk_out2_clk_wiz_0  {rise@0.000ns fall@4.000ns period=8.000ns})
  Destination:            u_udp_protocol_stack/phy_rx_reset_d1_reg/PRE
                            (removal check against rising-edge clock eth_rxc  {rise@0.000ns fall@4.000ns period=8.000ns})
  Path Group:             **async_default**
  Path Type:              Removal (Min at Slow Process Corner)
  Requirement:            0.000ns  (eth_rxc rise@0.000ns - clk_out2_clk_wiz_0 rise@0.000ns)
  Data Path Delay:        5.915ns  (logic 0.388ns (6.560%)  route 5.527ns (93.440%))
  Logic Levels:           1  (LUT2=1)
  Clock Path Skew:        5.566ns (DCD - SCD - CPR)
    Destination Clock Delay (DCD):    4.570ns
    Source Clock Delay      (SCD):    -0.996ns
    Clock Pessimism Removal (CPR):    -0.000ns
  Clock Uncertainty:      0.238ns  ((TSJ^2 + DJ^2)^1/2) / 2 + PE
    Total System Jitter     (TSJ):    0.071ns
    Discrete Jitter          (DJ):    0.184ns
    Phase Error              (PE):    0.139ns
  Clock Domain Crossing:  Inter clock paths are considered valid unless explicitly excluded by timing constraints such as set_clock_groups or set_false_path.

    Location             Delay type                Incr(ns)  Path(ns)    Netlist Resource(s)
  -------------------------------------------------------------------    -------------------
                         (clock clk_out2_clk_wiz_0 rise edge)
                                                      0.000     0.000 r  
    R4                                                0.000     0.000 r  sys_clk (IN)
                         net (fo=0)                   0.000     0.000    u_clock_and_reset/clk_wiz_0/inst/clk_in1
    R4                   IBUF (Prop_ibuf_I_O)         1.366     1.366 r  u_clock_and_reset/clk_wiz_0/inst/clkin1_ibufg/O
                         net (fo=1, routed)           1.004     2.369    u_clock_and_reset/clk_wiz_0/inst/clk_in1_clk_wiz_0
    MMCME2_ADV_X1Y0      MMCME2_ADV (Prop_mmcme2_adv_CLKIN1_CLKOUT1)
                                                     -6.057    -3.688 r  u_clock_and_reset/clk_wiz_0/inst/mmcm_adv_inst/CLKOUT1
                         net (fo=1, routed)           1.352    -2.335    u_clock_and_reset/clk_wiz_0/inst/clk_out2_clk_wiz_0
    BUFGCTRL_X0Y0        BUFG (Prop_bufg_I_O)         0.077    -2.258 r  u_clock_and_reset/clk_wiz_0/inst/clkout2_buf/O
                         net (fo=3809, routed)        1.263    -0.996    u_clock_and_reset/clk_out2
    SLICE_X48Y49         FDPE                                         r  u_clock_and_reset/reset_reg/C
  -------------------------------------------------------------------    -------------------
    SLICE_X48Y49         FDPE (Prop_fdpe_C_Q)         0.304    -0.692 f  u_clock_and_reset/reset_reg/Q
                         net (fo=1, routed)           0.784     0.092    u_clock_and_reset/clock_reset
    SLICE_X48Y49         LUT2 (Prop_lut2_I0_O)        0.084     0.176 f  u_clock_and_reset/phy_rx_reset_timer[12]_i_3/O
                         net (fo=184, routed)         4.743     4.919    u_udp_protocol_stack/reset
    SLICE_X8Y48          FDPE                                         f  u_udp_protocol_stack/phy_rx_reset_d1_reg/PRE
  -------------------------------------------------------------------    -------------------

                         (clock eth_rxc rise edge)    0.000     0.000 r  
    W19                                               0.000     0.000 r  eth_rxc (IN)
                         net (fo=0)                   0.000     0.000    u_rgmii_interface/u0/eth_rxc
    W19                  IBUF (Prop_ibuf_I_O)         1.423     1.423 r  u_rgmii_interface/u0/rgmii_clk_ibuf/O
                         net (fo=2, routed)           1.693     3.116    u_rgmii_interface/u0/phy_rgmii_rx_clk_ibuf
    BUFGCTRL_X0Y2        BUFG (Prop_bufg_I_O)         0.081     3.197 r  u_rgmii_interface/u0/BUFG_rx_clk/O
                         net (fo=443, routed)         1.373     4.570    u_udp_protocol_stack/phy_rx_clk
    SLICE_X8Y48          FDPE                                         r  u_udp_protocol_stack/phy_rx_reset_d1_reg/C
                         clock pessimism              0.000     4.570    
                         clock uncertainty            0.238     4.808    
    SLICE_X8Y48          FDPE (Remov_fdpe_C_PRE)     -0.148     4.660    u_udp_protocol_stack/phy_rx_reset_d1_reg
  -------------------------------------------------------------------
                         required time                         -4.660    
                         arrival time                           4.919    
  -------------------------------------------------------------------
                         slack                                  0.259    





---------------------------------------------------------------------------------------------------
Path Group:  **async_default**
From Clock:  eth_rxc
  To Clock:  eth_rxc

Setup :            0  Failing Endpoints,  Worst Slack        6.300ns,  Total Violation        0.000ns
Hold  :            0  Failing Endpoints,  Worst Slack        0.374ns,  Total Violation        0.000ns
---------------------------------------------------------------------------------------------------


Max Delay Paths
--------------------------------------------------------------------------------------
Slack (MET) :             6.300ns  (required time - arrival time)
  Source:                 u_udp_protocol_stack/u0/mac_receive/data_fifo/U0/inst_fifo_gen/gconvfifo.rf/grf.rf/rstblk/ngwrdrst.grst.g7serrst.gnsckt_wrst.gic_rst.sckt_wr_rst_ic_reg/C
                            (rising edge-triggered cell FDPE clocked by eth_rxc  {rise@0.000ns fall@4.000ns period=8.000ns})
  Destination:            u_udp_protocol_stack/u0/mac_receive/data_fifo/U0/inst_fifo_gen/gconvfifo.rf/grf.rf/gntv_or_sync_fifo.gl0.wr/wpntr/gic0.gc0.count_d1_reg[0]/PRE
                            (recovery check against rising-edge clock eth_rxc  {rise@0.000ns fall@4.000ns period=8.000ns})
  Path Group:             **async_default**
  Path Type:              Recovery (Max at Slow Process Corner)
  Requirement:            8.000ns  (eth_rxc rise@8.000ns - eth_rxc rise@0.000ns)
  Data Path Delay:        1.345ns  (logic 0.379ns (28.187%)  route 0.966ns (71.813%))
  Logic Levels:           0  
  Clock Path Skew:        -0.028ns (DCD - SCD + CPR)
    Destination Clock Delay (DCD):    4.367ns = ( 12.367 - 8.000 ) 
    Source Clock Delay      (SCD):    4.636ns
    Clock Pessimism Removal (CPR):    0.241ns
  Clock Uncertainty:      0.035ns  ((TSJ^2 + TIJ^2)^1/2 + DJ) / 2 + PE
    Total System Jitter     (TSJ):    0.071ns
    Total Input Jitter      (TIJ):    0.000ns
    Discrete Jitter          (DJ):    0.000ns
    Phase Error              (PE):    0.000ns

    Location             Delay type                Incr(ns)  Path(ns)    Netlist Resource(s)
  -------------------------------------------------------------------    -------------------
                         (clock eth_rxc rise edge)    0.000     0.000 r  
    W19                                               0.000     0.000 r  eth_rxc (IN)
                         net (fo=0)                   0.000     0.000    u_rgmii_interface/u0/eth_rxc
    W19                  IBUF (Prop_ibuf_I_O)         1.423     1.423 r  u_rgmii_interface/u0/rgmii_clk_ibuf/O
                         net (fo=2, routed)           1.693     3.116    u_rgmii_interface/u0/phy_rgmii_rx_clk_ibuf
    BUFGCTRL_X0Y2        BUFG (Prop_bufg_I_O)         0.081     3.197 r  u_rgmii_interface/u0/BUFG_rx_clk/O
                         net (fo=443, routed)         1.439     4.636    u_udp_protocol_stack/u0/mac_receive/data_fifo/U0/inst_fifo_gen/gconvfifo.rf/grf.rf/rstblk/wr_clk
    SLICE_X3Y42          FDPE                                         r  u_udp_protocol_stack/u0/mac_receive/data_fifo/U0/inst_fifo_gen/gconvfifo.rf/grf.rf/rstblk/ngwrdrst.grst.g7serrst.gnsckt_wrst.gic_rst.sckt_wr_rst_ic_reg/C
  -------------------------------------------------------------------    -------------------
    SLICE_X3Y42          FDPE (Prop_fdpe_C_Q)         0.379     5.015 f  u_udp_protocol_stack/u0/mac_receive/data_fifo/U0/inst_fifo_gen/gconvfifo.rf/grf.rf/rstblk/ngwrdrst.grst.g7serrst.gnsckt_wrst.gic_rst.sckt_wr_rst_ic_reg/Q
                         net (fo=39, routed)          0.966     5.981    u_udp_protocol_stack/u0/mac_receive/data_fifo/U0/inst_fifo_gen/gconvfifo.rf/grf.rf/gntv_or_sync_fifo.gl0.wr/wpntr/AR[0]
    SLICE_X2Y40          FDPE                                         f  u_udp_protocol_stack/u0/mac_receive/data_fifo/U0/inst_fifo_gen/gconvfifo.rf/grf.rf/gntv_or_sync_fifo.gl0.wr/wpntr/gic0.gc0.count_d1_reg[0]/PRE
  -------------------------------------------------------------------    -------------------

                         (clock eth_rxc rise edge)    8.000     8.000 r  
    W19                                               0.000     8.000 r  eth_rxc (IN)
                         net (fo=0)                   0.000     8.000    u_rgmii_interface/u0/eth_rxc
    W19                  IBUF (Prop_ibuf_I_O)         1.357     9.357 r  u_rgmii_interface/u0/rgmii_clk_ibuf/O
                         net (fo=2, routed)           1.604    10.962    u_rgmii_interface/u0/phy_rgmii_rx_clk_ibuf
    BUFGCTRL_X0Y2        BUFG (Prop_bufg_I_O)         0.077    11.039 r  u_rgmii_interface/u0/BUFG_rx_clk/O
                         net (fo=443, routed)         1.329    12.367    u_udp_protocol_stack/u0/mac_receive/data_fifo/U0/inst_fifo_gen/gconvfifo.rf/grf.rf/gntv_or_sync_fifo.gl0.wr/wpntr/wr_clk
    SLICE_X2Y40          FDPE                                         r  u_udp_protocol_stack/u0/mac_receive/data_fifo/U0/inst_fifo_gen/gconvfifo.rf/grf.rf/gntv_or_sync_fifo.gl0.wr/wpntr/gic0.gc0.count_d1_reg[0]/C
                         clock pessimism              0.241    12.608    
                         clock uncertainty           -0.035    12.573    
    SLICE_X2Y40          FDPE (Recov_fdpe_C_PRE)     -0.292    12.281    u_udp_protocol_stack/u0/mac_receive/data_fifo/U0/inst_fifo_gen/gconvfifo.rf/grf.rf/gntv_or_sync_fifo.gl0.wr/wpntr/gic0.gc0.count_d1_reg[0]
  -------------------------------------------------------------------
                         required time                         12.281    
                         arrival time                          -5.981    
  -------------------------------------------------------------------
                         slack                                  6.300    





Min Delay Paths
--------------------------------------------------------------------------------------
Slack (MET) :             0.374ns  (arrival time - required time)
  Source:                 u_udp_protocol_stack/u0/mac_receive/data_fifo/U0/inst_fifo_gen/gconvfifo.rf/grf.rf/rstblk/ngwrdrst.grst.g7serrst.gnsckt_wrst.gic_rst.sckt_wr_rst_ic_reg/C
                            (rising edge-triggered cell FDPE clocked by eth_rxc  {rise@0.000ns fall@4.000ns period=8.000ns})
  Destination:            u_udp_protocol_stack/u0/mac_receive/data_fifo/U0/inst_fifo_gen/gconvfifo.rf/grf.rf/gntv_or_sync_fifo.gl0.wr/wpntr/gic0.gc0.count_d2_reg[10]/CLR
                            (removal check against rising-edge clock eth_rxc  {rise@0.000ns fall@4.000ns period=8.000ns})
  Path Group:             **async_default**
  Path Type:              Removal (Min at Fast Process Corner)
  Requirement:            0.000ns  (eth_rxc rise@0.000ns - eth_rxc rise@0.000ns)
  Data Path Delay:        0.317ns  (logic 0.141ns (44.450%)  route 0.176ns (55.550%))
  Logic Levels:           0  
  Clock Path Skew:        0.035ns (DCD - SCD - CPR)
    Destination Clock Delay (DCD):    2.028ns
    Source Clock Delay      (SCD):    1.514ns
    Clock Pessimism Removal (CPR):    0.480ns

    Location             Delay type                Incr(ns)  Path(ns)    Netlist Resource(s)
  -------------------------------------------------------------------    -------------------
                         (clock eth_rxc rise edge)    0.000     0.000 r  
    W19                                               0.000     0.000 r  eth_rxc (IN)
                         net (fo=0)                   0.000     0.000    u_rgmii_interface/u0/eth_rxc
    W19                  IBUF (Prop_ibuf_I_O)         0.260     0.260 r  u_rgmii_interface/u0/rgmii_clk_ibuf/O
                         net (fo=2, routed)           0.634     0.894    u_rgmii_interface/u0/phy_rgmii_rx_clk_ibuf
    BUFGCTRL_X0Y2        BUFG (Prop_bufg_I_O)         0.026     0.920 r  u_rgmii_interface/u0/BUFG_rx_clk/O
                         net (fo=443, routed)         0.594     1.514    u_udp_protocol_stack/u0/mac_receive/data_fifo/U0/inst_fifo_gen/gconvfifo.rf/grf.rf/rstblk/wr_clk
    SLICE_X3Y42          FDPE                                         r  u_udp_protocol_stack/u0/mac_receive/data_fifo/U0/inst_fifo_gen/gconvfifo.rf/grf.rf/rstblk/ngwrdrst.grst.g7serrst.gnsckt_wrst.gic_rst.sckt_wr_rst_ic_reg/C
  -------------------------------------------------------------------    -------------------
    SLICE_X3Y42          FDPE (Prop_fdpe_C_Q)         0.141     1.655 f  u_udp_protocol_stack/u0/mac_receive/data_fifo/U0/inst_fifo_gen/gconvfifo.rf/grf.rf/rstblk/ngwrdrst.grst.g7serrst.gnsckt_wrst.gic_rst.sckt_wr_rst_ic_reg/Q
                         net (fo=39, routed)          0.176     1.831    u_udp_protocol_stack/u0/mac_receive/data_fifo/U0/inst_fifo_gen/gconvfifo.rf/grf.rf/gntv_or_sync_fifo.gl0.wr/wpntr/AR[0]
    SLICE_X5Y42          FDCE                                         f  u_udp_protocol_stack/u0/mac_receive/data_fifo/U0/inst_fifo_gen/gconvfifo.rf/grf.rf/gntv_or_sync_fifo.gl0.wr/wpntr/gic0.gc0.count_d2_reg[10]/CLR
  -------------------------------------------------------------------    -------------------

                         (clock eth_rxc rise edge)    0.000     0.000 r  
    W19                                               0.000     0.000 r  eth_rxc (IN)
                         net (fo=0)                   0.000     0.000    u_rgmii_interface/u0/eth_rxc
    W19                  IBUF (Prop_ibuf_I_O)         0.448     0.448 r  u_rgmii_interface/u0/rgmii_clk_ibuf/O
                         net (fo=2, routed)           0.689     1.137    u_rgmii_interface/u0/phy_rgmii_rx_clk_ibuf
    BUFGCTRL_X0Y2        BUFG (Prop_bufg_I_O)         0.029     1.166 r  u_rgmii_interface/u0/BUFG_rx_clk/O
                         net (fo=443, routed)         0.863     2.028    u_udp_protocol_stack/u0/mac_receive/data_fifo/U0/inst_fifo_gen/gconvfifo.rf/grf.rf/gntv_or_sync_fifo.gl0.wr/wpntr/wr_clk
    SLICE_X5Y42          FDCE                                         r  u_udp_protocol_stack/u0/mac_receive/data_fifo/U0/inst_fifo_gen/gconvfifo.rf/grf.rf/gntv_or_sync_fifo.gl0.wr/wpntr/gic0.gc0.count_d2_reg[10]/C
                         clock pessimism             -0.480     1.549    
    SLICE_X5Y42          FDCE (Remov_fdce_C_CLR)     -0.092     1.457    u_udp_protocol_stack/u0/mac_receive/data_fifo/U0/inst_fifo_gen/gconvfifo.rf/grf.rf/gntv_or_sync_fifo.gl0.wr/wpntr/gic0.gc0.count_d2_reg[10]
  -------------------------------------------------------------------
                         required time                         -1.457    
                         arrival time                           1.831    
  -------------------------------------------------------------------
                         slack                                  0.374    





