#-----------------------------------------------------------
# Vivado v2018.3 (64-bit)
# SW Build 2405991 on Thu Dec  6 23:38:27 MST 2018
# IP Build 2404404 on Fri Dec  7 01:43:56 MST 2018
# Start of session at: Tue Sep 22 19:37:02 2026
# Process ID: 41520
# Current directory: archive/project2_v8_xadc_acquisition
# Command line: vivado.exe -mode batch -source .\scripts\build_bitstream.tcl -log .\build_bitstream_v8.log -journal .\build_bitstream_v8.jou
# Log file: archive/project2_v8_xadc_acquisition/./build_bitstream_v8.log
# Journal file: archive/project2_v8_xadc_acquisition\.\build_bitstream_v8.jou
#-----------------------------------------------------------
source {.\scripts\build_bitstream.tcl}
# set script_dir [file dirname [file normalize [info script]]]
# set root_dir [file normalize [file join $script_dir ..]]
# file mkdir [file join $root_dir reports]
# open_project [file join $root_dir build project2_v8_xadc_acquisition.xpr]
INFO: [ProjectBase 1-489] The host OS only allows 260 characters in a normal path. The project is stored in a path with more than 80 characters. If you experience issues with IP, Block Designs, or files not being found, please consider moving the project to a location with a shorter path. Alternately consider using the OS subst command to map part of the path to a drive letter.
Current project path is 'archive/project2_v8_xadc_acquisition/build'
Scanning sources...
Finished scanning sources
INFO: [IP_Flow 19-234] Refreshing IP repositories
INFO: [IP_Flow 19-1704] No user IP repositories specified
INFO: [IP_Flow 19-2313] Loaded Vivado IP repository 'C:/Xilinx/Vivado/2018.3/data/ip'.
# reset_run synth_1
# launch_runs impl_1 -to_step write_bitstream -jobs 4
INFO: [Vivado 12-4149] The synthesis checkpoint for IP 'archive/project2_v8_xadc_acquisition/ip/c_shift_ram_0/c_shift_ram_0.xci' is already up-to-date
INFO: [Vivado 12-4149] The synthesis checkpoint for IP 'archive/project2_v8_xadc_acquisition/ip/fifo_w32xd16_async/fifo_w32xd16_async.xci' is already up-to-date
INFO: [Vivado 12-4149] The synthesis checkpoint for IP 'archive/project2_v8_xadc_acquisition/ip/fifo_w32xd16/fifo_w32xd16.xci' is already up-to-date
INFO: [Vivado 12-4149] The synthesis checkpoint for IP 'archive/project2_v8_xadc_acquisition/ip/fifo_w9xd2048/fifo_w9xd2048.xci' is already up-to-date
INFO: [Vivado 12-4149] The synthesis checkpoint for IP 'archive/project2_v8_xadc_acquisition/ip/fifo_w81xd16/fifo_w81xd16.xci' is already up-to-date
INFO: [Vivado 12-4149] The synthesis checkpoint for IP 'archive/project2_v8_xadc_acquisition/ip/fifo_w9xd4096/fifo_w9xd4096.xci' is already up-to-date
INFO: [Vivado 12-4149] The synthesis checkpoint for IP 'archive/project2_v8_xadc_acquisition/ip/fifo_w64xd16/fifo_w64xd16.xci' is already up-to-date
INFO: [Vivado 12-4149] The synthesis checkpoint for IP 'archive/project2_v8_xadc_acquisition/ip/fifo_w17xd16/fifo_w17xd16.xci' is already up-to-date
INFO: [Vivado 12-4149] The synthesis checkpoint for IP 'archive/project2_v8_xadc_acquisition/ip/mig_7series_0/mig_7series_0.xci' is already up-to-date
INFO: [Vivado 12-4149] The synthesis checkpoint for IP 'archive/project2_v8_xadc_acquisition/ip/fifo_w144xd512/fifo_w144xd512.xci' is already up-to-date
INFO: [Vivado 12-4149] The synthesis checkpoint for IP 'archive/project2_v8_xadc_acquisition/ip/fifo_w40xd16/fifo_w40xd16.xci' is already up-to-date
INFO: [Vivado 12-4149] The synthesis checkpoint for IP 'archive/project2_v8_xadc_acquisition/ip/clk_wiz_0/clk_wiz_0.xci' is already up-to-date
[Tue Sep 22 19:37:10 2026] Launched ila_v6_synth_1, synth_1...
Run output will be captured here:
ila_v6_synth_1: archive/project2_v8_xadc_acquisition/build/project2_v8_xadc_acquisition.runs/ila_v6_synth_1/runme.log
synth_1: archive/project2_v8_xadc_acquisition/build/project2_v8_xadc_acquisition.runs/synth_1/runme.log
[Tue Sep 22 19:37:10 2026] Launched impl_1...
Run output will be captured here: archive/project2_v8_xadc_acquisition/build/project2_v8_xadc_acquisition.runs/impl_1/runme.log
# wait_on_run impl_1
[Tue Sep 22 19:37:10 2026] Waiting for impl_1 to finish...

*** Running vivado
    with args -log project2_v8_top.vdi -applog -m64 -product Vivado -messageDb vivado.pb -mode batch -source project2_v8_top.tcl -notrace


****** Vivado v2018.3 (64-bit)
  **** SW Build 2405991 on Thu Dec  6 23:38:27 MST 2018
  **** IP Build 2404404 on Fri Dec  7 01:43:56 MST 2018
    ** Copyright 1986-2018 Xilinx, Inc. All Rights Reserved.

source project2_v8_top.tcl -notrace
Command: link_design -top project2_v8_top -part xc7a35tfgg484-2
Design is defaulting to srcset: sources_1
Design is defaulting to constrset: constrs_1
INFO: [Project 1-454] Reading design checkpoint 'archive/project2_v8_xadc_acquisition/build/project2_v8_xadc_acquisition.srcs/sources_1/ip/ila_v6/ila_v6.dcp' for cell 'u_ila'
INFO: [Project 1-454] Reading design checkpoint 'archive/project2_v8_xadc_acquisition/build/project2_v8_xadc_acquisition.runs/impl_1/.Xil/Vivado-39260-Hugo/fifo_w40xd16/fifo_w40xd16.dcp' for cell 'u_adma/axi_rd_channel/rd_buffer/rd_cmd_fifo'
INFO: [Project 1-454] Reading design checkpoint 'archive/project2_v8_xadc_acquisition/build/project2_v8_xadc_acquisition.runs/impl_1/.Xil/Vivado-39260-Hugo/fifo_w144xd512/fifo_w144xd512.dcp' for cell 'u_adma/axi_rd_channel/rd_buffer/rd_data_fifo'
INFO: [Project 1-454] Reading design checkpoint 'archive/project2_v8_xadc_acquisition/build/project2_v8_xadc_acquisition.runs/impl_1/.Xil/Vivado-39260-Hugo/clk_wiz_0/clk_wiz_0.dcp' for cell 'u_clock_and_reset/clk_wiz_0'
INFO: [Project 1-454] Reading design checkpoint 'archive/project2_v8_xadc_acquisition/ip/mig_7series_0/mig_7series_0.dcp' for cell 'u_ddr3/u_mig'
INFO: [Project 1-454] Reading design checkpoint 'archive/project2_v8_xadc_acquisition/build/project2_v8_xadc_acquisition.runs/impl_1/.Xil/Vivado-39260-Hugo/fifo_w9xd4096/fifo_w9xd4096.dcp' for cell 'u_udp/u0/mac_receive/data_fifo'
INFO: [Project 1-454] Reading design checkpoint 'archive/project2_v8_xadc_acquisition/build/project2_v8_xadc_acquisition.runs/impl_1/.Xil/Vivado-39260-Hugo/fifo_w17xd16/fifo_w17xd16.dcp' for cell 'u_udp/u0/mac_receive/frame_fifo'
INFO: [Project 1-454] Reading design checkpoint 'archive/project2_v8_xadc_acquisition/build/project2_v8_xadc_acquisition.runs/impl_1/.Xil/Vivado-39260-Hugo/fifo_w64xd16/fifo_w64xd16.dcp' for cell 'u_udp/u0/mac_send/frame_fifo'
INFO: [Project 1-454] Reading design checkpoint 'archive/project2_v8_xadc_acquisition/build/project2_v8_xadc_acquisition.runs/impl_1/.Xil/Vivado-39260-Hugo/fifo_w9xd2048/fifo_w9xd2048.dcp' for cell 'u_udp/u1/ch0_data_fifo'
INFO: [Project 1-454] Reading design checkpoint 'archive/project2_v8_xadc_acquisition/build/project2_v8_xadc_acquisition.runs/impl_1/.Xil/Vivado-39260-Hugo/fifo_w32xd16/fifo_w32xd16.dcp' for cell 'u_udp/u1/ch0_frame_fifo'
INFO: [Project 1-454] Reading design checkpoint 'archive/project2_v8_xadc_acquisition/build/project2_v8_xadc_acquisition.runs/impl_1/.Xil/Vivado-39260-Hugo/fifo_w81xd16/fifo_w81xd16.dcp' for cell 'u_udp/u3/arp_receive/arp_rx_fifo'
INFO: [Project 1-454] Reading design checkpoint 'archive/project2_v8_xadc_acquisition/build/project2_v8_xadc_acquisition.runs/impl_1/.Xil/Vivado-39260-Hugo/c_shift_ram_0/c_shift_ram_0.dcp' for cell 'u_udp/u4/ip_send/ip_delay'
INFO: [Project 1-454] Reading design checkpoint 'archive/project2_v8_xadc_acquisition/build/project2_v8_xadc_acquisition.runs/impl_1/.Xil/Vivado-39260-Hugo/fifo_w32xd16_async/fifo_w32xd16_async.dcp' for cell 'u_udp/u6/icmp_receive/icmp_rx_fifo'
INFO: [Netlist 29-17] Analyzing 2716 Unisim elements for replacement
INFO: [Netlist 29-28] Unisim Transformation completed in 0 CPU seconds
INFO: [Project 1-479] Netlist was created with Vivado 2018.3
INFO: [Device 21-403] Loading part xc7a35tfgg484-2
INFO: [Project 1-570] Preparing netlist for logic optimization
INFO: [Chipscope 16-324] Core: u_ila UUID: c30a8330-47ba-5203-8dbc-7e3e3214d902 
Parsing XDC File [archive/project2_v8_xadc_acquisition/ip/fifo_w32xd16_async/fifo_w32xd16_async.xdc] for cell 'u_udp/u6/icmp_receive/icmp_rx_fifo/U0'
Finished Parsing XDC File [archive/project2_v8_xadc_acquisition/ip/fifo_w32xd16_async/fifo_w32xd16_async.xdc] for cell 'u_udp/u6/icmp_receive/icmp_rx_fifo/U0'
Parsing XDC File [archive/project2_v8_xadc_acquisition/ip/fifo_w32xd16/fifo_w32xd16.xdc] for cell 'u_udp/u1/ch0_frame_fifo/U0'
Finished Parsing XDC File [archive/project2_v8_xadc_acquisition/ip/fifo_w32xd16/fifo_w32xd16.xdc] for cell 'u_udp/u1/ch0_frame_fifo/U0'
Parsing XDC File [archive/project2_v8_xadc_acquisition/ip/fifo_w32xd16/fifo_w32xd16.xdc] for cell 'u_udp/u1/ch1_frame_fifo/U0'
Finished Parsing XDC File [archive/project2_v8_xadc_acquisition/ip/fifo_w32xd16/fifo_w32xd16.xdc] for cell 'u_udp/u1/ch1_frame_fifo/U0'
Parsing XDC File [archive/project2_v8_xadc_acquisition/ip/fifo_w32xd16/fifo_w32xd16.xdc] for cell 'u_udp/u5/ch0_frame_fifo/U0'
Finished Parsing XDC File [archive/project2_v8_xadc_acquisition/ip/fifo_w32xd16/fifo_w32xd16.xdc] for cell 'u_udp/u5/ch0_frame_fifo/U0'
Parsing XDC File [archive/project2_v8_xadc_acquisition/ip/fifo_w32xd16/fifo_w32xd16.xdc] for cell 'u_udp/u5/ch1_frame_fifo/U0'
Finished Parsing XDC File [archive/project2_v8_xadc_acquisition/ip/fifo_w32xd16/fifo_w32xd16.xdc] for cell 'u_udp/u5/ch1_frame_fifo/U0'
Parsing XDC File [archive/project2_v8_xadc_acquisition/ip/fifo_w9xd2048/fifo_w9xd2048.xdc] for cell 'u_udp/u1/ch0_data_fifo/U0'
Finished Parsing XDC File [archive/project2_v8_xadc_acquisition/ip/fifo_w9xd2048/fifo_w9xd2048.xdc] for cell 'u_udp/u1/ch0_data_fifo/U0'
Parsing XDC File [archive/project2_v8_xadc_acquisition/ip/fifo_w9xd2048/fifo_w9xd2048.xdc] for cell 'u_udp/u1/ch1_data_fifo/U0'
Finished Parsing XDC File [archive/project2_v8_xadc_acquisition/ip/fifo_w9xd2048/fifo_w9xd2048.xdc] for cell 'u_udp/u1/ch1_data_fifo/U0'
Parsing XDC File [archive/project2_v8_xadc_acquisition/ip/fifo_w9xd2048/fifo_w9xd2048.xdc] for cell 'u_udp/u5/ch0_data_fifo/U0'
Finished Parsing XDC File [archive/project2_v8_xadc_acquisition/ip/fifo_w9xd2048/fifo_w9xd2048.xdc] for cell 'u_udp/u5/ch0_data_fifo/U0'
Parsing XDC File [archive/project2_v8_xadc_acquisition/ip/fifo_w9xd2048/fifo_w9xd2048.xdc] for cell 'u_udp/u5/ch1_data_fifo/U0'
Finished Parsing XDC File [archive/project2_v8_xadc_acquisition/ip/fifo_w9xd2048/fifo_w9xd2048.xdc] for cell 'u_udp/u5/ch1_data_fifo/U0'
Parsing XDC File [archive/project2_v8_xadc_acquisition/ip/fifo_w81xd16/fifo_w81xd16.xdc] for cell 'u_udp/u3/arp_receive/arp_rx_fifo/U0'
Finished Parsing XDC File [archive/project2_v8_xadc_acquisition/ip/fifo_w81xd16/fifo_w81xd16.xdc] for cell 'u_udp/u3/arp_receive/arp_rx_fifo/U0'
Parsing XDC File [archive/project2_v8_xadc_acquisition/ip/fifo_w9xd4096/fifo_w9xd4096.xdc] for cell 'u_udp/u0/mac_receive/data_fifo/U0'
Finished Parsing XDC File [archive/project2_v8_xadc_acquisition/ip/fifo_w9xd4096/fifo_w9xd4096.xdc] for cell 'u_udp/u0/mac_receive/data_fifo/U0'
Parsing XDC File [archive/project2_v8_xadc_acquisition/ip/fifo_w9xd4096/fifo_w9xd4096.xdc] for cell 'u_udp/u0/mac_send/data_fifo/U0'
Finished Parsing XDC File [archive/project2_v8_xadc_acquisition/ip/fifo_w9xd4096/fifo_w9xd4096.xdc] for cell 'u_udp/u0/mac_send/data_fifo/U0'
Parsing XDC File [archive/project2_v8_xadc_acquisition/ip/fifo_w64xd16/fifo_w64xd16.xdc] for cell 'u_udp/u0/mac_send/frame_fifo/U0'
Finished Parsing XDC File [archive/project2_v8_xadc_acquisition/ip/fifo_w64xd16/fifo_w64xd16.xdc] for cell 'u_udp/u0/mac_send/frame_fifo/U0'
Parsing XDC File [archive/project2_v8_xadc_acquisition/ip/fifo_w17xd16/fifo_w17xd16.xdc] for cell 'u_udp/u0/mac_receive/frame_fifo/U0'
Finished Parsing XDC File [archive/project2_v8_xadc_acquisition/ip/fifo_w17xd16/fifo_w17xd16.xdc] for cell 'u_udp/u0/mac_receive/frame_fifo/U0'
Parsing XDC File [archive/project2_v8_xadc_acquisition/ip/mig_7series_0/mig_7series_0/user_design/constraints/mig_7series_0.xdc] for cell 'u_ddr3/u_mig'
Finished Parsing XDC File [archive/project2_v8_xadc_acquisition/ip/mig_7series_0/mig_7series_0/user_design/constraints/mig_7series_0.xdc] for cell 'u_ddr3/u_mig'
Parsing XDC File [archive/project2_v8_xadc_acquisition/ip/fifo_w144xd512/fifo_w144xd512.xdc] for cell 'u_adma/axi_rd_channel/rd_buffer/rd_data_fifo/U0'
Finished Parsing XDC File [archive/project2_v8_xadc_acquisition/ip/fifo_w144xd512/fifo_w144xd512.xdc] for cell 'u_adma/axi_rd_channel/rd_buffer/rd_data_fifo/U0'
Parsing XDC File [archive/project2_v8_xadc_acquisition/ip/fifo_w144xd512/fifo_w144xd512.xdc] for cell 'u_adma/axi_wr_channel/wr_buffer/wr_data_fifo/U0'
Finished Parsing XDC File [archive/project2_v8_xadc_acquisition/ip/fifo_w144xd512/fifo_w144xd512.xdc] for cell 'u_adma/axi_wr_channel/wr_buffer/wr_data_fifo/U0'
Parsing XDC File [archive/project2_v8_xadc_acquisition/ip/fifo_w40xd16/fifo_w40xd16.xdc] for cell 'u_adma/axi_rd_channel/rd_buffer/rd_cmd_fifo/U0'
Finished Parsing XDC File [archive/project2_v8_xadc_acquisition/ip/fifo_w40xd16/fifo_w40xd16.xdc] for cell 'u_adma/axi_rd_channel/rd_buffer/rd_cmd_fifo/U0'
Parsing XDC File [archive/project2_v8_xadc_acquisition/ip/fifo_w40xd16/fifo_w40xd16.xdc] for cell 'u_adma/axi_wr_channel/wr_buffer/wr_cmd_fifo/U0'
Finished Parsing XDC File [archive/project2_v8_xadc_acquisition/ip/fifo_w40xd16/fifo_w40xd16.xdc] for cell 'u_adma/axi_wr_channel/wr_buffer/wr_cmd_fifo/U0'
Parsing XDC File [archive/project2_v8_xadc_acquisition/ip/clk_wiz_0/clk_wiz_0_board.xdc] for cell 'u_clock_and_reset/clk_wiz_0/inst'
Finished Parsing XDC File [archive/project2_v8_xadc_acquisition/ip/clk_wiz_0/clk_wiz_0_board.xdc] for cell 'u_clock_and_reset/clk_wiz_0/inst'
Parsing XDC File [archive/project2_v8_xadc_acquisition/ip/clk_wiz_0/clk_wiz_0.xdc] for cell 'u_clock_and_reset/clk_wiz_0/inst'
INFO: [Timing 38-35] Done setting XDC timing constraints. [archive/project2_v8_xadc_acquisition/ip/clk_wiz_0/clk_wiz_0.xdc:57]
INFO: [Timing 38-2] Deriving generated clocks [archive/project2_v8_xadc_acquisition/ip/clk_wiz_0/clk_wiz_0.xdc:57]
get_clocks: Time (s): cpu = 00:00:07 ; elapsed = 00:00:06 . Memory (MB): peak = 1409.129 ; gain = 574.711
Finished Parsing XDC File [archive/project2_v8_xadc_acquisition/ip/clk_wiz_0/clk_wiz_0.xdc] for cell 'u_clock_and_reset/clk_wiz_0/inst'
Parsing XDC File [archive/project2_v8_xadc_acquisition/build/project2_v8_xadc_acquisition.srcs/sources_1/ip/ila_v6/ila_v6_2/constraints/ila_impl.xdc] for cell 'u_ila/inst'
Finished Parsing XDC File [archive/project2_v8_xadc_acquisition/build/project2_v8_xadc_acquisition.srcs/sources_1/ip/ila_v6/ila_v6_2/constraints/ila_impl.xdc] for cell 'u_ila/inst'
Parsing XDC File [archive/project2_v8_xadc_acquisition/build/project2_v8_xadc_acquisition.srcs/sources_1/ip/ila_v6/ila_v6_2/constraints/ila.xdc] for cell 'u_ila/inst'
Finished Parsing XDC File [archive/project2_v8_xadc_acquisition/build/project2_v8_xadc_acquisition.srcs/sources_1/ip/ila_v6/ila_v6_2/constraints/ila.xdc] for cell 'u_ila/inst'
Parsing XDC File [archive/project2_v8_xadc_acquisition/constraints/project2_v5_pins.xdc]
Finished Parsing XDC File [archive/project2_v8_xadc_acquisition/constraints/project2_v5_pins.xdc]
Parsing XDC File [archive/project2_v8_xadc_acquisition/ip/fifo_w32xd16_async/fifo_w32xd16_async_clocks.xdc] for cell 'u_udp/u6/icmp_receive/icmp_rx_fifo/U0'
Finished Parsing XDC File [archive/project2_v8_xadc_acquisition/ip/fifo_w32xd16_async/fifo_w32xd16_async_clocks.xdc] for cell 'u_udp/u6/icmp_receive/icmp_rx_fifo/U0'
Parsing XDC File [archive/project2_v8_xadc_acquisition/ip/fifo_w81xd16/fifo_w81xd16_clocks.xdc] for cell 'u_udp/u3/arp_receive/arp_rx_fifo/U0'
Finished Parsing XDC File [archive/project2_v8_xadc_acquisition/ip/fifo_w81xd16/fifo_w81xd16_clocks.xdc] for cell 'u_udp/u3/arp_receive/arp_rx_fifo/U0'
Parsing XDC File [archive/project2_v8_xadc_acquisition/ip/fifo_w9xd4096/fifo_w9xd4096_clocks.xdc] for cell 'u_udp/u0/mac_receive/data_fifo/U0'
Finished Parsing XDC File [archive/project2_v8_xadc_acquisition/ip/fifo_w9xd4096/fifo_w9xd4096_clocks.xdc] for cell 'u_udp/u0/mac_receive/data_fifo/U0'
Parsing XDC File [archive/project2_v8_xadc_acquisition/ip/fifo_w9xd4096/fifo_w9xd4096_clocks.xdc] for cell 'u_udp/u0/mac_send/data_fifo/U0'
Finished Parsing XDC File [archive/project2_v8_xadc_acquisition/ip/fifo_w9xd4096/fifo_w9xd4096_clocks.xdc] for cell 'u_udp/u0/mac_send/data_fifo/U0'
Parsing XDC File [archive/project2_v8_xadc_acquisition/ip/fifo_w64xd16/fifo_w64xd16_clocks.xdc] for cell 'u_udp/u0/mac_send/frame_fifo/U0'
Finished Parsing XDC File [archive/project2_v8_xadc_acquisition/ip/fifo_w64xd16/fifo_w64xd16_clocks.xdc] for cell 'u_udp/u0/mac_send/frame_fifo/U0'
Parsing XDC File [archive/project2_v8_xadc_acquisition/ip/fifo_w17xd16/fifo_w17xd16_clocks.xdc] for cell 'u_udp/u0/mac_receive/frame_fifo/U0'
Finished Parsing XDC File [archive/project2_v8_xadc_acquisition/ip/fifo_w17xd16/fifo_w17xd16_clocks.xdc] for cell 'u_udp/u0/mac_receive/frame_fifo/U0'
Parsing XDC File [archive/project2_v8_xadc_acquisition/ip/fifo_w144xd512/fifo_w144xd512_clocks.xdc] for cell 'u_adma/axi_rd_channel/rd_buffer/rd_data_fifo/U0'
Finished Parsing XDC File [archive/project2_v8_xadc_acquisition/ip/fifo_w144xd512/fifo_w144xd512_clocks.xdc] for cell 'u_adma/axi_rd_channel/rd_buffer/rd_data_fifo/U0'
Parsing XDC File [archive/project2_v8_xadc_acquisition/ip/fifo_w144xd512/fifo_w144xd512_clocks.xdc] for cell 'u_adma/axi_wr_channel/wr_buffer/wr_data_fifo/U0'
Finished Parsing XDC File [archive/project2_v8_xadc_acquisition/ip/fifo_w144xd512/fifo_w144xd512_clocks.xdc] for cell 'u_adma/axi_wr_channel/wr_buffer/wr_data_fifo/U0'
Parsing XDC File [archive/project2_v8_xadc_acquisition/ip/fifo_w40xd16/fifo_w40xd16_clocks.xdc] for cell 'u_adma/axi_rd_channel/rd_buffer/rd_cmd_fifo/U0'
Finished Parsing XDC File [archive/project2_v8_xadc_acquisition/ip/fifo_w40xd16/fifo_w40xd16_clocks.xdc] for cell 'u_adma/axi_rd_channel/rd_buffer/rd_cmd_fifo/U0'
Parsing XDC File [archive/project2_v8_xadc_acquisition/ip/fifo_w40xd16/fifo_w40xd16_clocks.xdc] for cell 'u_adma/axi_wr_channel/wr_buffer/wr_cmd_fifo/U0'
Finished Parsing XDC File [archive/project2_v8_xadc_acquisition/ip/fifo_w40xd16/fifo_w40xd16_clocks.xdc] for cell 'u_adma/axi_wr_channel/wr_buffer/wr_cmd_fifo/U0'
Parsing XDC File [archive/project2_v8_xadc_acquisition/constraints/project2_v5_timing.xdc]
CRITICAL WARNING: [Designutils 20-1307] Command 'if' is not supported in the xdc constraint file. [archive/project2_v8_xadc_acquisition/constraints/project2_v5_timing.xdc:15]
Finished Parsing XDC File [archive/project2_v8_xadc_acquisition/constraints/project2_v5_timing.xdc]
Sourcing Tcl File [C:/Xilinx/Vivado/2018.3/data/ip/xpm/xpm_cdc/tcl/xpm_cdc_async_rst.tcl] for cell 'u_adma/axi_rd_channel/rd_buffer/rd_data_fifo/U0/inst_fifo_gen/gconvfifo.rf/grf.rf/rstblk/ngwrdrst.grst.g7serrst.gnsckt_wrst.gic_rst.rst_rd_reg2_inst'
Finished Sourcing Tcl File [C:/Xilinx/Vivado/2018.3/data/ip/xpm/xpm_cdc/tcl/xpm_cdc_async_rst.tcl] for cell 'u_adma/axi_rd_channel/rd_buffer/rd_data_fifo/U0/inst_fifo_gen/gconvfifo.rf/grf.rf/rstblk/ngwrdrst.grst.g7serrst.gnsckt_wrst.gic_rst.rst_rd_reg2_inst'
Sourcing Tcl File [C:/Xilinx/Vivado/2018.3/data/ip/xpm/xpm_cdc/tcl/xpm_cdc_async_rst.tcl] for cell 'u_adma/axi_wr_channel/wr_buffer/wr_data_fifo/U0/inst_fifo_gen/gconvfifo.rf/grf.rf/rstblk/ngwrdrst.grst.g7serrst.gnsckt_wrst.gic_rst.rst_rd_reg2_inst'
Finished Sourcing Tcl File [C:/Xilinx/Vivado/2018.3/data/ip/xpm/xpm_cdc/tcl/xpm_cdc_async_rst.tcl] for cell 'u_adma/axi_wr_channel/wr_buffer/wr_data_fifo/U0/inst_fifo_gen/gconvfifo.rf/grf.rf/rstblk/ngwrdrst.grst.g7serrst.gnsckt_wrst.gic_rst.rst_rd_reg2_inst'
Sourcing Tcl File [C:/Xilinx/Vivado/2018.3/data/ip/xpm/xpm_cdc/tcl/xpm_cdc_async_rst.tcl] for cell 'u_adma/axi_rd_channel/rd_buffer/rd_data_fifo/U0/inst_fifo_gen/gconvfifo.rf/grf.rf/rstblk/ngwrdrst.grst.g7serrst.gnsckt_wrst.rst_wr_reg2_inst'
Finished Sourcing Tcl File [C:/Xilinx/Vivado/2018.3/data/ip/xpm/xpm_cdc/tcl/xpm_cdc_async_rst.tcl] for cell 'u_adma/axi_rd_channel/rd_buffer/rd_data_fifo/U0/inst_fifo_gen/gconvfifo.rf/grf.rf/rstblk/ngwrdrst.grst.g7serrst.gnsckt_wrst.rst_wr_reg2_inst'
Sourcing Tcl File [C:/Xilinx/Vivado/2018.3/data/ip/xpm/xpm_cdc/tcl/xpm_cdc_async_rst.tcl] for cell 'u_adma/axi_wr_channel/wr_buffer/wr_data_fifo/U0/inst_fifo_gen/gconvfifo.rf/grf.rf/rstblk/ngwrdrst.grst.g7serrst.gnsckt_wrst.rst_wr_reg2_inst'
Finished Sourcing Tcl File [C:/Xilinx/Vivado/2018.3/data/ip/xpm/xpm_cdc/tcl/xpm_cdc_async_rst.tcl] for cell 'u_adma/axi_wr_channel/wr_buffer/wr_data_fifo/U0/inst_fifo_gen/gconvfifo.rf/grf.rf/rstblk/ngwrdrst.grst.g7serrst.gnsckt_wrst.rst_wr_reg2_inst'
Sourcing Tcl File [C:/Xilinx/Vivado/2018.3/data/ip/xpm/xpm_cdc/tcl/xpm_cdc_async_rst.tcl] for cell 'u_udp/u0/mac_receive/frame_fifo/U0/inst_fifo_gen/gconvfifo.rf/grf.rf/rstblk/ngwrdrst.grst.g7serrst.gnsckt_wrst.gic_rst.rst_rd_reg2_inst'
Finished Sourcing Tcl File [C:/Xilinx/Vivado/2018.3/data/ip/xpm/xpm_cdc/tcl/xpm_cdc_async_rst.tcl] for cell 'u_udp/u0/mac_receive/frame_fifo/U0/inst_fifo_gen/gconvfifo.rf/grf.rf/rstblk/ngwrdrst.grst.g7serrst.gnsckt_wrst.gic_rst.rst_rd_reg2_inst'
Sourcing Tcl File [C:/Xilinx/Vivado/2018.3/data/ip/xpm/xpm_cdc/tcl/xpm_cdc_async_rst.tcl] for cell 'u_udp/u0/mac_receive/frame_fifo/U0/inst_fifo_gen/gconvfifo.rf/grf.rf/rstblk/ngwrdrst.grst.g7serrst.gnsckt_wrst.rst_wr_reg2_inst'
Finished Sourcing Tcl File [C:/Xilinx/Vivado/2018.3/data/ip/xpm/xpm_cdc/tcl/xpm_cdc_async_rst.tcl] for cell 'u_udp/u0/mac_receive/frame_fifo/U0/inst_fifo_gen/gconvfifo.rf/grf.rf/rstblk/ngwrdrst.grst.g7serrst.gnsckt_wrst.rst_wr_reg2_inst'
Sourcing Tcl File [C:/Xilinx/Vivado/2018.3/data/ip/xpm/xpm_cdc/tcl/xpm_cdc_async_rst.tcl] for cell 'u_udp/u6/icmp_receive/icmp_rx_fifo/U0/inst_fifo_gen/gconvfifo.rf/grf.rf/rstblk/ngwrdrst.grst.g7serrst.gnsckt_wrst.gic_rst.rst_rd_reg2_inst'
Finished Sourcing Tcl File [C:/Xilinx/Vivado/2018.3/data/ip/xpm/xpm_cdc/tcl/xpm_cdc_async_rst.tcl] for cell 'u_udp/u6/icmp_receive/icmp_rx_fifo/U0/inst_fifo_gen/gconvfifo.rf/grf.rf/rstblk/ngwrdrst.grst.g7serrst.gnsckt_wrst.gic_rst.rst_rd_reg2_inst'
Sourcing Tcl File [C:/Xilinx/Vivado/2018.3/data/ip/xpm/xpm_cdc/tcl/xpm_cdc_async_rst.tcl] for cell 'u_udp/u6/icmp_receive/icmp_rx_fifo/U0/inst_fifo_gen/gconvfifo.rf/grf.rf/rstblk/ngwrdrst.grst.g7serrst.gnsckt_wrst.rst_wr_reg2_inst'
Finished Sourcing Tcl File [C:/Xilinx/Vivado/2018.3/data/ip/xpm/xpm_cdc/tcl/xpm_cdc_async_rst.tcl] for cell 'u_udp/u6/icmp_receive/icmp_rx_fifo/U0/inst_fifo_gen/gconvfifo.rf/grf.rf/rstblk/ngwrdrst.grst.g7serrst.gnsckt_wrst.rst_wr_reg2_inst'
Sourcing Tcl File [C:/Xilinx/Vivado/2018.3/data/ip/xpm/xpm_cdc/tcl/xpm_cdc_async_rst.tcl] for cell 'u_adma/axi_rd_channel/rd_buffer/rd_cmd_fifo/U0/inst_fifo_gen/gconvfifo.rf/grf.rf/rstblk/ngwrdrst.grst.g7serrst.gnsckt_wrst.gic_rst.rst_rd_reg2_inst'
Finished Sourcing Tcl File [C:/Xilinx/Vivado/2018.3/data/ip/xpm/xpm_cdc/tcl/xpm_cdc_async_rst.tcl] for cell 'u_adma/axi_rd_channel/rd_buffer/rd_cmd_fifo/U0/inst_fifo_gen/gconvfifo.rf/grf.rf/rstblk/ngwrdrst.grst.g7serrst.gnsckt_wrst.gic_rst.rst_rd_reg2_inst'
Sourcing Tcl File [C:/Xilinx/Vivado/2018.3/data/ip/xpm/xpm_cdc/tcl/xpm_cdc_async_rst.tcl] for cell 'u_adma/axi_wr_channel/wr_buffer/wr_cmd_fifo/U0/inst_fifo_gen/gconvfifo.rf/grf.rf/rstblk/ngwrdrst.grst.g7serrst.gnsckt_wrst.gic_rst.rst_rd_reg2_inst'
Finished Sourcing Tcl File [C:/Xilinx/Vivado/2018.3/data/ip/xpm/xpm_cdc/tcl/xpm_cdc_async_rst.tcl] for cell 'u_adma/axi_wr_channel/wr_buffer/wr_cmd_fifo/U0/inst_fifo_gen/gconvfifo.rf/grf.rf/rstblk/ngwrdrst.grst.g7serrst.gnsckt_wrst.gic_rst.rst_rd_reg2_inst'
Sourcing Tcl File [C:/Xilinx/Vivado/2018.3/data/ip/xpm/xpm_cdc/tcl/xpm_cdc_async_rst.tcl] for cell 'u_adma/axi_rd_channel/rd_buffer/rd_cmd_fifo/U0/inst_fifo_gen/gconvfifo.rf/grf.rf/rstblk/ngwrdrst.grst.g7serrst.gnsckt_wrst.rst_wr_reg2_inst'
Finished Sourcing Tcl File [C:/Xilinx/Vivado/2018.3/data/ip/xpm/xpm_cdc/tcl/xpm_cdc_async_rst.tcl] for cell 'u_adma/axi_rd_channel/rd_buffer/rd_cmd_fifo/U0/inst_fifo_gen/gconvfifo.rf/grf.rf/rstblk/ngwrdrst.grst.g7serrst.gnsckt_wrst.rst_wr_reg2_inst'
Sourcing Tcl File [C:/Xilinx/Vivado/2018.3/data/ip/xpm/xpm_cdc/tcl/xpm_cdc_async_rst.tcl] for cell 'u_adma/axi_wr_channel/wr_buffer/wr_cmd_fifo/U0/inst_fifo_gen/gconvfifo.rf/grf.rf/rstblk/ngwrdrst.grst.g7serrst.gnsckt_wrst.rst_wr_reg2_inst'
Finished Sourcing Tcl File [C:/Xilinx/Vivado/2018.3/data/ip/xpm/xpm_cdc/tcl/xpm_cdc_async_rst.tcl] for cell 'u_adma/axi_wr_channel/wr_buffer/wr_cmd_fifo/U0/inst_fifo_gen/gconvfifo.rf/grf.rf/rstblk/ngwrdrst.grst.g7serrst.gnsckt_wrst.rst_wr_reg2_inst'
Sourcing Tcl File [C:/Xilinx/Vivado/2018.3/data/ip/xpm/xpm_cdc/tcl/xpm_cdc_async_rst.tcl] for cell 'u_udp/u0/mac_send/frame_fifo/U0/inst_fifo_gen/gconvfifo.rf/grf.rf/rstblk/ngwrdrst.grst.g7serrst.gnsckt_wrst.gic_rst.rst_rd_reg2_inst'
Finished Sourcing Tcl File [C:/Xilinx/Vivado/2018.3/data/ip/xpm/xpm_cdc/tcl/xpm_cdc_async_rst.tcl] for cell 'u_udp/u0/mac_send/frame_fifo/U0/inst_fifo_gen/gconvfifo.rf/grf.rf/rstblk/ngwrdrst.grst.g7serrst.gnsckt_wrst.gic_rst.rst_rd_reg2_inst'
Sourcing Tcl File [C:/Xilinx/Vivado/2018.3/data/ip/xpm/xpm_cdc/tcl/xpm_cdc_async_rst.tcl] for cell 'u_udp/u0/mac_send/frame_fifo/U0/inst_fifo_gen/gconvfifo.rf/grf.rf/rstblk/ngwrdrst.grst.g7serrst.gnsckt_wrst.rst_wr_reg2_inst'
Finished Sourcing Tcl File [C:/Xilinx/Vivado/2018.3/data/ip/xpm/xpm_cdc/tcl/xpm_cdc_async_rst.tcl] for cell 'u_udp/u0/mac_send/frame_fifo/U0/inst_fifo_gen/gconvfifo.rf/grf.rf/rstblk/ngwrdrst.grst.g7serrst.gnsckt_wrst.rst_wr_reg2_inst'
Sourcing Tcl File [C:/Xilinx/Vivado/2018.3/data/ip/xpm/xpm_cdc/tcl/xpm_cdc_async_rst.tcl] for cell 'u_udp/u3/arp_receive/arp_rx_fifo/U0/inst_fifo_gen/gconvfifo.rf/grf.rf/rstblk/ngwrdrst.grst.g7serrst.gnsckt_wrst.gic_rst.rst_rd_reg2_inst'
Finished Sourcing Tcl File [C:/Xilinx/Vivado/2018.3/data/ip/xpm/xpm_cdc/tcl/xpm_cdc_async_rst.tcl] for cell 'u_udp/u3/arp_receive/arp_rx_fifo/U0/inst_fifo_gen/gconvfifo.rf/grf.rf/rstblk/ngwrdrst.grst.g7serrst.gnsckt_wrst.gic_rst.rst_rd_reg2_inst'
Sourcing Tcl File [C:/Xilinx/Vivado/2018.3/data/ip/xpm/xpm_cdc/tcl/xpm_cdc_async_rst.tcl] for cell 'u_udp/u3/arp_receive/arp_rx_fifo/U0/inst_fifo_gen/gconvfifo.rf/grf.rf/rstblk/ngwrdrst.grst.g7serrst.gnsckt_wrst.rst_wr_reg2_inst'
Finished Sourcing Tcl File [C:/Xilinx/Vivado/2018.3/data/ip/xpm/xpm_cdc/tcl/xpm_cdc_async_rst.tcl] for cell 'u_udp/u3/arp_receive/arp_rx_fifo/U0/inst_fifo_gen/gconvfifo.rf/grf.rf/rstblk/ngwrdrst.grst.g7serrst.gnsckt_wrst.rst_wr_reg2_inst'
Sourcing Tcl File [C:/Xilinx/Vivado/2018.3/data/ip/xpm/xpm_cdc/tcl/xpm_cdc_async_rst.tcl] for cell 'u_udp/u0/mac_receive/data_fifo/U0/inst_fifo_gen/gconvfifo.rf/grf.rf/rstblk/ngwrdrst.grst.g7serrst.gnsckt_wrst.gic_rst.rst_rd_reg2_inst'
Finished Sourcing Tcl File [C:/Xilinx/Vivado/2018.3/data/ip/xpm/xpm_cdc/tcl/xpm_cdc_async_rst.tcl] for cell 'u_udp/u0/mac_receive/data_fifo/U0/inst_fifo_gen/gconvfifo.rf/grf.rf/rstblk/ngwrdrst.grst.g7serrst.gnsckt_wrst.gic_rst.rst_rd_reg2_inst'
Sourcing Tcl File [C:/Xilinx/Vivado/2018.3/data/ip/xpm/xpm_cdc/tcl/xpm_cdc_async_rst.tcl] for cell 'u_udp/u0/mac_send/data_fifo/U0/inst_fifo_gen/gconvfifo.rf/grf.rf/rstblk/ngwrdrst.grst.g7serrst.gnsckt_wrst.gic_rst.rst_rd_reg2_inst'
Finished Sourcing Tcl File [C:/Xilinx/Vivado/2018.3/data/ip/xpm/xpm_cdc/tcl/xpm_cdc_async_rst.tcl] for cell 'u_udp/u0/mac_send/data_fifo/U0/inst_fifo_gen/gconvfifo.rf/grf.rf/rstblk/ngwrdrst.grst.g7serrst.gnsckt_wrst.gic_rst.rst_rd_reg2_inst'
Sourcing Tcl File [C:/Xilinx/Vivado/2018.3/data/ip/xpm/xpm_cdc/tcl/xpm_cdc_async_rst.tcl] for cell 'u_udp/u0/mac_receive/data_fifo/U0/inst_fifo_gen/gconvfifo.rf/grf.rf/rstblk/ngwrdrst.grst.g7serrst.gnsckt_wrst.rst_wr_reg2_inst'
Finished Sourcing Tcl File [C:/Xilinx/Vivado/2018.3/data/ip/xpm/xpm_cdc/tcl/xpm_cdc_async_rst.tcl] for cell 'u_udp/u0/mac_receive/data_fifo/U0/inst_fifo_gen/gconvfifo.rf/grf.rf/rstblk/ngwrdrst.grst.g7serrst.gnsckt_wrst.rst_wr_reg2_inst'
Sourcing Tcl File [C:/Xilinx/Vivado/2018.3/data/ip/xpm/xpm_cdc/tcl/xpm_cdc_async_rst.tcl] for cell 'u_udp/u0/mac_send/data_fifo/U0/inst_fifo_gen/gconvfifo.rf/grf.rf/rstblk/ngwrdrst.grst.g7serrst.gnsckt_wrst.rst_wr_reg2_inst'
Finished Sourcing Tcl File [C:/Xilinx/Vivado/2018.3/data/ip/xpm/xpm_cdc/tcl/xpm_cdc_async_rst.tcl] for cell 'u_udp/u0/mac_send/data_fifo/U0/inst_fifo_gen/gconvfifo.rf/grf.rf/rstblk/ngwrdrst.grst.g7serrst.gnsckt_wrst.rst_wr_reg2_inst'
Sourcing Tcl File [C:/Xilinx/Vivado/2018.3/data/ip/xpm/xpm_cdc/tcl/xpm_cdc_gray.tcl] for cell 'u_adma/axi_rd_channel/rd_buffer/rd_data_fifo/U0/inst_fifo_gen/gconvfifo.rf/grf.rf/gntv_or_sync_fifo.gcx.clkx/rd_pntr_cdc_inst'
INFO: [Vivado 12-3272] Current instance is the top level cell 'u_adma/axi_rd_channel/rd_buffer/rd_data_fifo/U0/inst_fifo_gen/gconvfifo.rf/grf.rf/gntv_or_sync_fifo.gcx.clkx/rd_pntr_cdc_inst' of design 'design_1' [C:/Xilinx/Vivado/2018.3/data/ip/xpm/xpm_cdc/tcl/xpm_cdc_gray.tcl:16]
WARNING: [XPM_CDC_GRAY: TCL-1000] The source and destination clocks are the same. 
     Instance: u_adma/axi_rd_channel/rd_buffer/rd_data_fifo/U0/inst_fifo_gen/gconvfifo.rf/grf.rf/gntv_or_sync_fifo.gcx.clkx/rd_pntr_cdc_inst 
  This will add unnecessary latency to the design. Please check the design for the following: 
 1) Manually instantiated XPM_CDC modules: Xilinx recommends that you remove these modules. 
 2) Xilinx IP that contains XPM_CDC modules: Verify the connections to the IP to determine whether you can safely ignore this message.
 [C:/Xilinx/Vivado/2018.3/data/ip/xpm/xpm_cdc/tcl/xpm_cdc_gray.tcl:16]
Finished Sourcing Tcl File [C:/Xilinx/Vivado/2018.3/data/ip/xpm/xpm_cdc/tcl/xpm_cdc_gray.tcl] for cell 'u_adma/axi_rd_channel/rd_buffer/rd_data_fifo/U0/inst_fifo_gen/gconvfifo.rf/grf.rf/gntv_or_sync_fifo.gcx.clkx/rd_pntr_cdc_inst'
Sourcing Tcl File [C:/Xilinx/Vivado/2018.3/data/ip/xpm/xpm_cdc/tcl/xpm_cdc_gray.tcl] for cell 'u_adma/axi_wr_channel/wr_buffer/wr_data_fifo/U0/inst_fifo_gen/gconvfifo.rf/grf.rf/gntv_or_sync_fifo.gcx.clkx/rd_pntr_cdc_inst'
Finished Sourcing Tcl File [C:/Xilinx/Vivado/2018.3/data/ip/xpm/xpm_cdc/tcl/xpm_cdc_gray.tcl] for cell 'u_adma/axi_wr_channel/wr_buffer/wr_data_fifo/U0/inst_fifo_gen/gconvfifo.rf/grf.rf/gntv_or_sync_fifo.gcx.clkx/rd_pntr_cdc_inst'
Sourcing Tcl File [C:/Xilinx/Vivado/2018.3/data/ip/xpm/xpm_cdc/tcl/xpm_cdc_gray.tcl] for cell 'u_adma/axi_rd_channel/rd_buffer/rd_data_fifo/U0/inst_fifo_gen/gconvfifo.rf/grf.rf/gntv_or_sync_fifo.gcx.clkx/wr_pntr_cdc_inst'
INFO: [Vivado 12-3272] Current instance is the top level cell 'u_adma/axi_rd_channel/rd_buffer/rd_data_fifo/U0/inst_fifo_gen/gconvfifo.rf/grf.rf/gntv_or_sync_fifo.gcx.clkx/wr_pntr_cdc_inst' of design 'design_1' [C:/Xilinx/Vivado/2018.3/data/ip/xpm/xpm_cdc/tcl/xpm_cdc_gray.tcl:16]
WARNING: [XPM_CDC_GRAY: TCL-1000] The source and destination clocks are the same. 
     Instance: u_adma/axi_rd_channel/rd_buffer/rd_data_fifo/U0/inst_fifo_gen/gconvfifo.rf/grf.rf/gntv_or_sync_fifo.gcx.clkx/wr_pntr_cdc_inst 
  This will add unnecessary latency to the design. Please check the design for the following: 
 1) Manually instantiated XPM_CDC modules: Xilinx recommends that you remove these modules. 
 2) Xilinx IP that contains XPM_CDC modules: Verify the connections to the IP to determine whether you can safely ignore this message.
 [C:/Xilinx/Vivado/2018.3/data/ip/xpm/xpm_cdc/tcl/xpm_cdc_gray.tcl:16]
Finished Sourcing Tcl File [C:/Xilinx/Vivado/2018.3/data/ip/xpm/xpm_cdc/tcl/xpm_cdc_gray.tcl] for cell 'u_adma/axi_rd_channel/rd_buffer/rd_data_fifo/U0/inst_fifo_gen/gconvfifo.rf/grf.rf/gntv_or_sync_fifo.gcx.clkx/wr_pntr_cdc_inst'
Sourcing Tcl File [C:/Xilinx/Vivado/2018.3/data/ip/xpm/xpm_cdc/tcl/xpm_cdc_gray.tcl] for cell 'u_adma/axi_wr_channel/wr_buffer/wr_data_fifo/U0/inst_fifo_gen/gconvfifo.rf/grf.rf/gntv_or_sync_fifo.gcx.clkx/wr_pntr_cdc_inst'
Finished Sourcing Tcl File [C:/Xilinx/Vivado/2018.3/data/ip/xpm/xpm_cdc/tcl/xpm_cdc_gray.tcl] for cell 'u_adma/axi_wr_channel/wr_buffer/wr_data_fifo/U0/inst_fifo_gen/gconvfifo.rf/grf.rf/gntv_or_sync_fifo.gcx.clkx/wr_pntr_cdc_inst'
Sourcing Tcl File [C:/Xilinx/Vivado/2018.3/data/ip/xpm/xpm_cdc/tcl/xpm_cdc_gray.tcl] for cell 'u_udp/u0/mac_receive/frame_fifo/U0/inst_fifo_gen/gconvfifo.rf/grf.rf/gntv_or_sync_fifo.gcx.clkx/rd_pntr_cdc_inst'
Finished Sourcing Tcl File [C:/Xilinx/Vivado/2018.3/data/ip/xpm/xpm_cdc/tcl/xpm_cdc_gray.tcl] for cell 'u_udp/u0/mac_receive/frame_fifo/U0/inst_fifo_gen/gconvfifo.rf/grf.rf/gntv_or_sync_fifo.gcx.clkx/rd_pntr_cdc_inst'
Sourcing Tcl File [C:/Xilinx/Vivado/2018.3/data/ip/xpm/xpm_cdc/tcl/xpm_cdc_gray.tcl] for cell 'u_udp/u0/mac_receive/frame_fifo/U0/inst_fifo_gen/gconvfifo.rf/grf.rf/gntv_or_sync_fifo.gcx.clkx/wr_pntr_cdc_inst'
Finished Sourcing Tcl File [C:/Xilinx/Vivado/2018.3/data/ip/xpm/xpm_cdc/tcl/xpm_cdc_gray.tcl] for cell 'u_udp/u0/mac_receive/frame_fifo/U0/inst_fifo_gen/gconvfifo.rf/grf.rf/gntv_or_sync_fifo.gcx.clkx/wr_pntr_cdc_inst'
Sourcing Tcl File [C:/Xilinx/Vivado/2018.3/data/ip/xpm/xpm_cdc/tcl/xpm_cdc_gray.tcl] for cell 'u_udp/u6/icmp_receive/icmp_rx_fifo/U0/inst_fifo_gen/gconvfifo.rf/grf.rf/gntv_or_sync_fifo.gcx.clkx/rd_pntr_cdc_inst'
Finished Sourcing Tcl File [C:/Xilinx/Vivado/2018.3/data/ip/xpm/xpm_cdc/tcl/xpm_cdc_gray.tcl] for cell 'u_udp/u6/icmp_receive/icmp_rx_fifo/U0/inst_fifo_gen/gconvfifo.rf/grf.rf/gntv_or_sync_fifo.gcx.clkx/rd_pntr_cdc_inst'
Sourcing Tcl File [C:/Xilinx/Vivado/2018.3/data/ip/xpm/xpm_cdc/tcl/xpm_cdc_gray.tcl] for cell 'u_udp/u6/icmp_receive/icmp_rx_fifo/U0/inst_fifo_gen/gconvfifo.rf/grf.rf/gntv_or_sync_fifo.gcx.clkx/wr_pntr_cdc_inst'
Finished Sourcing Tcl File [C:/Xilinx/Vivado/2018.3/data/ip/xpm/xpm_cdc/tcl/xpm_cdc_gray.tcl] for cell 'u_udp/u6/icmp_receive/icmp_rx_fifo/U0/inst_fifo_gen/gconvfifo.rf/grf.rf/gntv_or_sync_fifo.gcx.clkx/wr_pntr_cdc_inst'
Sourcing Tcl File [C:/Xilinx/Vivado/2018.3/data/ip/xpm/xpm_cdc/tcl/xpm_cdc_gray.tcl] for cell 'u_adma/axi_rd_channel/rd_buffer/rd_cmd_fifo/U0/inst_fifo_gen/gconvfifo.rf/grf.rf/gntv_or_sync_fifo.gcx.clkx/rd_pntr_cdc_inst'
INFO: [Vivado 12-3272] Current instance is the top level cell 'u_adma/axi_rd_channel/rd_buffer/rd_cmd_fifo/U0/inst_fifo_gen/gconvfifo.rf/grf.rf/gntv_or_sync_fifo.gcx.clkx/rd_pntr_cdc_inst' of design 'design_1' [C:/Xilinx/Vivado/2018.3/data/ip/xpm/xpm_cdc/tcl/xpm_cdc_gray.tcl:16]
WARNING: [XPM_CDC_GRAY: TCL-1000] The source and destination clocks are the same. 
     Instance: u_adma/axi_rd_channel/rd_buffer/rd_cmd_fifo/U0/inst_fifo_gen/gconvfifo.rf/grf.rf/gntv_or_sync_fifo.gcx.clkx/rd_pntr_cdc_inst 
  This will add unnecessary latency to the design. Please check the design for the following: 
 1) Manually instantiated XPM_CDC modules: Xilinx recommends that you remove these modules. 
 2) Xilinx IP that contains XPM_CDC modules: Verify the connections to the IP to determine whether you can safely ignore this message.
 [C:/Xilinx/Vivado/2018.3/data/ip/xpm/xpm_cdc/tcl/xpm_cdc_gray.tcl:16]
Finished Sourcing Tcl File [C:/Xilinx/Vivado/2018.3/data/ip/xpm/xpm_cdc/tcl/xpm_cdc_gray.tcl] for cell 'u_adma/axi_rd_channel/rd_buffer/rd_cmd_fifo/U0/inst_fifo_gen/gconvfifo.rf/grf.rf/gntv_or_sync_fifo.gcx.clkx/rd_pntr_cdc_inst'
Sourcing Tcl File [C:/Xilinx/Vivado/2018.3/data/ip/xpm/xpm_cdc/tcl/xpm_cdc_gray.tcl] for cell 'u_adma/axi_wr_channel/wr_buffer/wr_cmd_fifo/U0/inst_fifo_gen/gconvfifo.rf/grf.rf/gntv_or_sync_fifo.gcx.clkx/rd_pntr_cdc_inst'
Finished Sourcing Tcl File [C:/Xilinx/Vivado/2018.3/data/ip/xpm/xpm_cdc/tcl/xpm_cdc_gray.tcl] for cell 'u_adma/axi_wr_channel/wr_buffer/wr_cmd_fifo/U0/inst_fifo_gen/gconvfifo.rf/grf.rf/gntv_or_sync_fifo.gcx.clkx/rd_pntr_cdc_inst'
Sourcing Tcl File [C:/Xilinx/Vivado/2018.3/data/ip/xpm/xpm_cdc/tcl/xpm_cdc_gray.tcl] for cell 'u_adma/axi_rd_channel/rd_buffer/rd_cmd_fifo/U0/inst_fifo_gen/gconvfifo.rf/grf.rf/gntv_or_sync_fifo.gcx.clkx/wr_pntr_cdc_inst'
INFO: [Vivado 12-3272] Current instance is the top level cell 'u_adma/axi_rd_channel/rd_buffer/rd_cmd_fifo/U0/inst_fifo_gen/gconvfifo.rf/grf.rf/gntv_or_sync_fifo.gcx.clkx/wr_pntr_cdc_inst' of design 'design_1' [C:/Xilinx/Vivado/2018.3/data/ip/xpm/xpm_cdc/tcl/xpm_cdc_gray.tcl:16]
WARNING: [XPM_CDC_GRAY: TCL-1000] The source and destination clocks are the same. 
     Instance: u_adma/axi_rd_channel/rd_buffer/rd_cmd_fifo/U0/inst_fifo_gen/gconvfifo.rf/grf.rf/gntv_or_sync_fifo.gcx.clkx/wr_pntr_cdc_inst 
  This will add unnecessary latency to the design. Please check the design for the following: 
 1) Manually instantiated XPM_CDC modules: Xilinx recommends that you remove these modules. 
 2) Xilinx IP that contains XPM_CDC modules: Verify the connections to the IP to determine whether you can safely ignore this message.
 [C:/Xilinx/Vivado/2018.3/data/ip/xpm/xpm_cdc/tcl/xpm_cdc_gray.tcl:16]
Finished Sourcing Tcl File [C:/Xilinx/Vivado/2018.3/data/ip/xpm/xpm_cdc/tcl/xpm_cdc_gray.tcl] for cell 'u_adma/axi_rd_channel/rd_buffer/rd_cmd_fifo/U0/inst_fifo_gen/gconvfifo.rf/grf.rf/gntv_or_sync_fifo.gcx.clkx/wr_pntr_cdc_inst'
Sourcing Tcl File [C:/Xilinx/Vivado/2018.3/data/ip/xpm/xpm_cdc/tcl/xpm_cdc_gray.tcl] for cell 'u_adma/axi_wr_channel/wr_buffer/wr_cmd_fifo/U0/inst_fifo_gen/gconvfifo.rf/grf.rf/gntv_or_sync_fifo.gcx.clkx/wr_pntr_cdc_inst'
Finished Sourcing Tcl File [C:/Xilinx/Vivado/2018.3/data/ip/xpm/xpm_cdc/tcl/xpm_cdc_gray.tcl] for cell 'u_adma/axi_wr_channel/wr_buffer/wr_cmd_fifo/U0/inst_fifo_gen/gconvfifo.rf/grf.rf/gntv_or_sync_fifo.gcx.clkx/wr_pntr_cdc_inst'
Sourcing Tcl File [C:/Xilinx/Vivado/2018.3/data/ip/xpm/xpm_cdc/tcl/xpm_cdc_gray.tcl] for cell 'u_udp/u0/mac_send/frame_fifo/U0/inst_fifo_gen/gconvfifo.rf/grf.rf/gntv_or_sync_fifo.gcx.clkx/rd_pntr_cdc_inst'
Finished Sourcing Tcl File [C:/Xilinx/Vivado/2018.3/data/ip/xpm/xpm_cdc/tcl/xpm_cdc_gray.tcl] for cell 'u_udp/u0/mac_send/frame_fifo/U0/inst_fifo_gen/gconvfifo.rf/grf.rf/gntv_or_sync_fifo.gcx.clkx/rd_pntr_cdc_inst'
Sourcing Tcl File [C:/Xilinx/Vivado/2018.3/data/ip/xpm/xpm_cdc/tcl/xpm_cdc_gray.tcl] for cell 'u_udp/u0/mac_send/frame_fifo/U0/inst_fifo_gen/gconvfifo.rf/grf.rf/gntv_or_sync_fifo.gcx.clkx/wr_pntr_cdc_inst'
Finished Sourcing Tcl File [C:/Xilinx/Vivado/2018.3/data/ip/xpm/xpm_cdc/tcl/xpm_cdc_gray.tcl] for cell 'u_udp/u0/mac_send/frame_fifo/U0/inst_fifo_gen/gconvfifo.rf/grf.rf/gntv_or_sync_fifo.gcx.clkx/wr_pntr_cdc_inst'
Sourcing Tcl File [C:/Xilinx/Vivado/2018.3/data/ip/xpm/xpm_cdc/tcl/xpm_cdc_gray.tcl] for cell 'u_udp/u3/arp_receive/arp_rx_fifo/U0/inst_fifo_gen/gconvfifo.rf/grf.rf/gntv_or_sync_fifo.gcx.clkx/rd_pntr_cdc_inst'
Finished Sourcing Tcl File [C:/Xilinx/Vivado/2018.3/data/ip/xpm/xpm_cdc/tcl/xpm_cdc_gray.tcl] for cell 'u_udp/u3/arp_receive/arp_rx_fifo/U0/inst_fifo_gen/gconvfifo.rf/grf.rf/gntv_or_sync_fifo.gcx.clkx/rd_pntr_cdc_inst'
Sourcing Tcl File [C:/Xilinx/Vivado/2018.3/data/ip/xpm/xpm_cdc/tcl/xpm_cdc_gray.tcl] for cell 'u_udp/u3/arp_receive/arp_rx_fifo/U0/inst_fifo_gen/gconvfifo.rf/grf.rf/gntv_or_sync_fifo.gcx.clkx/wr_pntr_cdc_inst'
Finished Sourcing Tcl File [C:/Xilinx/Vivado/2018.3/data/ip/xpm/xpm_cdc/tcl/xpm_cdc_gray.tcl] for cell 'u_udp/u3/arp_receive/arp_rx_fifo/U0/inst_fifo_gen/gconvfifo.rf/grf.rf/gntv_or_sync_fifo.gcx.clkx/wr_pntr_cdc_inst'
Sourcing Tcl File [C:/Xilinx/Vivado/2018.3/data/ip/xpm/xpm_cdc/tcl/xpm_cdc_gray.tcl] for cell 'u_udp/u0/mac_receive/data_fifo/U0/inst_fifo_gen/gconvfifo.rf/grf.rf/gntv_or_sync_fifo.gcx.clkx/rd_pntr_cdc_inst'
Finished Sourcing Tcl File [C:/Xilinx/Vivado/2018.3/data/ip/xpm/xpm_cdc/tcl/xpm_cdc_gray.tcl] for cell 'u_udp/u0/mac_receive/data_fifo/U0/inst_fifo_gen/gconvfifo.rf/grf.rf/gntv_or_sync_fifo.gcx.clkx/rd_pntr_cdc_inst'
Sourcing Tcl File [C:/Xilinx/Vivado/2018.3/data/ip/xpm/xpm_cdc/tcl/xpm_cdc_gray.tcl] for cell 'u_udp/u0/mac_send/data_fifo/U0/inst_fifo_gen/gconvfifo.rf/grf.rf/gntv_or_sync_fifo.gcx.clkx/rd_pntr_cdc_inst'
Finished Sourcing Tcl File [C:/Xilinx/Vivado/2018.3/data/ip/xpm/xpm_cdc/tcl/xpm_cdc_gray.tcl] for cell 'u_udp/u0/mac_send/data_fifo/U0/inst_fifo_gen/gconvfifo.rf/grf.rf/gntv_or_sync_fifo.gcx.clkx/rd_pntr_cdc_inst'
Sourcing Tcl File [C:/Xilinx/Vivado/2018.3/data/ip/xpm/xpm_cdc/tcl/xpm_cdc_gray.tcl] for cell 'u_udp/u0/mac_receive/data_fifo/U0/inst_fifo_gen/gconvfifo.rf/grf.rf/gntv_or_sync_fifo.gcx.clkx/wr_pntr_cdc_inst'
Finished Sourcing Tcl File [C:/Xilinx/Vivado/2018.3/data/ip/xpm/xpm_cdc/tcl/xpm_cdc_gray.tcl] for cell 'u_udp/u0/mac_receive/data_fifo/U0/inst_fifo_gen/gconvfifo.rf/grf.rf/gntv_or_sync_fifo.gcx.clkx/wr_pntr_cdc_inst'
Sourcing Tcl File [C:/Xilinx/Vivado/2018.3/data/ip/xpm/xpm_cdc/tcl/xpm_cdc_gray.tcl] for cell 'u_udp/u0/mac_send/data_fifo/U0/inst_fifo_gen/gconvfifo.rf/grf.rf/gntv_or_sync_fifo.gcx.clkx/wr_pntr_cdc_inst'
Finished Sourcing Tcl File [C:/Xilinx/Vivado/2018.3/data/ip/xpm/xpm_cdc/tcl/xpm_cdc_gray.tcl] for cell 'u_udp/u0/mac_send/data_fifo/U0/inst_fifo_gen/gconvfifo.rf/grf.rf/gntv_or_sync_fifo.gcx.clkx/wr_pntr_cdc_inst'
Sourcing Tcl File [C:/Xilinx/Vivado/2018.3/data/ip/xpm/xpm_cdc/tcl/xpm_cdc_single.tcl] for cell 'u_adma/axi_rd_channel/rd_buffer/rd_data_fifo/U0/inst_fifo_gen/gconvfifo.rf/grf.rf/rstblk/ngwrdrst.grst.g7serrst.gnsckt_wrst.gic_rst.xpm_cdc_single_inst_rrst_wr'
INFO: [Vivado 12-3272] Current instance is the top level cell 'u_adma/axi_rd_channel/rd_buffer/rd_data_fifo/U0/inst_fifo_gen/gconvfifo.rf/grf.rf/rstblk/ngwrdrst.grst.g7serrst.gnsckt_wrst.gic_rst.xpm_cdc_single_inst_rrst_wr' of design 'design_1' [C:/Xilinx/Vivado/2018.3/data/ip/xpm/xpm_cdc/tcl/xpm_cdc_single.tcl:5]
WARNING: [XPM_CDC_SINGLE: TCL-1000] The source and destination clocks are the same. 
     Instance: u_adma/axi_rd_channel/rd_buffer/rd_data_fifo/U0/inst_fifo_gen/gconvfifo.rf/grf.rf/rstblk/ngwrdrst.grst.g7serrst.gnsckt_wrst.gic_rst.xpm_cdc_single_inst_rrst_wr 
  This will add unnecessary latency to the design. Please check the design for the following: 
 1) Manually instantiated XPM_CDC modules: Xilinx recommends that you remove these modules. 
 2) Xilinx IP that contains XPM_CDC modules: Verify the connections to the IP to determine whether you can safely ignore this message.
 [C:/Xilinx/Vivado/2018.3/data/ip/xpm/xpm_cdc/tcl/xpm_cdc_single.tcl:5]
Finished Sourcing Tcl File [C:/Xilinx/Vivado/2018.3/data/ip/xpm/xpm_cdc/tcl/xpm_cdc_single.tcl] for cell 'u_adma/axi_rd_channel/rd_buffer/rd_data_fifo/U0/inst_fifo_gen/gconvfifo.rf/grf.rf/rstblk/ngwrdrst.grst.g7serrst.gnsckt_wrst.gic_rst.xpm_cdc_single_inst_rrst_wr'
Sourcing Tcl File [C:/Xilinx/Vivado/2018.3/data/ip/xpm/xpm_cdc/tcl/xpm_cdc_single.tcl] for cell 'u_adma/axi_wr_channel/wr_buffer/wr_data_fifo/U0/inst_fifo_gen/gconvfifo.rf/grf.rf/rstblk/ngwrdrst.grst.g7serrst.gnsckt_wrst.gic_rst.xpm_cdc_single_inst_rrst_wr'
Finished Sourcing Tcl File [C:/Xilinx/Vivado/2018.3/data/ip/xpm/xpm_cdc/tcl/xpm_cdc_single.tcl] for cell 'u_adma/axi_wr_channel/wr_buffer/wr_data_fifo/U0/inst_fifo_gen/gconvfifo.rf/grf.rf/rstblk/ngwrdrst.grst.g7serrst.gnsckt_wrst.gic_rst.xpm_cdc_single_inst_rrst_wr'
Sourcing Tcl File [C:/Xilinx/Vivado/2018.3/data/ip/xpm/xpm_cdc/tcl/xpm_cdc_single.tcl] for cell 'u_adma/axi_rd_channel/rd_buffer/rd_data_fifo/U0/inst_fifo_gen/gconvfifo.rf/grf.rf/rstblk/ngwrdrst.grst.g7serrst.gnsckt_wrst.gic_rst.xpm_cdc_single_inst_wrst_rd'
INFO: [Vivado 12-3272] Current instance is the top level cell 'u_adma/axi_rd_channel/rd_buffer/rd_data_fifo/U0/inst_fifo_gen/gconvfifo.rf/grf.rf/rstblk/ngwrdrst.grst.g7serrst.gnsckt_wrst.gic_rst.xpm_cdc_single_inst_wrst_rd' of design 'design_1' [C:/Xilinx/Vivado/2018.3/data/ip/xpm/xpm_cdc/tcl/xpm_cdc_single.tcl:5]
WARNING: [XPM_CDC_SINGLE: TCL-1000] The source and destination clocks are the same. 
     Instance: u_adma/axi_rd_channel/rd_buffer/rd_data_fifo/U0/inst_fifo_gen/gconvfifo.rf/grf.rf/rstblk/ngwrdrst.grst.g7serrst.gnsckt_wrst.gic_rst.xpm_cdc_single_inst_wrst_rd 
  This will add unnecessary latency to the design. Please check the design for the following: 
 1) Manually instantiated XPM_CDC modules: Xilinx recommends that you remove these modules. 
 2) Xilinx IP that contains XPM_CDC modules: Verify the connections to the IP to determine whether you can safely ignore this message.
 [C:/Xilinx/Vivado/2018.3/data/ip/xpm/xpm_cdc/tcl/xpm_cdc_single.tcl:5]
Finished Sourcing Tcl File [C:/Xilinx/Vivado/2018.3/data/ip/xpm/xpm_cdc/tcl/xpm_cdc_single.tcl] for cell 'u_adma/axi_rd_channel/rd_buffer/rd_data_fifo/U0/inst_fifo_gen/gconvfifo.rf/grf.rf/rstblk/ngwrdrst.grst.g7serrst.gnsckt_wrst.gic_rst.xpm_cdc_single_inst_wrst_rd'
Sourcing Tcl File [C:/Xilinx/Vivado/2018.3/data/ip/xpm/xpm_cdc/tcl/xpm_cdc_single.tcl] for cell 'u_adma/axi_wr_channel/wr_buffer/wr_data_fifo/U0/inst_fifo_gen/gconvfifo.rf/grf.rf/rstblk/ngwrdrst.grst.g7serrst.gnsckt_wrst.gic_rst.xpm_cdc_single_inst_wrst_rd'
Finished Sourcing Tcl File [C:/Xilinx/Vivado/2018.3/data/ip/xpm/xpm_cdc/tcl/xpm_cdc_single.tcl] for cell 'u_adma/axi_wr_channel/wr_buffer/wr_data_fifo/U0/inst_fifo_gen/gconvfifo.rf/grf.rf/rstblk/ngwrdrst.grst.g7serrst.gnsckt_wrst.gic_rst.xpm_cdc_single_inst_wrst_rd'
Sourcing Tcl File [C:/Xilinx/Vivado/2018.3/data/ip/xpm/xpm_cdc/tcl/xpm_cdc_single.tcl] for cell 'u_udp/u0/mac_receive/frame_fifo/U0/inst_fifo_gen/gconvfifo.rf/grf.rf/rstblk/ngwrdrst.grst.g7serrst.gnsckt_wrst.gic_rst.xpm_cdc_single_inst_rrst_wr'
Finished Sourcing Tcl File [C:/Xilinx/Vivado/2018.3/data/ip/xpm/xpm_cdc/tcl/xpm_cdc_single.tcl] for cell 'u_udp/u0/mac_receive/frame_fifo/U0/inst_fifo_gen/gconvfifo.rf/grf.rf/rstblk/ngwrdrst.grst.g7serrst.gnsckt_wrst.gic_rst.xpm_cdc_single_inst_rrst_wr'
Sourcing Tcl File [C:/Xilinx/Vivado/2018.3/data/ip/xpm/xpm_cdc/tcl/xpm_cdc_single.tcl] for cell 'u_udp/u0/mac_receive/frame_fifo/U0/inst_fifo_gen/gconvfifo.rf/grf.rf/rstblk/ngwrdrst.grst.g7serrst.gnsckt_wrst.gic_rst.xpm_cdc_single_inst_wrst_rd'
Finished Sourcing Tcl File [C:/Xilinx/Vivado/2018.3/data/ip/xpm/xpm_cdc/tcl/xpm_cdc_single.tcl] for cell 'u_udp/u0/mac_receive/frame_fifo/U0/inst_fifo_gen/gconvfifo.rf/grf.rf/rstblk/ngwrdrst.grst.g7serrst.gnsckt_wrst.gic_rst.xpm_cdc_single_inst_wrst_rd'
Sourcing Tcl File [C:/Xilinx/Vivado/2018.3/data/ip/xpm/xpm_cdc/tcl/xpm_cdc_single.tcl] for cell 'u_udp/u6/icmp_receive/icmp_rx_fifo/U0/inst_fifo_gen/gconvfifo.rf/grf.rf/rstblk/ngwrdrst.grst.g7serrst.gnsckt_wrst.gic_rst.xpm_cdc_single_inst_rrst_wr'
Finished Sourcing Tcl File [C:/Xilinx/Vivado/2018.3/data/ip/xpm/xpm_cdc/tcl/xpm_cdc_single.tcl] for cell 'u_udp/u6/icmp_receive/icmp_rx_fifo/U0/inst_fifo_gen/gconvfifo.rf/grf.rf/rstblk/ngwrdrst.grst.g7serrst.gnsckt_wrst.gic_rst.xpm_cdc_single_inst_rrst_wr'
Sourcing Tcl File [C:/Xilinx/Vivado/2018.3/data/ip/xpm/xpm_cdc/tcl/xpm_cdc_single.tcl] for cell 'u_udp/u6/icmp_receive/icmp_rx_fifo/U0/inst_fifo_gen/gconvfifo.rf/grf.rf/rstblk/ngwrdrst.grst.g7serrst.gnsckt_wrst.gic_rst.xpm_cdc_single_inst_wrst_rd'
Finished Sourcing Tcl File [C:/Xilinx/Vivado/2018.3/data/ip/xpm/xpm_cdc/tcl/xpm_cdc_single.tcl] for cell 'u_udp/u6/icmp_receive/icmp_rx_fifo/U0/inst_fifo_gen/gconvfifo.rf/grf.rf/rstblk/ngwrdrst.grst.g7serrst.gnsckt_wrst.gic_rst.xpm_cdc_single_inst_wrst_rd'
Sourcing Tcl File [C:/Xilinx/Vivado/2018.3/data/ip/xpm/xpm_cdc/tcl/xpm_cdc_single.tcl] for cell 'u_adma/axi_rd_channel/rd_buffer/rd_cmd_fifo/U0/inst_fifo_gen/gconvfifo.rf/grf.rf/rstblk/ngwrdrst.grst.g7serrst.gnsckt_wrst.gic_rst.xpm_cdc_single_inst_rrst_wr'
INFO: [Vivado 12-3272] Current instance is the top level cell 'u_adma/axi_rd_channel/rd_buffer/rd_cmd_fifo/U0/inst_fifo_gen/gconvfifo.rf/grf.rf/rstblk/ngwrdrst.grst.g7serrst.gnsckt_wrst.gic_rst.xpm_cdc_single_inst_rrst_wr' of design 'design_1' [C:/Xilinx/Vivado/2018.3/data/ip/xpm/xpm_cdc/tcl/xpm_cdc_single.tcl:5]
WARNING: [XPM_CDC_SINGLE: TCL-1000] The source and destination clocks are the same. 
     Instance: u_adma/axi_rd_channel/rd_buffer/rd_cmd_fifo/U0/inst_fifo_gen/gconvfifo.rf/grf.rf/rstblk/ngwrdrst.grst.g7serrst.gnsckt_wrst.gic_rst.xpm_cdc_single_inst_rrst_wr 
  This will add unnecessary latency to the design. Please check the design for the following: 
 1) Manually instantiated XPM_CDC modules: Xilinx recommends that you remove these modules. 
 2) Xilinx IP that contains XPM_CDC modules: Verify the connections to the IP to determine whether you can safely ignore this message.
 [C:/Xilinx/Vivado/2018.3/data/ip/xpm/xpm_cdc/tcl/xpm_cdc_single.tcl:5]
Finished Sourcing Tcl File [C:/Xilinx/Vivado/2018.3/data/ip/xpm/xpm_cdc/tcl/xpm_cdc_single.tcl] for cell 'u_adma/axi_rd_channel/rd_buffer/rd_cmd_fifo/U0/inst_fifo_gen/gconvfifo.rf/grf.rf/rstblk/ngwrdrst.grst.g7serrst.gnsckt_wrst.gic_rst.xpm_cdc_single_inst_rrst_wr'
Sourcing Tcl File [C:/Xilinx/Vivado/2018.3/data/ip/xpm/xpm_cdc/tcl/xpm_cdc_single.tcl] for cell 'u_adma/axi_wr_channel/wr_buffer/wr_cmd_fifo/U0/inst_fifo_gen/gconvfifo.rf/grf.rf/rstblk/ngwrdrst.grst.g7serrst.gnsckt_wrst.gic_rst.xpm_cdc_single_inst_rrst_wr'
Finished Sourcing Tcl File [C:/Xilinx/Vivado/2018.3/data/ip/xpm/xpm_cdc/tcl/xpm_cdc_single.tcl] for cell 'u_adma/axi_wr_channel/wr_buffer/wr_cmd_fifo/U0/inst_fifo_gen/gconvfifo.rf/grf.rf/rstblk/ngwrdrst.grst.g7serrst.gnsckt_wrst.gic_rst.xpm_cdc_single_inst_rrst_wr'
Sourcing Tcl File [C:/Xilinx/Vivado/2018.3/data/ip/xpm/xpm_cdc/tcl/xpm_cdc_single.tcl] for cell 'u_adma/axi_rd_channel/rd_buffer/rd_cmd_fifo/U0/inst_fifo_gen/gconvfifo.rf/grf.rf/rstblk/ngwrdrst.grst.g7serrst.gnsckt_wrst.gic_rst.xpm_cdc_single_inst_wrst_rd'
INFO: [Vivado 12-3272] Current instance is the top level cell 'u_adma/axi_rd_channel/rd_buffer/rd_cmd_fifo/U0/inst_fifo_gen/gconvfifo.rf/grf.rf/rstblk/ngwrdrst.grst.g7serrst.gnsckt_wrst.gic_rst.xpm_cdc_single_inst_wrst_rd' of design 'design_1' [C:/Xilinx/Vivado/2018.3/data/ip/xpm/xpm_cdc/tcl/xpm_cdc_single.tcl:5]
WARNING: [XPM_CDC_SINGLE: TCL-1000] The source and destination clocks are the same. 
     Instance: u_adma/axi_rd_channel/rd_buffer/rd_cmd_fifo/U0/inst_fifo_gen/gconvfifo.rf/grf.rf/rstblk/ngwrdrst.grst.g7serrst.gnsckt_wrst.gic_rst.xpm_cdc_single_inst_wrst_rd 
  This will add unnecessary latency to the design. Please check the design for the following: 
 1) Manually instantiated XPM_CDC modules: Xilinx recommends that you remove these modules. 
 2) Xilinx IP that contains XPM_CDC modules: Verify the connections to the IP to determine whether you can safely ignore this message.
 [C:/Xilinx/Vivado/2018.3/data/ip/xpm/xpm_cdc/tcl/xpm_cdc_single.tcl:5]
Finished Sourcing Tcl File [C:/Xilinx/Vivado/2018.3/data/ip/xpm/xpm_cdc/tcl/xpm_cdc_single.tcl] for cell 'u_adma/axi_rd_channel/rd_buffer/rd_cmd_fifo/U0/inst_fifo_gen/gconvfifo.rf/grf.rf/rstblk/ngwrdrst.grst.g7serrst.gnsckt_wrst.gic_rst.xpm_cdc_single_inst_wrst_rd'
Sourcing Tcl File [C:/Xilinx/Vivado/2018.3/data/ip/xpm/xpm_cdc/tcl/xpm_cdc_single.tcl] for cell 'u_adma/axi_wr_channel/wr_buffer/wr_cmd_fifo/U0/inst_fifo_gen/gconvfifo.rf/grf.rf/rstblk/ngwrdrst.grst.g7serrst.gnsckt_wrst.gic_rst.xpm_cdc_single_inst_wrst_rd'
Finished Sourcing Tcl File [C:/Xilinx/Vivado/2018.3/data/ip/xpm/xpm_cdc/tcl/xpm_cdc_single.tcl] for cell 'u_adma/axi_wr_channel/wr_buffer/wr_cmd_fifo/U0/inst_fifo_gen/gconvfifo.rf/grf.rf/rstblk/ngwrdrst.grst.g7serrst.gnsckt_wrst.gic_rst.xpm_cdc_single_inst_wrst_rd'
Sourcing Tcl File [C:/Xilinx/Vivado/2018.3/data/ip/xpm/xpm_cdc/tcl/xpm_cdc_single.tcl] for cell 'u_udp/u0/mac_send/frame_fifo/U0/inst_fifo_gen/gconvfifo.rf/grf.rf/rstblk/ngwrdrst.grst.g7serrst.gnsckt_wrst.gic_rst.xpm_cdc_single_inst_rrst_wr'
Finished Sourcing Tcl File [C:/Xilinx/Vivado/2018.3/data/ip/xpm/xpm_cdc/tcl/xpm_cdc_single.tcl] for cell 'u_udp/u0/mac_send/frame_fifo/U0/inst_fifo_gen/gconvfifo.rf/grf.rf/rstblk/ngwrdrst.grst.g7serrst.gnsckt_wrst.gic_rst.xpm_cdc_single_inst_rrst_wr'
Sourcing Tcl File [C:/Xilinx/Vivado/2018.3/data/ip/xpm/xpm_cdc/tcl/xpm_cdc_single.tcl] for cell 'u_udp/u0/mac_send/frame_fifo/U0/inst_fifo_gen/gconvfifo.rf/grf.rf/rstblk/ngwrdrst.grst.g7serrst.gnsckt_wrst.gic_rst.xpm_cdc_single_inst_wrst_rd'
Finished Sourcing Tcl File [C:/Xilinx/Vivado/2018.3/data/ip/xpm/xpm_cdc/tcl/xpm_cdc_single.tcl] for cell 'u_udp/u0/mac_send/frame_fifo/U0/inst_fifo_gen/gconvfifo.rf/grf.rf/rstblk/ngwrdrst.grst.g7serrst.gnsckt_wrst.gic_rst.xpm_cdc_single_inst_wrst_rd'
Sourcing Tcl File [C:/Xilinx/Vivado/2018.3/data/ip/xpm/xpm_cdc/tcl/xpm_cdc_single.tcl] for cell 'u_udp/u3/arp_receive/arp_rx_fifo/U0/inst_fifo_gen/gconvfifo.rf/grf.rf/rstblk/ngwrdrst.grst.g7serrst.gnsckt_wrst.gic_rst.xpm_cdc_single_inst_rrst_wr'
Finished Sourcing Tcl File [C:/Xilinx/Vivado/2018.3/data/ip/xpm/xpm_cdc/tcl/xpm_cdc_single.tcl] for cell 'u_udp/u3/arp_receive/arp_rx_fifo/U0/inst_fifo_gen/gconvfifo.rf/grf.rf/rstblk/ngwrdrst.grst.g7serrst.gnsckt_wrst.gic_rst.xpm_cdc_single_inst_rrst_wr'
Sourcing Tcl File [C:/Xilinx/Vivado/2018.3/data/ip/xpm/xpm_cdc/tcl/xpm_cdc_single.tcl] for cell 'u_udp/u3/arp_receive/arp_rx_fifo/U0/inst_fifo_gen/gconvfifo.rf/grf.rf/rstblk/ngwrdrst.grst.g7serrst.gnsckt_wrst.gic_rst.xpm_cdc_single_inst_wrst_rd'
Finished Sourcing Tcl File [C:/Xilinx/Vivado/2018.3/data/ip/xpm/xpm_cdc/tcl/xpm_cdc_single.tcl] for cell 'u_udp/u3/arp_receive/arp_rx_fifo/U0/inst_fifo_gen/gconvfifo.rf/grf.rf/rstblk/ngwrdrst.grst.g7serrst.gnsckt_wrst.gic_rst.xpm_cdc_single_inst_wrst_rd'
Sourcing Tcl File [C:/Xilinx/Vivado/2018.3/data/ip/xpm/xpm_cdc/tcl/xpm_cdc_single.tcl] for cell 'u_udp/u0/mac_receive/data_fifo/U0/inst_fifo_gen/gconvfifo.rf/grf.rf/rstblk/ngwrdrst.grst.g7serrst.gnsckt_wrst.gic_rst.xpm_cdc_single_inst_rrst_wr'
Finished Sourcing Tcl File [C:/Xilinx/Vivado/2018.3/data/ip/xpm/xpm_cdc/tcl/xpm_cdc_single.tcl] for cell 'u_udp/u0/mac_receive/data_fifo/U0/inst_fifo_gen/gconvfifo.rf/grf.rf/rstblk/ngwrdrst.grst.g7serrst.gnsckt_wrst.gic_rst.xpm_cdc_single_inst_rrst_wr'
Sourcing Tcl File [C:/Xilinx/Vivado/2018.3/data/ip/xpm/xpm_cdc/tcl/xpm_cdc_single.tcl] for cell 'u_udp/u0/mac_send/data_fifo/U0/inst_fifo_gen/gconvfifo.rf/grf.rf/rstblk/ngwrdrst.grst.g7serrst.gnsckt_wrst.gic_rst.xpm_cdc_single_inst_rrst_wr'
Finished Sourcing Tcl File [C:/Xilinx/Vivado/2018.3/data/ip/xpm/xpm_cdc/tcl/xpm_cdc_single.tcl] for cell 'u_udp/u0/mac_send/data_fifo/U0/inst_fifo_gen/gconvfifo.rf/grf.rf/rstblk/ngwrdrst.grst.g7serrst.gnsckt_wrst.gic_rst.xpm_cdc_single_inst_rrst_wr'
Sourcing Tcl File [C:/Xilinx/Vivado/2018.3/data/ip/xpm/xpm_cdc/tcl/xpm_cdc_single.tcl] for cell 'u_udp/u0/mac_receive/data_fifo/U0/inst_fifo_gen/gconvfifo.rf/grf.rf/rstblk/ngwrdrst.grst.g7serrst.gnsckt_wrst.gic_rst.xpm_cdc_single_inst_wrst_rd'
Finished Sourcing Tcl File [C:/Xilinx/Vivado/2018.3/data/ip/xpm/xpm_cdc/tcl/xpm_cdc_single.tcl] for cell 'u_udp/u0/mac_receive/data_fifo/U0/inst_fifo_gen/gconvfifo.rf/grf.rf/rstblk/ngwrdrst.grst.g7serrst.gnsckt_wrst.gic_rst.xpm_cdc_single_inst_wrst_rd'
Sourcing Tcl File [C:/Xilinx/Vivado/2018.3/data/ip/xpm/xpm_cdc/tcl/xpm_cdc_single.tcl] for cell 'u_udp/u0/mac_send/data_fifo/U0/inst_fifo_gen/gconvfifo.rf/grf.rf/rstblk/ngwrdrst.grst.g7serrst.gnsckt_wrst.gic_rst.xpm_cdc_single_inst_wrst_rd'
Finished Sourcing Tcl File [C:/Xilinx/Vivado/2018.3/data/ip/xpm/xpm_cdc/tcl/xpm_cdc_single.tcl] for cell 'u_udp/u0/mac_send/data_fifo/U0/inst_fifo_gen/gconvfifo.rf/grf.rf/rstblk/ngwrdrst.grst.g7serrst.gnsckt_wrst.gic_rst.xpm_cdc_single_inst_wrst_rd'
INFO: [Opt 31-138] Pushed 0 inverter(s) to 0 load pin(s).
Netlist sorting complete. Time (s): cpu = 00:00:00 ; elapsed = 00:00:00.011 . Memory (MB): peak = 1417.371 ; gain = 0.000
INFO: [Project 1-111] Unisim Transformation Summary:
  A total of 1290 instances were transformed.
  CFGLUT5 => CFGLUT5 (SRLC32E, SRL16E): 376 instances
  IOBUFDS_DIFF_OUT_INTERMDISABLE => IOBUFDS_DIFF_OUT_INTERMDISABLE (IBUFDS_INTERMDISABLE_INT, IBUFDS_INTERMDISABLE_INT, INV, OBUFTDS, OBUFTDS): 2 instances
  IOBUF_INTERMDISABLE => IOBUF_INTERMDISABLE (IBUF_INTERMDISABLE, OBUFT): 16 instances
  OBUFDS => OBUFDS_DUAL_BUF (INV, OBUFDS, OBUFDS): 1 instances
  RAM32M => RAM32M (RAMD32, RAMD32, RAMD32, RAMD32, RAMD32, RAMD32, RAMS32, RAMS32): 191 instances
  RAM64M => RAM64M (RAMD64E, RAMD64E, RAMD64E, RAMD64E): 416 instances
  RAM64X1D => RAM64X1D (RAMD64E, RAMD64E): 288 instances

31 Infos, 8 Warnings, 1 Critical Warnings and 0 Errors encountered.
link_design completed successfully
link_design: Time (s): cpu = 00:00:18 ; elapsed = 00:00:18 . Memory (MB): peak = 1417.371 ; gain = 1064.676
source archive/project2_v8_xadc_acquisition/scripts/apply_post_link_constraints.tcl
POST_LINK_CDC_CONSTRAINT_APPLIED
Command: opt_design
Attempting to get a license for feature 'Implementation' and/or device 'xc7a35t'
INFO: [Common 17-349] Got license for feature 'Implementation' and/or device 'xc7a35t'
Running DRC as a precondition to command opt_design

Starting DRC Task
INFO: [DRC 23-27] Running DRC with 2 threads
INFO: [Project 1-461] DRC finished with 0 Errors
INFO: [Project 1-462] Please refer to the DRC report (report_drc) for more information.

Time (s): cpu = 00:00:02 ; elapsed = 00:00:00.830 . Memory (MB): peak = 1417.371 ; gain = 0.000

Starting Cache Timing Information Task
Ending Cache Timing Information Task | Checksum: 1e7787f43

Time (s): cpu = 00:00:00 ; elapsed = 00:00:00.038 . Memory (MB): peak = 1417.371 ; gain = 0.000

Starting Logic Optimization Task

Phase 1 Generate And Synthesize Debug Cores
INFO: [Chipscope 16-329] Generating Script for core instance : dbg_hub 
ERROR: [Chipscope 16-302] Could not generate core for dbg_hub. Aborting IP Generation operaion. The current Vivado temporary directory path, 'archive/project2_v8_xadc_acquisition/build/project2_v8_xadc_acquisition.runs/impl_1/.Xil/Vivado-39260-Hugo', is 190 characters. Errors on the host OS will occur when trying to insert logic for debug core 'dbg_hub' when temporary directory paths exceed 146 characters. Please move this Vivado project or the Vivado working directory to a shorter path; alternately consider using the OS subst command to map part of the path to a drive letter.
  
	
Phase 1 Generate And Synthesize Debug Cores | Checksum: 1e7787f43

Time (s): cpu = 00:00:00 ; elapsed = 00:00:00.082 . Memory (MB): peak = 1464.320 ; gain = 0.273
INFO: [Common 17-83] Releasing license: Implementation
37 Infos, 8 Warnings, 1 Critical Warnings and 2 Errors encountered.
opt_design failed
ERROR: [Chipscope 16-338] Implementing debug Cores failed due to earlier errors
INFO: [Common 17-206] Exiting Vivado at Tue Sep 22 19:40:11 2026...
[Tue Sep 22 19:40:11 2026] impl_1 finished
wait_on_run: Time (s): cpu = 00:00:00 ; elapsed = 00:03:01 . Memory (MB): peak = 365.949 ; gain = 4.656
# open_run impl_1
ERROR: [Common 17-69] Command failed: Run 'impl_1' failed. Unable to open
INFO: [Common 17-206] Exiting Vivado at Tue Sep 22 19:40:11 2026...
