#-----------------------------------------------------------
# Vivado v2018.3 (64-bit)
# SW Build 2405991 on Thu Dec  6 23:38:27 MST 2018
# IP Build 2404404 on Fri Dec  7 01:43:56 MST 2018
# Start of session at: Tue Sep 22 19:46:33 2026
# Process ID: 43620
# Current directory: archive/project2_v8_xadc_acquisition
# Command line: vivado.exe -mode batch -source V:\outputs\project2_v8_xadc_acquisition\scripts\query_mig_temp.tcl -log V:\outputs\project2_v8_xadc_acquisition\query_mig_temp.log -journal V:\outputs\project2_v8_xadc_acquisition\query_mig_temp.jou
# Log file: V:/outputs/project2_v8_xadc_acquisition/query_mig_temp.log
# Journal file: V:\outputs\project2_v8_xadc_acquisition\query_mig_temp.jou
#-----------------------------------------------------------
source {V:\outputs\project2_v8_xadc_acquisition\scripts\query_mig_temp.tcl}
# set script_dir [file dirname [file normalize [info script]]]
# set root_dir [file normalize [file join $script_dir ..]]
# open_project [file join $root_dir build project2_v8_xadc_acquisition.xpr]
Scanning sources...
Finished scanning sources
INFO: [IP_Flow 19-234] Refreshing IP repositories
INFO: [IP_Flow 19-1704] No user IP repositories specified
INFO: [IP_Flow 19-2313] Loaded Vivado IP repository 'C:/Xilinx/Vivado/2018.3/data/ip'.
# set ip [get_ips mig_7series_0]
WARNING: [Vivado 12-3672] The is_managed property should only be queried on the file object representing this IP. Use the get_files command to access file objects.
WARNING: [Vivado 12-3670] The generate_synth_checkpoint property should only be queried on the file object representing this IP. Use the get_files command to access file objects.
# foreach p [list_property $ip] {
#     if {[string match -nocase *temp* $p]} {
#         puts "$p=[get_property $p $ip]"
#     }
# }
# close_project
INFO: [Common 17-206] Exiting Vivado at Tue Sep 22 19:46:39 2026...
