#-----------------------------------------------------------
# Vivado v2018.3 (64-bit)
# SW Build 2405991 on Thu Dec  6 23:38:27 MST 2018
# IP Build 2404404 on Fri Dec  7 01:43:56 MST 2018
# Start of session at: Tue Sep 22 19:49:48 2026
# Process ID: 28280
# Current directory: archive/project2_v8_xadc_acquisition
# Command line: vivado.exe -mode batch -source V:\outputs\project2_v8_xadc_acquisition\scripts\regenerate_mig.tcl -log V:\outputs\project2_v8_xadc_acquisition\regenerate_mig.log -journal V:\outputs\project2_v8_xadc_acquisition\regenerate_mig.jou
# Log file: V:/outputs/project2_v8_xadc_acquisition/regenerate_mig.log
# Journal file: V:\outputs\project2_v8_xadc_acquisition\regenerate_mig.jou
#-----------------------------------------------------------
source {V:\outputs\project2_v8_xadc_acquisition\scripts\regenerate_mig.tcl}
# set script_dir [file dirname [file normalize [info script]]]
# set root_dir [file normalize [file join $script_dir ..]]
# open_project [file join $root_dir build project2_v8_xadc_acquisition.xpr]
Scanning sources...
Finished scanning sources
INFO: [IP_Flow 19-234] Refreshing IP repositories
INFO: [IP_Flow 19-1704] No user IP repositories specified
INFO: [IP_Flow 19-2313] Loaded Vivado IP repository 'C:/Xilinx/Vivado/2018.3/data/ip'.
# set mig [get_ips mig_7series_0]
# reset_target all $mig
# generate_target all $mig
INFO: [IP_Flow 19-1686] Generating 'Instantiation Template' target for IP 'mig_7series_0'...
INFO: [IP_Flow 19-1686] Generating 'Synthesis' target for IP 'mig_7series_0'...
INFO: [IP_Flow 19-1686] Generating 'Simulation' target for IP 'mig_7series_0'...
INFO: [IP_Flow 19-1686] Generating 'Implementation' target for IP 'mig_7series_0'...
INFO: [IP_Flow 19-1686] Generating 'Change Log' target for IP 'mig_7series_0'...
generate_target: Time (s): cpu = 00:00:04 ; elapsed = 00:00:06 . Memory (MB): peak = 539.738 ; gain = 183.043
# export_ip_user_files -of_objects $mig -no_script -sync -force -quiet
# close_project
INFO: [Common 17-206] Exiting Vivado at Tue Sep 22 19:50:00 2026...
