Copyright 1986-2018 Xilinx, Inc. All Rights Reserved.
-----------------------------------------------------------------------------------------------------------------------------------------------------------------------------------------
| Tool Version : Vivado v.2018.3 (win64) Build 2405991 Thu Dec  6 23:38:27 MST 2018
| Date         : Sat Sep 19 12:37:18 2026
| Host         : Hugo running 64-bit major release  (build 9200)
| Command      : report_timing_summary -file archive/project2_v1_udp/reports/timing_summary.rpt
| Design       : project2_v1_top
| Device       : 7a35t-fgg484
| Speed File   : -2  PRODUCTION 1.23 2018-06-13
-----------------------------------------------------------------------------------------------------------------------------------------------------------------------------------------

Timing Summary Report

------------------------------------------------------------------------------------------------
| Timer Settings
| --------------
------------------------------------------------------------------------------------------------

  Enable Multi Corner Analysis               :  Yes
  Enable Pessimism Removal                   :  Yes
  Pessimism Removal Resolution               :  Nearest Common Node
  Enable Input Delay Default Clock           :  No
  Enable Preset / Clear Arcs                 :  No
  Disable Flight Delays                      :  No
  Ignore I/O Paths                           :  No
  Timing Early Launch at Borrowing Latches   :  false

  Corner  Analyze    Analyze    
  Name    Max Paths  Min Paths  
  ------  ---------  ---------  
  Slow    Yes        Yes        
  Fast    Yes        Yes        



check_timing report

Table of Contents
-----------------
1. checking no_clock
2. checking constant_clock
3. checking pulse_width_clock
4. checking unconstrained_internal_endpoints
5. checking no_input_delay
6. checking no_output_delay
7. checking multiple_clock
8. checking generated_clocks
9. checking loops
10. checking partial_input_delay
11. checking partial_output_delay
12. checking latch_loops

1. checking no_clock
--------------------
 There are 8 register/latch pins with no clock driven by root clock pin: u_udp_protocol_stack/u0/mac_send/crc_cnt_reg[2]/Q (HIGH)


2. checking constant_clock
--------------------------
 There are 0 register/latch pins with constant_clock.


3. checking pulse_width_clock
-----------------------------
 There are 0 register/latch pins which need pulse_width check


4. checking unconstrained_internal_endpoints
--------------------------------------------
 There are 16 pins that are not constrained for maximum delay. (HIGH)

 There are 0 pins that are not constrained for maximum delay due to constant clock.


5. checking no_input_delay
--------------------------
 There are 6 input ports with no input delay specified. (HIGH)

 There are 0 input ports with no input delay but user has a false path constraint.


6. checking no_output_delay
---------------------------
 There are 6 ports with no output delay specified. (HIGH)

 There are 0 ports with no output delay but user has a false path constraint

 There are 0 ports with no output delay but with a timing clock defined on it or propagating through it


7. checking multiple_clock
--------------------------
 There are 0 register/latch pins with multiple clocks.


8. checking generated_clocks
----------------------------
 There are 0 generated clocks that are not connected to a clock source.


9. checking loops
-----------------
 There are 0 combinational loops in the design.


10. checking partial_input_delay
--------------------------------
 There are 0 input ports with partial input delay specified.


11. checking partial_output_delay
---------------------------------
 There are 0 ports with partial output delay specified.


12. checking latch_loops
------------------------
 There are 0 combinational latch loops in the design through latch input



------------------------------------------------------------------------------------------------
| Design Timing Summary
| ---------------------
------------------------------------------------------------------------------------------------

    WNS(ns)      TNS(ns)  TNS Failing Endpoints  TNS Total Endpoints      WHS(ns)      THS(ns)  THS Failing Endpoints  THS Total Endpoints     WPWS(ns)     TPWS(ns)  TPWS Failing Endpoints  TPWS Total Endpoints  
    -------      -------  ---------------------  -------------------      -------      -------  ---------------------  -------------------     --------     --------  ----------------------  --------------------  
      1.082        0.000                      0                11950        0.063        0.000                      0                11918        0.264        0.000                       0                  4453  


All user specified timing constraints are met.


------------------------------------------------------------------------------------------------
| Clock Summary
| -------------
------------------------------------------------------------------------------------------------

Clock                 Waveform(ns)         Period(ns)      Frequency(MHz)
-----                 ------------         ----------      --------------
eth_rxc               {0.000 4.000}        8.000           125.000         
sys_clk               {0.000 10.000}       20.000          50.000          
  clk_out1_clk_wiz_0  {0.000 2.500}        5.000           200.000         
  clk_out2_clk_wiz_0  {0.000 4.000}        8.000           125.000         
  clkfbout_clk_wiz_0  {0.000 10.000}       20.000          50.000          


------------------------------------------------------------------------------------------------
| Intra Clock Table
| -----------------
------------------------------------------------------------------------------------------------

Clock                     WNS(ns)      TNS(ns)  TNS Failing Endpoints  TNS Total Endpoints      WHS(ns)      THS(ns)  THS Failing Endpoints  THS Total Endpoints     WPWS(ns)     TPWS(ns)  TPWS Failing Endpoints  TPWS Total Endpoints  
-----                     -------      -------  ---------------------  -------------------      -------      -------  ---------------------  -------------------     --------     --------  ----------------------  --------------------  
eth_rxc                     4.083        0.000                      0                  863        0.100        0.000                      0                  863        2.870        0.000                       0                   450  
sys_clk                                                                                                                                                                 7.000        0.000                       0                     1  
  clk_out1_clk_wiz_0                                                                                                                                                    0.264        0.000                       0                     3  
  clk_out2_clk_wiz_0        1.082        0.000                      0                10236        0.063        0.000                      0                10236        2.870        0.000                       0                  3996  
  clkfbout_clk_wiz_0                                                                                                                                                   18.408        0.000                       0                     3  


------------------------------------------------------------------------------------------------
| Inter Clock Table
| -----------------
------------------------------------------------------------------------------------------------

From Clock          To Clock                WNS(ns)      TNS(ns)  TNS Failing Endpoints  TNS Total Endpoints      WHS(ns)      THS(ns)  THS Failing Endpoints  THS Total Endpoints  
----------          --------                -------      -------  ---------------------  -------------------      -------      -------  ---------------------  -------------------  
clk_out2_clk_wiz_0  eth_rxc                   6.949        0.000                      0                   16                                                                        
eth_rxc             clk_out2_clk_wiz_0        6.880        0.000                      0                   16                                                                        


------------------------------------------------------------------------------------------------
| Other Path Groups Table
| -----------------------
------------------------------------------------------------------------------------------------

Path Group          From Clock          To Clock                WNS(ns)      TNS(ns)  TNS Failing Endpoints  TNS Total Endpoints      WHS(ns)      THS(ns)  THS Failing Endpoints  THS Total Endpoints  
----------          ----------          --------                -------      -------  ---------------------  -------------------      -------      -------  ---------------------  -------------------  
**async_default**   clk_out2_clk_wiz_0  clk_out2_clk_wiz_0        2.195        0.000                      0                  733        0.337        0.000                      0                  733  
**async_default**   clk_out2_clk_wiz_0  eth_rxc                   4.732        0.000                      0                   16        0.298        0.000                      0                   16  
**async_default**   eth_rxc             eth_rxc                   6.184        0.000                      0                   70        0.363        0.000                      0                   70  


------------------------------------------------------------------------------------------------
| Timing Details
| --------------
------------------------------------------------------------------------------------------------


---------------------------------------------------------------------------------------------------
From Clock:  eth_rxc
  To Clock:  eth_rxc

Setup :            0  Failing Endpoints,  Worst Slack        4.083ns,  Total Violation        0.000ns
Hold  :            0  Failing Endpoints,  Worst Slack        0.100ns,  Total Violation        0.000ns
PW    :            0  Failing Endpoints,  Worst Slack        2.870ns,  Total Violation        0.000ns
---------------------------------------------------------------------------------------------------


Max Delay Paths
--------------------------------------------------------------------------------------
Slack (MET) :             4.083ns  (required time - arrival time)
  Source:                 u_udp_protocol_stack/u0/mac_receive/rx_cnt_reg[6]/C
                            (rising edge-triggered cell FDRE clocked by eth_rxc  {rise@0.000ns fall@4.000ns period=8.000ns})
  Destination:            u_udp_protocol_stack/u0/mac_receive/crc_en_reg/D
                            (rising edge-triggered cell FDRE clocked by eth_rxc  {rise@0.000ns fall@4.000ns period=8.000ns})
  Path Group:             eth_rxc
  Path Type:              Setup (Max at Slow Process Corner)
  Requirement:            8.000ns  (eth_rxc rise@8.000ns - eth_rxc rise@0.000ns)
  Data Path Delay:        3.659ns  (logic 0.704ns (19.238%)  route 2.955ns (80.762%))
  Logic Levels:           3  (LUT4=1 LUT6=2)
  Clock Path Skew:        -0.045ns (DCD - SCD + CPR)
    Destination Clock Delay (DCD):    4.362ns = ( 12.362 - 8.000 ) 
    Source Clock Delay      (SCD):    4.632ns
    Clock Pessimism Removal (CPR):    0.225ns
  Clock Uncertainty:      0.035ns  ((TSJ^2 + TIJ^2)^1/2 + DJ) / 2 + PE
    Total System Jitter     (TSJ):    0.071ns
    Total Input Jitter      (TIJ):    0.000ns
    Discrete Jitter          (DJ):    0.000ns
    Phase Error              (PE):    0.000ns

    Location             Delay type                Incr(ns)  Path(ns)    Netlist Resource(s)
  -------------------------------------------------------------------    -------------------
                         (clock eth_rxc rise edge)    0.000     0.000 r  
    W19                                               0.000     0.000 r  eth_rxc (IN)
                         net (fo=0)                   0.000     0.000    u_rgmii_interface/u0/eth_rxc
    W19                  IBUF (Prop_ibuf_I_O)         1.423     1.423 r  u_rgmii_interface/u0/rgmii_clk_ibuf/O
                         net (fo=2, routed)           1.693     3.116    u_rgmii_interface/u0/phy_rgmii_rx_clk_ibuf
    BUFGCTRL_X0Y2        BUFG (Prop_bufg_I_O)         0.081     3.197 r  u_rgmii_interface/u0/BUFG_rx_clk/O
                         net (fo=443, routed)         1.435     4.632    u_udp_protocol_stack/u0/mac_receive/phy_rx_clk
    SLICE_X4Y37          FDRE                                         r  u_udp_protocol_stack/u0/mac_receive/rx_cnt_reg[6]/C
  -------------------------------------------------------------------    -------------------
    SLICE_X4Y37          FDRE (Prop_fdre_C_Q)         0.379     5.011 f  u_udp_protocol_stack/u0/mac_receive/rx_cnt_reg[6]/Q
                         net (fo=6, routed)           0.958     5.969    u_udp_protocol_stack/u0/mac_receive/rx_cnt_reg__0[6]
    SLICE_X2Y37          LUT6 (Prop_lut6_I0_O)        0.105     6.074 f  u_udp_protocol_stack/u0/mac_receive/rx_target_mac[47]_i_2/O
                         net (fo=5, routed)           0.342     6.416    u_udp_protocol_stack/u0/mac_receive/rx_target_mac[47]_i_2_n_0
    SLICE_X5Y37          LUT6 (Prop_lut6_I5_O)        0.105     6.521 r  u_udp_protocol_stack/u0/mac_receive/crc_en_i_2/O
                         net (fo=2, routed)           0.913     7.434    u_udp_protocol_stack/u0/mac_receive/crc_en_i_2_n_0
    SLICE_X3Y34          LUT4 (Prop_lut4_I3_O)        0.115     7.549 r  u_udp_protocol_stack/u0/mac_receive/crc_en_i_1/O
                         net (fo=1, routed)           0.742     8.291    u_udp_protocol_stack/u0/mac_receive/crc_en_i_1_n_0
    SLICE_X2Y34          FDRE                                         r  u_udp_protocol_stack/u0/mac_receive/crc_en_reg/D
  -------------------------------------------------------------------    -------------------

                         (clock eth_rxc rise edge)    8.000     8.000 r  
    W19                                               0.000     8.000 r  eth_rxc (IN)
                         net (fo=0)                   0.000     8.000    u_rgmii_interface/u0/eth_rxc
    W19                  IBUF (Prop_ibuf_I_O)         1.357     9.357 r  u_rgmii_interface/u0/rgmii_clk_ibuf/O
                         net (fo=2, routed)           1.604    10.962    u_rgmii_interface/u0/phy_rgmii_rx_clk_ibuf
    BUFGCTRL_X0Y2        BUFG (Prop_bufg_I_O)         0.077    11.039 r  u_rgmii_interface/u0/BUFG_rx_clk/O
                         net (fo=443, routed)         1.324    12.362    u_udp_protocol_stack/u0/mac_receive/phy_rx_clk
    SLICE_X2Y34          FDRE                                         r  u_udp_protocol_stack/u0/mac_receive/crc_en_reg/C
                         clock pessimism              0.225    12.587    
                         clock uncertainty           -0.035    12.552    
    SLICE_X2Y34          FDRE (Setup_fdre_C_D)       -0.177    12.375    u_udp_protocol_stack/u0/mac_receive/crc_en_reg
  -------------------------------------------------------------------
                         required time                         12.375    
                         arrival time                          -8.291    
  -------------------------------------------------------------------
                         slack                                  4.083    





Min Delay Paths
--------------------------------------------------------------------------------------
Slack (MET) :             0.100ns  (arrival time - required time)
  Source:                 u_udp_protocol_stack/u0/mac_receive/frame_din_reg[8]/C
                            (rising edge-triggered cell FDRE clocked by eth_rxc  {rise@0.000ns fall@4.000ns period=8.000ns})
  Destination:            u_udp_protocol_stack/u0/mac_receive/frame_fifo/U0/inst_fifo_gen/gconvfifo.rf/grf.rf/gntv_or_sync_fifo.mem/gdm.dm_gen.dm/RAM_reg_0_15_6_11/RAMB/I
                            (rising edge-triggered cell RAMD32 clocked by eth_rxc  {rise@0.000ns fall@4.000ns period=8.000ns})
  Path Group:             eth_rxc
  Path Type:              Hold (Min at Fast Process Corner)
  Requirement:            0.000ns  (eth_rxc rise@0.000ns - eth_rxc rise@0.000ns)
  Data Path Delay:        0.281ns  (logic 0.164ns (58.326%)  route 0.117ns (41.674%))
  Logic Levels:           0  
  Clock Path Skew:        0.035ns (DCD - SCD - CPR)
    Destination Clock Delay (DCD):    1.996ns
    Source Clock Delay      (SCD):    1.482ns
    Clock Pessimism Removal (CPR):    0.480ns

    Location             Delay type                Incr(ns)  Path(ns)    Netlist Resource(s)
  -------------------------------------------------------------------    -------------------
                         (clock eth_rxc rise edge)    0.000     0.000 r  
    W19                                               0.000     0.000 r  eth_rxc (IN)
                         net (fo=0)                   0.000     0.000    u_rgmii_interface/u0/eth_rxc
    W19                  IBUF (Prop_ibuf_I_O)         0.260     0.260 r  u_rgmii_interface/u0/rgmii_clk_ibuf/O
                         net (fo=2, routed)           0.634     0.894    u_rgmii_interface/u0/phy_rgmii_rx_clk_ibuf
    BUFGCTRL_X0Y2        BUFG (Prop_bufg_I_O)         0.026     0.920 r  u_rgmii_interface/u0/BUFG_rx_clk/O
                         net (fo=443, routed)         0.562     1.482    u_udp_protocol_stack/u0/mac_receive/phy_rx_clk
    SLICE_X8Y35          FDRE                                         r  u_udp_protocol_stack/u0/mac_receive/frame_din_reg[8]/C
  -------------------------------------------------------------------    -------------------
    SLICE_X8Y35          FDRE (Prop_fdre_C_Q)         0.164     1.646 r  u_udp_protocol_stack/u0/mac_receive/frame_din_reg[8]/Q
                         net (fo=1, routed)           0.117     1.763    u_udp_protocol_stack/u0/mac_receive/frame_fifo/U0/inst_fifo_gen/gconvfifo.rf/grf.rf/gntv_or_sync_fifo.mem/gdm.dm_gen.dm/RAM_reg_0_15_6_11/DIB0
    SLICE_X10Y36         RAMD32                                       r  u_udp_protocol_stack/u0/mac_receive/frame_fifo/U0/inst_fifo_gen/gconvfifo.rf/grf.rf/gntv_or_sync_fifo.mem/gdm.dm_gen.dm/RAM_reg_0_15_6_11/RAMB/I
  -------------------------------------------------------------------    -------------------

                         (clock eth_rxc rise edge)    0.000     0.000 r  
    W19                                               0.000     0.000 r  eth_rxc (IN)
                         net (fo=0)                   0.000     0.000    u_rgmii_interface/u0/eth_rxc
    W19                  IBUF (Prop_ibuf_I_O)         0.448     0.448 r  u_rgmii_interface/u0/rgmii_clk_ibuf/O
                         net (fo=2, routed)           0.689     1.137    u_rgmii_interface/u0/phy_rgmii_rx_clk_ibuf
    BUFGCTRL_X0Y2        BUFG (Prop_bufg_I_O)         0.029     1.166 r  u_rgmii_interface/u0/BUFG_rx_clk/O
                         net (fo=443, routed)         0.831     1.996    u_udp_protocol_stack/u0/mac_receive/frame_fifo/U0/inst_fifo_gen/gconvfifo.rf/grf.rf/gntv_or_sync_fifo.mem/gdm.dm_gen.dm/RAM_reg_0_15_6_11/WCLK
    SLICE_X10Y36         RAMD32                                       r  u_udp_protocol_stack/u0/mac_receive/frame_fifo/U0/inst_fifo_gen/gconvfifo.rf/grf.rf/gntv_or_sync_fifo.mem/gdm.dm_gen.dm/RAM_reg_0_15_6_11/RAMB/CLK
                         clock pessimism             -0.480     1.517    
    SLICE_X10Y36         RAMD32 (Hold_ramd32_CLK_I)
                                                      0.146     1.663    u_udp_protocol_stack/u0/mac_receive/frame_fifo/U0/inst_fifo_gen/gconvfifo.rf/grf.rf/gntv_or_sync_fifo.mem/gdm.dm_gen.dm/RAM_reg_0_15_6_11/RAMB
  -------------------------------------------------------------------
                         required time                         -1.663    
                         arrival time                           1.763    
  -------------------------------------------------------------------
                         slack                                  0.100    





Pulse Width Checks
--------------------------------------------------------------------------------------
Clock Name:         eth_rxc
Waveform(ns):       { 0.000 4.000 }
Period(ns):         8.000
Sources:            { eth_rxc }

Check Type        Corner  Lib Pin             Reference Pin  Required(ns)  Actual(ns)  Slack(ns)  Location      Pin
Min Period        n/a     RAMB36E1/CLKARDCLK  n/a            2.170         8.000       5.830      RAMB36_X0Y5   u_udp_protocol_stack/u0/mac_receive/data_fifo/U0/inst_fifo_gen/gconvfifo.rf/grf.rf/gntv_or_sync_fifo.mem/gbm.gbmg.gbmga.ngecc.bmg/inst_blk_mem_gen/gnbram.gnativebmg.native_blk_mem_gen/valid.cstr/ramloop[0].ram.r/prim_noinit.ram/DEVICE_7SERIES.NO_BMM_INFO.SDP.SIMPLE_PRIM36.ram/CLKARDCLK
Low Pulse Width   Slow    RAMD32/CLK          n/a            1.130         4.000       2.870      SLICE_X10Y35  u_udp_protocol_stack/u0/mac_receive/frame_fifo/U0/inst_fifo_gen/gconvfifo.rf/grf.rf/gntv_or_sync_fifo.mem/gdm.dm_gen.dm/RAM_reg_0_15_0_5/RAMA/CLK
High Pulse Width  Fast    RAMD32/CLK          n/a            1.130         4.000       2.870      SLICE_X10Y35  u_udp_protocol_stack/u0/mac_receive/frame_fifo/U0/inst_fifo_gen/gconvfifo.rf/grf.rf/gntv_or_sync_fifo.mem/gdm.dm_gen.dm/RAM_reg_0_15_0_5/RAMA/CLK



---------------------------------------------------------------------------------------------------
From Clock:  sys_clk
  To Clock:  sys_clk

Setup :           NA  Failing Endpoints,  Worst Slack           NA  ,  Total Violation           NA
Hold  :           NA  Failing Endpoints,  Worst Slack           NA  ,  Total Violation           NA
PW    :            0  Failing Endpoints,  Worst Slack        7.000ns,  Total Violation        0.000ns
---------------------------------------------------------------------------------------------------


Pulse Width Checks
--------------------------------------------------------------------------------------
Clock Name:         sys_clk
Waveform(ns):       { 0.000 10.000 }
Period(ns):         20.000
Sources:            { sys_clk }

Check Type        Corner  Lib Pin            Reference Pin  Required(ns)  Actual(ns)  Slack(ns)  Location         Pin
Min Period        n/a     MMCME2_ADV/CLKIN1  n/a            1.249         20.000      18.751     MMCME2_ADV_X1Y0  u_clock_and_reset/clk_wiz_0/inst/mmcm_adv_inst/CLKIN1
Max Period        n/a     MMCME2_ADV/CLKIN1  n/a            100.000       20.000      80.000     MMCME2_ADV_X1Y0  u_clock_and_reset/clk_wiz_0/inst/mmcm_adv_inst/CLKIN1
Low Pulse Width   Fast    MMCME2_ADV/CLKIN1  n/a            3.000         10.000      7.000      MMCME2_ADV_X1Y0  u_clock_and_reset/clk_wiz_0/inst/mmcm_adv_inst/CLKIN1
High Pulse Width  Slow    MMCME2_ADV/CLKIN1  n/a            3.000         10.000      7.000      MMCME2_ADV_X1Y0  u_clock_and_reset/clk_wiz_0/inst/mmcm_adv_inst/CLKIN1



---------------------------------------------------------------------------------------------------
From Clock:  clk_out1_clk_wiz_0
  To Clock:  clk_out1_clk_wiz_0

Setup :           NA  Failing Endpoints,  Worst Slack           NA  ,  Total Violation           NA
Hold  :           NA  Failing Endpoints,  Worst Slack           NA  ,  Total Violation           NA
PW    :            0  Failing Endpoints,  Worst Slack        0.264ns,  Total Violation        0.000ns
---------------------------------------------------------------------------------------------------


Pulse Width Checks
--------------------------------------------------------------------------------------
Clock Name:         clk_out1_clk_wiz_0
Waveform(ns):       { 0.000 2.500 }
Period(ns):         5.000
Sources:            { u_clock_and_reset/clk_wiz_0/inst/mmcm_adv_inst/CLKOUT0 }

Check Type  Corner  Lib Pin            Reference Pin  Required(ns)  Actual(ns)  Slack(ns)  Location         Pin
Min Period  n/a     IDELAYCTRL/REFCLK  n/a            2.438         5.000       2.562      IDELAYCTRL_X0Y0  u_rgmii_interface/u0/ldelayctrl_rx/REFCLK
Max Period  n/a     IDELAYCTRL/REFCLK  n/a            5.264         5.000       0.264      IDELAYCTRL_X0Y0  u_rgmii_interface/u0/ldelayctrl_rx/REFCLK



---------------------------------------------------------------------------------------------------
From Clock:  clk_out2_clk_wiz_0
  To Clock:  clk_out2_clk_wiz_0

Setup :            0  Failing Endpoints,  Worst Slack        1.082ns,  Total Violation        0.000ns
Hold  :            0  Failing Endpoints,  Worst Slack        0.063ns,  Total Violation        0.000ns
PW    :            0  Failing Endpoints,  Worst Slack        2.870ns,  Total Violation        0.000ns
---------------------------------------------------------------------------------------------------


Max Delay Paths
--------------------------------------------------------------------------------------
Slack (MET) :             1.082ns  (required time - arrival time)
  Source:                 u_udp_protocol_stack/app_tx_reset_reg/C
                            (rising edge-triggered cell FDPE clocked by clk_out2_clk_wiz_0  {rise@0.000ns fall@4.000ns period=8.000ns})
  Destination:            u_udp_protocol_stack/u3/arp_dynamic_list/mac_addr_buffer_reg[1][12]/R
                            (rising edge-triggered cell FDRE clocked by clk_out2_clk_wiz_0  {rise@0.000ns fall@4.000ns period=8.000ns})
  Path Group:             clk_out2_clk_wiz_0
  Path Type:              Setup (Max at Slow Process Corner)
  Requirement:            8.000ns  (clk_out2_clk_wiz_0 rise@8.000ns - clk_out2_clk_wiz_0 rise@0.000ns)
  Data Path Delay:        6.343ns  (logic 0.433ns (6.826%)  route 5.910ns (93.174%))
  Logic Levels:           0  
  Clock Path Skew:        -0.053ns (DCD - SCD + CPR)
    Destination Clock Delay (DCD):    -1.005ns = ( 6.995 - 8.000 ) 
    Source Clock Delay      (SCD):    -0.550ns
    Clock Pessimism Removal (CPR):    0.402ns
  Clock Uncertainty:      0.099ns  ((TSJ^2 + DJ^2)^1/2) / 2 + PE
    Total System Jitter     (TSJ):    0.071ns
    Discrete Jitter          (DJ):    0.184ns
    Phase Error              (PE):    0.000ns

    Location             Delay type                Incr(ns)  Path(ns)    Netlist Resource(s)
  -------------------------------------------------------------------    -------------------
                         (clock clk_out2_clk_wiz_0 rise edge)
                                                      0.000     0.000 r  
    R4                                                0.000     0.000 r  sys_clk (IN)
                         net (fo=0)                   0.000     0.000    u_clock_and_reset/clk_wiz_0/inst/clk_in1
    R4                   IBUF (Prop_ibuf_I_O)         1.432     1.432 r  u_clock_and_reset/clk_wiz_0/inst/clkin1_ibufg/O
                         net (fo=1, routed)           1.065     2.497    u_clock_and_reset/clk_wiz_0/inst/clk_in1_clk_wiz_0
    MMCME2_ADV_X1Y0      MMCME2_ADV (Prop_mmcme2_adv_CLKIN1_CLKOUT1)
                                                     -5.921    -3.424 r  u_clock_and_reset/clk_wiz_0/inst/mmcm_adv_inst/CLKOUT1
                         net (fo=1, routed)           1.421    -2.004    u_clock_and_reset/clk_wiz_0/inst/clk_out2_clk_wiz_0
    BUFGCTRL_X0Y0        BUFG (Prop_bufg_I_O)         0.081    -1.923 r  u_clock_and_reset/clk_wiz_0/inst/clkout2_buf/O
                         net (fo=3995, routed)        1.373    -0.550    u_udp_protocol_stack/clk_out2
    SLICE_X14Y3          FDPE                                         r  u_udp_protocol_stack/app_tx_reset_reg/C
  -------------------------------------------------------------------    -------------------
    SLICE_X14Y3          FDPE (Prop_fdpe_C_Q)         0.433    -0.117 r  u_udp_protocol_stack/app_tx_reset_reg/Q
                         net (fo=1359, routed)        5.910     5.793    u_udp_protocol_stack/u3/arp_dynamic_list/app_tx_reset
    SLICE_X30Y36         FDRE                                         r  u_udp_protocol_stack/u3/arp_dynamic_list/mac_addr_buffer_reg[1][12]/R
  -------------------------------------------------------------------    -------------------

                         (clock clk_out2_clk_wiz_0 rise edge)
                                                      8.000     8.000 r  
    R4                                                0.000     8.000 r  sys_clk (IN)
                         net (fo=0)                   0.000     8.000    u_clock_and_reset/clk_wiz_0/inst/clk_in1
    R4                   IBUF (Prop_ibuf_I_O)         1.366     9.366 r  u_clock_and_reset/clk_wiz_0/inst/clkin1_ibufg/O
                         net (fo=1, routed)           1.004    10.369    u_clock_and_reset/clk_wiz_0/inst/clk_in1_clk_wiz_0
    MMCME2_ADV_X1Y0      MMCME2_ADV (Prop_mmcme2_adv_CLKIN1_CLKOUT1)
                                                     -6.057     4.312 r  u_clock_and_reset/clk_wiz_0/inst/mmcm_adv_inst/CLKOUT1
                         net (fo=1, routed)           1.352     5.665    u_clock_and_reset/clk_wiz_0/inst/clk_out2_clk_wiz_0
    BUFGCTRL_X0Y0        BUFG (Prop_bufg_I_O)         0.077     5.742 r  u_clock_and_reset/clk_wiz_0/inst/clkout2_buf/O
                         net (fo=3995, routed)        1.254     6.995    u_udp_protocol_stack/u3/arp_dynamic_list/clk_out2
    SLICE_X30Y36         FDRE                                         r  u_udp_protocol_stack/u3/arp_dynamic_list/mac_addr_buffer_reg[1][12]/C
                         clock pessimism              0.402     7.397    
                         clock uncertainty           -0.099     7.298    
    SLICE_X30Y36         FDRE (Setup_fdre_C_R)       -0.423     6.875    u_udp_protocol_stack/u3/arp_dynamic_list/mac_addr_buffer_reg[1][12]
  -------------------------------------------------------------------
                         required time                          6.875    
                         arrival time                          -5.793    
  -------------------------------------------------------------------
                         slack                                  1.082    





Min Delay Paths
--------------------------------------------------------------------------------------
Slack (MET) :             0.063ns  (arrival time - required time)
  Source:                 u_udp_protocol_stack/u5/ch1_frame_fifo/U0/inst_fifo_gen/gconvfifo.rf/grf.rf/gntv_or_sync_fifo.gl0.wr/wpntr/gcc0.gc0.count_d1_reg[0]/C
                            (rising edge-triggered cell FDRE clocked by clk_out2_clk_wiz_0  {rise@0.000ns fall@4.000ns period=8.000ns})
  Destination:            u_udp_protocol_stack/u5/ch1_frame_fifo/U0/inst_fifo_gen/gconvfifo.rf/grf.rf/gntv_or_sync_fifo.mem/gdm.dm_gen.dm/RAM_reg_0_15_18_23/RAMA/WADR0
                            (rising edge-triggered cell RAMD32 clocked by clk_out2_clk_wiz_0  {rise@0.000ns fall@4.000ns period=8.000ns})
  Path Group:             clk_out2_clk_wiz_0
  Path Type:              Hold (Min at Fast Process Corner)
  Requirement:            0.000ns  (clk_out2_clk_wiz_0 rise@0.000ns - clk_out2_clk_wiz_0 rise@0.000ns)
  Data Path Delay:        0.408ns  (logic 0.141ns (34.558%)  route 0.267ns (65.442%))
  Logic Levels:           0  
  Clock Path Skew:        0.035ns (DCD - SCD - CPR)
    Destination Clock Delay (DCD):    -0.815ns
    Source Clock Delay      (SCD):    -0.576ns
    Clock Pessimism Removal (CPR):    -0.274ns

    Location             Delay type                Incr(ns)  Path(ns)    Netlist Resource(s)
  -------------------------------------------------------------------    -------------------
                         (clock clk_out2_clk_wiz_0 rise edge)
                                                      0.000     0.000 r  
    R4                                                0.000     0.000 r  sys_clk (IN)
                         net (fo=0)                   0.000     0.000    u_clock_and_reset/clk_wiz_0/inst/clk_in1
    R4                   IBUF (Prop_ibuf_I_O)         0.269     0.269 r  u_clock_and_reset/clk_wiz_0/inst/clkin1_ibufg/O
                         net (fo=1, routed)           0.440     0.709    u_clock_and_reset/clk_wiz_0/inst/clk_in1_clk_wiz_0
    MMCME2_ADV_X1Y0      MMCME2_ADV (Prop_mmcme2_adv_CLKIN1_CLKOUT1)
                                                     -2.360    -1.651 r  u_clock_and_reset/clk_wiz_0/inst/mmcm_adv_inst/CLKOUT1
                         net (fo=1, routed)           0.486    -1.165    u_clock_and_reset/clk_wiz_0/inst/clk_out2_clk_wiz_0
    BUFGCTRL_X0Y0        BUFG (Prop_bufg_I_O)         0.026    -1.139 r  u_clock_and_reset/clk_wiz_0/inst/clkout2_buf/O
                         net (fo=3995, routed)        0.563    -0.576    u_udp_protocol_stack/u5/ch1_frame_fifo/U0/inst_fifo_gen/gconvfifo.rf/grf.rf/gntv_or_sync_fifo.gl0.wr/wpntr/clk
    SLICE_X41Y4          FDRE                                         r  u_udp_protocol_stack/u5/ch1_frame_fifo/U0/inst_fifo_gen/gconvfifo.rf/grf.rf/gntv_or_sync_fifo.gl0.wr/wpntr/gcc0.gc0.count_d1_reg[0]/C
  -------------------------------------------------------------------    -------------------
    SLICE_X41Y4          FDRE (Prop_fdre_C_Q)         0.141    -0.435 r  u_udp_protocol_stack/u5/ch1_frame_fifo/U0/inst_fifo_gen/gconvfifo.rf/grf.rf/gntv_or_sync_fifo.gl0.wr/wpntr/gcc0.gc0.count_d1_reg[0]/Q
                         net (fo=34, routed)          0.267    -0.168    u_udp_protocol_stack/u5/ch1_frame_fifo/U0/inst_fifo_gen/gconvfifo.rf/grf.rf/gntv_or_sync_fifo.mem/gdm.dm_gen.dm/RAM_reg_0_15_18_23/ADDRD0
    SLICE_X38Y4          RAMD32                                       r  u_udp_protocol_stack/u5/ch1_frame_fifo/U0/inst_fifo_gen/gconvfifo.rf/grf.rf/gntv_or_sync_fifo.mem/gdm.dm_gen.dm/RAM_reg_0_15_18_23/RAMA/WADR0
  -------------------------------------------------------------------    -------------------

                         (clock clk_out2_clk_wiz_0 rise edge)
                                                      0.000     0.000 r  
    R4                                                0.000     0.000 r  sys_clk (IN)
                         net (fo=0)                   0.000     0.000    u_clock_and_reset/clk_wiz_0/inst/clk_in1
    R4                   IBUF (Prop_ibuf_I_O)         0.457     0.457 r  u_clock_and_reset/clk_wiz_0/inst/clkin1_ibufg/O
                         net (fo=1, routed)           0.480     0.937    u_clock_and_reset/clk_wiz_0/inst/clk_in1_clk_wiz_0
    MMCME2_ADV_X1Y0      MMCME2_ADV (Prop_mmcme2_adv_CLKIN1_CLKOUT1)
                                                     -3.142    -2.205 r  u_clock_and_reset/clk_wiz_0/inst/mmcm_adv_inst/CLKOUT1
                         net (fo=1, routed)           0.530    -1.676    u_clock_and_reset/clk_wiz_0/inst/clk_out2_clk_wiz_0
    BUFGCTRL_X0Y0        BUFG (Prop_bufg_I_O)         0.029    -1.647 r  u_clock_and_reset/clk_wiz_0/inst/clkout2_buf/O
                         net (fo=3995, routed)        0.832    -0.815    u_udp_protocol_stack/u5/ch1_frame_fifo/U0/inst_fifo_gen/gconvfifo.rf/grf.rf/gntv_or_sync_fifo.mem/gdm.dm_gen.dm/RAM_reg_0_15_18_23/WCLK
    SLICE_X38Y4          RAMD32                                       r  u_udp_protocol_stack/u5/ch1_frame_fifo/U0/inst_fifo_gen/gconvfifo.rf/grf.rf/gntv_or_sync_fifo.mem/gdm.dm_gen.dm/RAM_reg_0_15_18_23/RAMA/CLK
                         clock pessimism              0.274    -0.541    
    SLICE_X38Y4          RAMD32 (Hold_ramd32_CLK_WADR0)
                                                      0.310    -0.231    u_udp_protocol_stack/u5/ch1_frame_fifo/U0/inst_fifo_gen/gconvfifo.rf/grf.rf/gntv_or_sync_fifo.mem/gdm.dm_gen.dm/RAM_reg_0_15_18_23/RAMA
  -------------------------------------------------------------------
                         required time                          0.231    
                         arrival time                          -0.168    
  -------------------------------------------------------------------
                         slack                                  0.063    





Pulse Width Checks
--------------------------------------------------------------------------------------
Clock Name:         clk_out2_clk_wiz_0
Waveform(ns):       { 0.000 4.000 }
Period(ns):         8.000
Sources:            { u_clock_and_reset/clk_wiz_0/inst/mmcm_adv_inst/CLKOUT1 }

Check Type        Corner  Lib Pin             Reference Pin  Required(ns)  Actual(ns)  Slack(ns)  Location         Pin
Min Period        n/a     RAMB36E1/CLKBWRCLK  n/a            2.170         8.000       5.830      RAMB36_X0Y5      u_udp_protocol_stack/u0/mac_receive/data_fifo/U0/inst_fifo_gen/gconvfifo.rf/grf.rf/gntv_or_sync_fifo.mem/gbm.gbmg.gbmga.ngecc.bmg/inst_blk_mem_gen/gnbram.gnativebmg.native_blk_mem_gen/valid.cstr/ramloop[0].ram.r/prim_noinit.ram/DEVICE_7SERIES.NO_BMM_INFO.SDP.SIMPLE_PRIM36.ram/CLKBWRCLK
Max Period        n/a     MMCME2_ADV/CLKOUT1  n/a            213.360       8.000       205.360    MMCME2_ADV_X1Y0  u_clock_and_reset/clk_wiz_0/inst/mmcm_adv_inst/CLKOUT1
Low Pulse Width   Slow    RAMD32/CLK          n/a            1.130         4.000       2.870      SLICE_X38Y32     u_udp_protocol_stack/u3/arp_receive/arp_rx_fifo/U0/inst_fifo_gen/gconvfifo.rf/grf.rf/gntv_or_sync_fifo.mem/gdm.dm_gen.dm/RAM_reg_0_15_60_65/RAMC_D1/CLK
High Pulse Width  Fast    RAMD32/CLK          n/a            1.130         4.000       2.870      SLICE_X12Y12     u_udp_protocol_stack/u1/ch1_frame_fifo/U0/inst_fifo_gen/gconvfifo.rf/grf.rf/gntv_or_sync_fifo.mem/gdm.dm_gen.dm/RAM_reg_0_15_24_29/RAMB/CLK



---------------------------------------------------------------------------------------------------
From Clock:  clkfbout_clk_wiz_0
  To Clock:  clkfbout_clk_wiz_0

Setup :           NA  Failing Endpoints,  Worst Slack           NA  ,  Total Violation           NA
Hold  :           NA  Failing Endpoints,  Worst Slack           NA  ,  Total Violation           NA
PW    :            0  Failing Endpoints,  Worst Slack       18.408ns,  Total Violation        0.000ns
---------------------------------------------------------------------------------------------------


Pulse Width Checks
--------------------------------------------------------------------------------------
Clock Name:         clkfbout_clk_wiz_0
Waveform(ns):       { 0.000 10.000 }
Period(ns):         20.000
Sources:            { u_clock_and_reset/clk_wiz_0/inst/mmcm_adv_inst/CLKFBOUT }

Check Type  Corner  Lib Pin             Reference Pin  Required(ns)  Actual(ns)  Slack(ns)  Location         Pin
Min Period  n/a     BUFG/I              n/a            1.592         20.000      18.408     BUFGCTRL_X0Y3    u_clock_and_reset/clk_wiz_0/inst/clkf_buf/I
Max Period  n/a     MMCME2_ADV/CLKFBIN  n/a            100.000       20.000      80.000     MMCME2_ADV_X1Y0  u_clock_and_reset/clk_wiz_0/inst/mmcm_adv_inst/CLKFBIN



---------------------------------------------------------------------------------------------------
From Clock:  clk_out2_clk_wiz_0
  To Clock:  eth_rxc

Setup :            0  Failing Endpoints,  Worst Slack        6.949ns,  Total Violation        0.000ns
Hold  :           NA  Failing Endpoints,  Worst Slack           NA  ,  Total Violation           NA
---------------------------------------------------------------------------------------------------


Max Delay Paths
--------------------------------------------------------------------------------------
Slack (MET) :             6.949ns  (required time - arrival time)
  Source:                 u_udp_protocol_stack/u0/mac_receive/data_fifo/U0/inst_fifo_gen/gconvfifo.rf/grf.rf/gntv_or_sync_fifo.gcx.clkx/rd_pntr_cdc_inst/src_gray_ff_reg[5]/C
                            (rising edge-triggered cell FDRE clocked by clk_out2_clk_wiz_0  {rise@0.000ns fall@4.000ns period=8.000ns})
  Destination:            u_udp_protocol_stack/u0/mac_receive/data_fifo/U0/inst_fifo_gen/gconvfifo.rf/grf.rf/gntv_or_sync_fifo.gcx.clkx/rd_pntr_cdc_inst/dest_graysync_ff_reg[0][5]/D
                            (rising edge-triggered cell FDRE clocked by eth_rxc  {rise@0.000ns fall@4.000ns period=8.000ns})
  Path Group:             eth_rxc
  Path Type:              Setup (Max at Slow Process Corner)
  Requirement:            8.000ns  (MaxDelay Path 8.000ns)
  Data Path Delay:        0.845ns  (logic 0.348ns (41.182%)  route 0.497ns (58.818%))
  Logic Levels:           0  
  Timing Exception:       MaxDelay Path 8.000ns -datapath_only

    Location             Delay type                Incr(ns)  Path(ns)    Netlist Resource(s)
  -------------------------------------------------------------------    -------------------
    SLICE_X5Y25                                       0.000     0.000 r  u_udp_protocol_stack/u0/mac_receive/data_fifo/U0/inst_fifo_gen/gconvfifo.rf/grf.rf/gntv_or_sync_fifo.gcx.clkx/rd_pntr_cdc_inst/src_gray_ff_reg[5]/C
    SLICE_X5Y25          FDRE (Prop_fdre_C_Q)         0.348     0.348 r  u_udp_protocol_stack/u0/mac_receive/data_fifo/U0/inst_fifo_gen/gconvfifo.rf/grf.rf/gntv_or_sync_fifo.gcx.clkx/rd_pntr_cdc_inst/src_gray_ff_reg[5]/Q
                         net (fo=1, routed)           0.497     0.845    u_udp_protocol_stack/u0/mac_receive/data_fifo/U0/inst_fifo_gen/gconvfifo.rf/grf.rf/gntv_or_sync_fifo.gcx.clkx/rd_pntr_cdc_inst/async_path[5]
    SLICE_X4Y25          FDRE                                         r  u_udp_protocol_stack/u0/mac_receive/data_fifo/U0/inst_fifo_gen/gconvfifo.rf/grf.rf/gntv_or_sync_fifo.gcx.clkx/rd_pntr_cdc_inst/dest_graysync_ff_reg[0][5]/D
  -------------------------------------------------------------------    -------------------

                         max delay                    8.000     8.000    
    SLICE_X4Y25          FDRE (Setup_fdre_C_D)       -0.206     7.794    u_udp_protocol_stack/u0/mac_receive/data_fifo/U0/inst_fifo_gen/gconvfifo.rf/grf.rf/gntv_or_sync_fifo.gcx.clkx/rd_pntr_cdc_inst/dest_graysync_ff_reg[0][5]
  -------------------------------------------------------------------
                         required time                          7.794    
                         arrival time                          -0.845    
  -------------------------------------------------------------------
                         slack                                  6.949    





---------------------------------------------------------------------------------------------------
From Clock:  eth_rxc
  To Clock:  clk_out2_clk_wiz_0

Setup :            0  Failing Endpoints,  Worst Slack        6.880ns,  Total Violation        0.000ns
Hold  :           NA  Failing Endpoints,  Worst Slack           NA  ,  Total Violation           NA
---------------------------------------------------------------------------------------------------


Max Delay Paths
--------------------------------------------------------------------------------------
Slack (MET) :             6.880ns  (required time - arrival time)
  Source:                 u_udp_protocol_stack/u0/mac_receive/data_fifo/U0/inst_fifo_gen/gconvfifo.rf/grf.rf/gntv_or_sync_fifo.gcx.clkx/wr_pntr_cdc_inst/src_gray_ff_reg[7]/C
                            (rising edge-triggered cell FDRE clocked by eth_rxc  {rise@0.000ns fall@4.000ns period=8.000ns})
  Destination:            u_udp_protocol_stack/u0/mac_receive/data_fifo/U0/inst_fifo_gen/gconvfifo.rf/grf.rf/gntv_or_sync_fifo.gcx.clkx/wr_pntr_cdc_inst/dest_graysync_ff_reg[0][7]/D
                            (rising edge-triggered cell FDRE clocked by clk_out2_clk_wiz_0  {rise@0.000ns fall@4.000ns period=8.000ns})
  Path Group:             clk_out2_clk_wiz_0
  Path Type:              Setup (Max at Slow Process Corner)
  Requirement:            8.000ns  (MaxDelay Path 8.000ns)
  Data Path Delay:        0.911ns  (logic 0.348ns (38.180%)  route 0.563ns (61.820%))
  Logic Levels:           0  
  Timing Exception:       MaxDelay Path 8.000ns -datapath_only

    Location             Delay type                Incr(ns)  Path(ns)    Netlist Resource(s)
  -------------------------------------------------------------------    -------------------
    SLICE_X7Y25                                       0.000     0.000 r  u_udp_protocol_stack/u0/mac_receive/data_fifo/U0/inst_fifo_gen/gconvfifo.rf/grf.rf/gntv_or_sync_fifo.gcx.clkx/wr_pntr_cdc_inst/src_gray_ff_reg[7]/C
    SLICE_X7Y25          FDRE (Prop_fdre_C_Q)         0.348     0.348 r  u_udp_protocol_stack/u0/mac_receive/data_fifo/U0/inst_fifo_gen/gconvfifo.rf/grf.rf/gntv_or_sync_fifo.gcx.clkx/wr_pntr_cdc_inst/src_gray_ff_reg[7]/Q
                         net (fo=1, routed)           0.563     0.911    u_udp_protocol_stack/u0/mac_receive/data_fifo/U0/inst_fifo_gen/gconvfifo.rf/grf.rf/gntv_or_sync_fifo.gcx.clkx/wr_pntr_cdc_inst/async_path[7]
    SLICE_X7Y24          FDRE                                         r  u_udp_protocol_stack/u0/mac_receive/data_fifo/U0/inst_fifo_gen/gconvfifo.rf/grf.rf/gntv_or_sync_fifo.gcx.clkx/wr_pntr_cdc_inst/dest_graysync_ff_reg[0][7]/D
  -------------------------------------------------------------------    -------------------

                         max delay                    8.000     8.000    
    SLICE_X7Y24          FDRE (Setup_fdre_C_D)       -0.209     7.791    u_udp_protocol_stack/u0/mac_receive/data_fifo/U0/inst_fifo_gen/gconvfifo.rf/grf.rf/gntv_or_sync_fifo.gcx.clkx/wr_pntr_cdc_inst/dest_graysync_ff_reg[0][7]
  -------------------------------------------------------------------
                         required time                          7.791    
                         arrival time                          -0.911    
  -------------------------------------------------------------------
                         slack                                  6.880    





---------------------------------------------------------------------------------------------------
Path Group:  **async_default**
From Clock:  clk_out2_clk_wiz_0
  To Clock:  clk_out2_clk_wiz_0

Setup :            0  Failing Endpoints,  Worst Slack        2.195ns,  Total Violation        0.000ns
Hold  :            0  Failing Endpoints,  Worst Slack        0.337ns,  Total Violation        0.000ns
---------------------------------------------------------------------------------------------------


Max Delay Paths
--------------------------------------------------------------------------------------
Slack (MET) :             2.195ns  (required time - arrival time)
  Source:                 u_clock_and_reset/reset_reg/C
                            (rising edge-triggered cell FDPE clocked by clk_out2_clk_wiz_0  {rise@0.000ns fall@4.000ns period=8.000ns})
  Destination:            u_udp_protocol_stack/phy_tx_reset_timer_reg[10]/CLR
                            (recovery check against rising-edge clock clk_out2_clk_wiz_0  {rise@0.000ns fall@4.000ns period=8.000ns})
  Path Group:             **async_default**
  Path Type:              Recovery (Max at Slow Process Corner)
  Requirement:            8.000ns  (clk_out2_clk_wiz_0 rise@8.000ns - clk_out2_clk_wiz_0 rise@0.000ns)
  Data Path Delay:        5.331ns  (logic 0.484ns (9.078%)  route 4.847ns (90.922%))
  Logic Levels:           1  (LUT2=1)
  Clock Path Skew:        -0.117ns (DCD - SCD + CPR)
    Destination Clock Delay (DCD):    -1.012ns = ( 6.988 - 8.000 ) 
    Source Clock Delay      (SCD):    -0.553ns
    Clock Pessimism Removal (CPR):    0.342ns
  Clock Uncertainty:      0.099ns  ((TSJ^2 + DJ^2)^1/2) / 2 + PE
    Total System Jitter     (TSJ):    0.071ns
    Discrete Jitter          (DJ):    0.184ns
    Phase Error              (PE):    0.000ns

    Location             Delay type                Incr(ns)  Path(ns)    Netlist Resource(s)
  -------------------------------------------------------------------    -------------------
                         (clock clk_out2_clk_wiz_0 rise edge)
                                                      0.000     0.000 r  
    R4                                                0.000     0.000 r  sys_clk (IN)
                         net (fo=0)                   0.000     0.000    u_clock_and_reset/clk_wiz_0/inst/clk_in1
    R4                   IBUF (Prop_ibuf_I_O)         1.432     1.432 r  u_clock_and_reset/clk_wiz_0/inst/clkin1_ibufg/O
                         net (fo=1, routed)           1.065     2.497    u_clock_and_reset/clk_wiz_0/inst/clk_in1_clk_wiz_0
    MMCME2_ADV_X1Y0      MMCME2_ADV (Prop_mmcme2_adv_CLKIN1_CLKOUT1)
                                                     -5.921    -3.424 r  u_clock_and_reset/clk_wiz_0/inst/mmcm_adv_inst/CLKOUT1
                         net (fo=1, routed)           1.421    -2.004    u_clock_and_reset/clk_wiz_0/inst/clk_out2_clk_wiz_0
    BUFGCTRL_X0Y0        BUFG (Prop_bufg_I_O)         0.081    -1.923 r  u_clock_and_reset/clk_wiz_0/inst/clkout2_buf/O
                         net (fo=3995, routed)        1.370    -0.553    u_clock_and_reset/clk_out2
    SLICE_X49Y37         FDPE                                         r  u_clock_and_reset/reset_reg/C
  -------------------------------------------------------------------    -------------------
    SLICE_X49Y37         FDPE (Prop_fdpe_C_Q)         0.379    -0.174 f  u_clock_and_reset/reset_reg/Q
                         net (fo=1, routed)           1.050     0.876    u_clock_and_reset/clock_reset
    SLICE_X49Y38         LUT2 (Prop_lut2_I0_O)        0.105     0.981 f  u_clock_and_reset/phy_rx_reset_timer[12]_i_3/O
                         net (fo=218, routed)         3.797     4.778    u_udp_protocol_stack/reset
    SLICE_X10Y24         FDCE                                         f  u_udp_protocol_stack/phy_tx_reset_timer_reg[10]/CLR
  -------------------------------------------------------------------    -------------------

                         (clock clk_out2_clk_wiz_0 rise edge)
                                                      8.000     8.000 r  
    R4                                                0.000     8.000 r  sys_clk (IN)
                         net (fo=0)                   0.000     8.000    u_clock_and_reset/clk_wiz_0/inst/clk_in1
    R4                   IBUF (Prop_ibuf_I_O)         1.366     9.366 r  u_clock_and_reset/clk_wiz_0/inst/clkin1_ibufg/O
                         net (fo=1, routed)           1.004    10.369    u_clock_and_reset/clk_wiz_0/inst/clk_in1_clk_wiz_0
    MMCME2_ADV_X1Y0      MMCME2_ADV (Prop_mmcme2_adv_CLKIN1_CLKOUT1)
                                                     -6.057     4.312 r  u_clock_and_reset/clk_wiz_0/inst/mmcm_adv_inst/CLKOUT1
                         net (fo=1, routed)           1.352     5.665    u_clock_and_reset/clk_wiz_0/inst/clk_out2_clk_wiz_0
    BUFGCTRL_X0Y0        BUFG (Prop_bufg_I_O)         0.077     5.742 r  u_clock_and_reset/clk_wiz_0/inst/clkout2_buf/O
                         net (fo=3995, routed)        1.247     6.988    u_udp_protocol_stack/clk_out2
    SLICE_X10Y24         FDCE                                         r  u_udp_protocol_stack/phy_tx_reset_timer_reg[10]/C
                         clock pessimism              0.342     7.330    
                         clock uncertainty           -0.099     7.231    
    SLICE_X10Y24         FDCE (Recov_fdce_C_CLR)     -0.258     6.973    u_udp_protocol_stack/phy_tx_reset_timer_reg[10]
  -------------------------------------------------------------------
                         required time                          6.973    
                         arrival time                          -4.778    
  -------------------------------------------------------------------
                         slack                                  2.195    





Min Delay Paths
--------------------------------------------------------------------------------------
Slack (MET) :             0.337ns  (arrival time - required time)
  Source:                 u_udp_protocol_stack/u0/mac_send/frame_fifo/U0/inst_fifo_gen/gconvfifo.rf/grf.rf/rstblk/ngwrdrst.grst.g7serrst.gnsckt_wrst.gic_rst.sckt_wr_rst_ic_reg/C
                            (rising edge-triggered cell FDPE clocked by clk_out2_clk_wiz_0  {rise@0.000ns fall@4.000ns period=8.000ns})
  Destination:            u_udp_protocol_stack/u0/mac_send/frame_fifo/U0/inst_fifo_gen/gconvfifo.rf/grf.rf/gntv_or_sync_fifo.gl0.wr/wpntr/gic0.gc0.count_d1_reg[2]/CLR
                            (removal check against rising-edge clock clk_out2_clk_wiz_0  {rise@0.000ns fall@4.000ns period=8.000ns})
  Path Group:             **async_default**
  Path Type:              Removal (Min at Fast Process Corner)
  Requirement:            0.000ns  (clk_out2_clk_wiz_0 rise@0.000ns - clk_out2_clk_wiz_0 rise@0.000ns)
  Data Path Delay:        0.284ns  (logic 0.141ns (49.652%)  route 0.143ns (50.348%))
  Logic Levels:           0  
  Clock Path Skew:        0.014ns (DCD - SCD - CPR)
    Destination Clock Delay (DCD):    -0.818ns
    Source Clock Delay      (SCD):    -0.578ns
    Clock Pessimism Removal (CPR):    -0.254ns

    Location             Delay type                Incr(ns)  Path(ns)    Netlist Resource(s)
  -------------------------------------------------------------------    -------------------
                         (clock clk_out2_clk_wiz_0 rise edge)
                                                      0.000     0.000 r  
    R4                                                0.000     0.000 r  sys_clk (IN)
                         net (fo=0)                   0.000     0.000    u_clock_and_reset/clk_wiz_0/inst/clk_in1
    R4                   IBUF (Prop_ibuf_I_O)         0.269     0.269 r  u_clock_and_reset/clk_wiz_0/inst/clkin1_ibufg/O
                         net (fo=1, routed)           0.440     0.709    u_clock_and_reset/clk_wiz_0/inst/clk_in1_clk_wiz_0
    MMCME2_ADV_X1Y0      MMCME2_ADV (Prop_mmcme2_adv_CLKIN1_CLKOUT1)
                                                     -2.360    -1.651 r  u_clock_and_reset/clk_wiz_0/inst/mmcm_adv_inst/CLKOUT1
                         net (fo=1, routed)           0.486    -1.165    u_clock_and_reset/clk_wiz_0/inst/clk_out2_clk_wiz_0
    BUFGCTRL_X0Y0        BUFG (Prop_bufg_I_O)         0.026    -1.139 r  u_clock_and_reset/clk_wiz_0/inst/clkout2_buf/O
                         net (fo=3995, routed)        0.561    -0.578    u_udp_protocol_stack/u0/mac_send/frame_fifo/U0/inst_fifo_gen/gconvfifo.rf/grf.rf/rstblk/wr_clk
    SLICE_X13Y16         FDPE                                         r  u_udp_protocol_stack/u0/mac_send/frame_fifo/U0/inst_fifo_gen/gconvfifo.rf/grf.rf/rstblk/ngwrdrst.grst.g7serrst.gnsckt_wrst.gic_rst.sckt_wr_rst_ic_reg/C
  -------------------------------------------------------------------    -------------------
    SLICE_X13Y16         FDPE (Prop_fdpe_C_Q)         0.141    -0.437 f  u_udp_protocol_stack/u0/mac_send/frame_fifo/U0/inst_fifo_gen/gconvfifo.rf/grf.rf/rstblk/ngwrdrst.grst.g7serrst.gnsckt_wrst.gic_rst.sckt_wr_rst_ic_reg/Q
                         net (fo=15, routed)          0.143    -0.294    u_udp_protocol_stack/u0/mac_send/frame_fifo/U0/inst_fifo_gen/gconvfifo.rf/grf.rf/gntv_or_sync_fifo.gl0.wr/wpntr/AR[0]
    SLICE_X14Y16         FDCE                                         f  u_udp_protocol_stack/u0/mac_send/frame_fifo/U0/inst_fifo_gen/gconvfifo.rf/grf.rf/gntv_or_sync_fifo.gl0.wr/wpntr/gic0.gc0.count_d1_reg[2]/CLR
  -------------------------------------------------------------------    -------------------

                         (clock clk_out2_clk_wiz_0 rise edge)
                                                      0.000     0.000 r  
    R4                                                0.000     0.000 r  sys_clk (IN)
                         net (fo=0)                   0.000     0.000    u_clock_and_reset/clk_wiz_0/inst/clk_in1
    R4                   IBUF (Prop_ibuf_I_O)         0.457     0.457 r  u_clock_and_reset/clk_wiz_0/inst/clkin1_ibufg/O
                         net (fo=1, routed)           0.480     0.937    u_clock_and_reset/clk_wiz_0/inst/clk_in1_clk_wiz_0
    MMCME2_ADV_X1Y0      MMCME2_ADV (Prop_mmcme2_adv_CLKIN1_CLKOUT1)
                                                     -3.142    -2.205 r  u_clock_and_reset/clk_wiz_0/inst/mmcm_adv_inst/CLKOUT1
                         net (fo=1, routed)           0.530    -1.676    u_clock_and_reset/clk_wiz_0/inst/clk_out2_clk_wiz_0
    BUFGCTRL_X0Y0        BUFG (Prop_bufg_I_O)         0.029    -1.647 r  u_clock_and_reset/clk_wiz_0/inst/clkout2_buf/O
                         net (fo=3995, routed)        0.829    -0.818    u_udp_protocol_stack/u0/mac_send/frame_fifo/U0/inst_fifo_gen/gconvfifo.rf/grf.rf/gntv_or_sync_fifo.gl0.wr/wpntr/wr_clk
    SLICE_X14Y16         FDCE                                         r  u_udp_protocol_stack/u0/mac_send/frame_fifo/U0/inst_fifo_gen/gconvfifo.rf/grf.rf/gntv_or_sync_fifo.gl0.wr/wpntr/gic0.gc0.count_d1_reg[2]/C
                         clock pessimism              0.254    -0.564    
    SLICE_X14Y16         FDCE (Remov_fdce_C_CLR)     -0.067    -0.631    u_udp_protocol_stack/u0/mac_send/frame_fifo/U0/inst_fifo_gen/gconvfifo.rf/grf.rf/gntv_or_sync_fifo.gl0.wr/wpntr/gic0.gc0.count_d1_reg[2]
  -------------------------------------------------------------------
                         required time                          0.631    
                         arrival time                          -0.294    
  -------------------------------------------------------------------
                         slack                                  0.337    





---------------------------------------------------------------------------------------------------
Path Group:  **async_default**
From Clock:  clk_out2_clk_wiz_0
  To Clock:  eth_rxc

Setup :            0  Failing Endpoints,  Worst Slack        4.732ns,  Total Violation        0.000ns
Hold  :            0  Failing Endpoints,  Worst Slack        0.298ns,  Total Violation        0.000ns
---------------------------------------------------------------------------------------------------


Max Delay Paths
--------------------------------------------------------------------------------------
Slack (MET) :             4.732ns  (required time - arrival time)
  Source:                 u_clock_and_reset/reset_reg/C
                            (rising edge-triggered cell FDPE clocked by clk_out2_clk_wiz_0  {rise@0.000ns fall@4.000ns period=8.000ns})
  Destination:            u_udp_protocol_stack/phy_rx_reset_timer_reg[1]/CLR
                            (recovery check against rising-edge clock eth_rxc  {rise@0.000ns fall@4.000ns period=8.000ns})
  Path Group:             **async_default**
  Path Type:              Recovery (Max at Slow Process Corner)
  Requirement:            8.000ns  (eth_rxc rise@8.000ns - clk_out2_clk_wiz_0 rise@0.000ns)
  Data Path Delay:        7.548ns  (logic 0.484ns (6.412%)  route 7.064ns (93.588%))
  Logic Levels:           1  (LUT2=1)
  Clock Path Skew:        4.848ns (DCD - SCD + CPR)
    Destination Clock Delay (DCD):    4.295ns = ( 12.295 - 8.000 ) 
    Source Clock Delay      (SCD):    -0.553ns
    Clock Pessimism Removal (CPR):    0.000ns
  Clock Uncertainty:      0.238ns  ((TSJ^2 + DJ^2)^1/2) / 2 + PE
    Total System Jitter     (TSJ):    0.071ns
    Discrete Jitter          (DJ):    0.184ns
    Phase Error              (PE):    0.139ns
  Clock Domain Crossing:  Inter clock paths are considered valid unless explicitly excluded by timing constraints such as set_clock_groups or set_false_path.

    Location             Delay type                Incr(ns)  Path(ns)    Netlist Resource(s)
  -------------------------------------------------------------------    -------------------
                         (clock clk_out2_clk_wiz_0 rise edge)
                                                      0.000     0.000 r  
    R4                                                0.000     0.000 r  sys_clk (IN)
                         net (fo=0)                   0.000     0.000    u_clock_and_reset/clk_wiz_0/inst/clk_in1
    R4                   IBUF (Prop_ibuf_I_O)         1.432     1.432 r  u_clock_and_reset/clk_wiz_0/inst/clkin1_ibufg/O
                         net (fo=1, routed)           1.065     2.497    u_clock_and_reset/clk_wiz_0/inst/clk_in1_clk_wiz_0
    MMCME2_ADV_X1Y0      MMCME2_ADV (Prop_mmcme2_adv_CLKIN1_CLKOUT1)
                                                     -5.921    -3.424 r  u_clock_and_reset/clk_wiz_0/inst/mmcm_adv_inst/CLKOUT1
                         net (fo=1, routed)           1.421    -2.004    u_clock_and_reset/clk_wiz_0/inst/clk_out2_clk_wiz_0
    BUFGCTRL_X0Y0        BUFG (Prop_bufg_I_O)         0.081    -1.923 r  u_clock_and_reset/clk_wiz_0/inst/clkout2_buf/O
                         net (fo=3995, routed)        1.370    -0.553    u_clock_and_reset/clk_out2
    SLICE_X49Y37         FDPE                                         r  u_clock_and_reset/reset_reg/C
  -------------------------------------------------------------------    -------------------
    SLICE_X49Y37         FDPE (Prop_fdpe_C_Q)         0.379    -0.174 f  u_clock_and_reset/reset_reg/Q
                         net (fo=1, routed)           1.050     0.876    u_clock_and_reset/clock_reset
    SLICE_X49Y38         LUT2 (Prop_lut2_I0_O)        0.105     0.981 f  u_clock_and_reset/phy_rx_reset_timer[12]_i_3/O
                         net (fo=218, routed)         6.014     6.995    u_udp_protocol_stack/reset
    SLICE_X15Y35         FDCE                                         f  u_udp_protocol_stack/phy_rx_reset_timer_reg[1]/CLR
  -------------------------------------------------------------------    -------------------

                         (clock eth_rxc rise edge)    8.000     8.000 r  
    W19                                               0.000     8.000 r  eth_rxc (IN)
                         net (fo=0)                   0.000     8.000    u_rgmii_interface/u0/eth_rxc
    W19                  IBUF (Prop_ibuf_I_O)         1.357     9.357 r  u_rgmii_interface/u0/rgmii_clk_ibuf/O
                         net (fo=2, routed)           1.604    10.962    u_rgmii_interface/u0/phy_rgmii_rx_clk_ibuf
    BUFGCTRL_X0Y2        BUFG (Prop_bufg_I_O)         0.077    11.039 r  u_rgmii_interface/u0/BUFG_rx_clk/O
                         net (fo=443, routed)         1.257    12.295    u_udp_protocol_stack/phy_rx_clk
    SLICE_X15Y35         FDCE                                         r  u_udp_protocol_stack/phy_rx_reset_timer_reg[1]/C
                         clock pessimism              0.000    12.295    
                         clock uncertainty           -0.238    12.058    
    SLICE_X15Y35         FDCE (Recov_fdce_C_CLR)     -0.331    11.727    u_udp_protocol_stack/phy_rx_reset_timer_reg[1]
  -------------------------------------------------------------------
                         required time                         11.727    
                         arrival time                          -6.995    
  -------------------------------------------------------------------
                         slack                                  4.732    





Min Delay Paths
--------------------------------------------------------------------------------------
Slack (MET) :             0.298ns  (arrival time - required time)
  Source:                 u_clock_and_reset/reset_reg/C
                            (rising edge-triggered cell FDPE clocked by clk_out2_clk_wiz_0  {rise@0.000ns fall@4.000ns period=8.000ns})
  Destination:            u_udp_protocol_stack/phy_rx_reset_reg/PRE
                            (removal check against rising-edge clock eth_rxc  {rise@0.000ns fall@4.000ns period=8.000ns})
  Path Group:             **async_default**
  Path Type:              Removal (Min at Slow Process Corner)
  Requirement:            0.000ns  (eth_rxc rise@0.000ns - clk_out2_clk_wiz_0 rise@0.000ns)
  Data Path Delay:        5.907ns  (logic 0.388ns (6.568%)  route 5.519ns (93.432%))
  Logic Levels:           1  (LUT2=1)
  Clock Path Skew:        5.564ns (DCD - SCD - CPR)
    Destination Clock Delay (DCD):    4.565ns
    Source Clock Delay      (SCD):    -0.999ns
    Clock Pessimism Removal (CPR):    -0.000ns
  Clock Uncertainty:      0.238ns  ((TSJ^2 + DJ^2)^1/2) / 2 + PE
    Total System Jitter     (TSJ):    0.071ns
    Discrete Jitter          (DJ):    0.184ns
    Phase Error              (PE):    0.139ns
  Clock Domain Crossing:  Inter clock paths are considered valid unless explicitly excluded by timing constraints such as set_clock_groups or set_false_path.

    Location             Delay type                Incr(ns)  Path(ns)    Netlist Resource(s)
  -------------------------------------------------------------------    -------------------
                         (clock clk_out2_clk_wiz_0 rise edge)
                                                      0.000     0.000 r  
    R4                                                0.000     0.000 r  sys_clk (IN)
                         net (fo=0)                   0.000     0.000    u_clock_and_reset/clk_wiz_0/inst/clk_in1
    R4                   IBUF (Prop_ibuf_I_O)         1.366     1.366 r  u_clock_and_reset/clk_wiz_0/inst/clkin1_ibufg/O
                         net (fo=1, routed)           1.004     2.369    u_clock_and_reset/clk_wiz_0/inst/clk_in1_clk_wiz_0
    MMCME2_ADV_X1Y0      MMCME2_ADV (Prop_mmcme2_adv_CLKIN1_CLKOUT1)
                                                     -6.057    -3.688 r  u_clock_and_reset/clk_wiz_0/inst/mmcm_adv_inst/CLKOUT1
                         net (fo=1, routed)           1.352    -2.335    u_clock_and_reset/clk_wiz_0/inst/clk_out2_clk_wiz_0
    BUFGCTRL_X0Y0        BUFG (Prop_bufg_I_O)         0.077    -2.258 r  u_clock_and_reset/clk_wiz_0/inst/clkout2_buf/O
                         net (fo=3995, routed)        1.260    -0.999    u_clock_and_reset/clk_out2
    SLICE_X49Y37         FDPE                                         r  u_clock_and_reset/reset_reg/C
  -------------------------------------------------------------------    -------------------
    SLICE_X49Y37         FDPE (Prop_fdpe_C_Q)         0.304    -0.695 f  u_clock_and_reset/reset_reg/Q
                         net (fo=1, routed)           0.892     0.197    u_clock_and_reset/clock_reset
    SLICE_X49Y38         LUT2 (Prop_lut2_I0_O)        0.084     0.281 f  u_clock_and_reset/phy_rx_reset_timer[12]_i_3/O
                         net (fo=218, routed)         4.627     4.909    u_udp_protocol_stack/reset
    SLICE_X11Y36         FDPE                                         f  u_udp_protocol_stack/phy_rx_reset_reg/PRE
  -------------------------------------------------------------------    -------------------

                         (clock eth_rxc rise edge)    0.000     0.000 r  
    W19                                               0.000     0.000 r  eth_rxc (IN)
                         net (fo=0)                   0.000     0.000    u_rgmii_interface/u0/eth_rxc
    W19                  IBUF (Prop_ibuf_I_O)         1.423     1.423 r  u_rgmii_interface/u0/rgmii_clk_ibuf/O
                         net (fo=2, routed)           1.693     3.116    u_rgmii_interface/u0/phy_rgmii_rx_clk_ibuf
    BUFGCTRL_X0Y2        BUFG (Prop_bufg_I_O)         0.081     3.197 r  u_rgmii_interface/u0/BUFG_rx_clk/O
                         net (fo=443, routed)         1.368     4.565    u_udp_protocol_stack/phy_rx_clk
    SLICE_X11Y36         FDPE                                         r  u_udp_protocol_stack/phy_rx_reset_reg/C
                         clock pessimism              0.000     4.565    
                         clock uncertainty            0.238     4.803    
    SLICE_X11Y36         FDPE (Remov_fdpe_C_PRE)     -0.192     4.611    u_udp_protocol_stack/phy_rx_reset_reg
  -------------------------------------------------------------------
                         required time                         -4.611    
                         arrival time                           4.909    
  -------------------------------------------------------------------
                         slack                                  0.298    





---------------------------------------------------------------------------------------------------
Path Group:  **async_default**
From Clock:  eth_rxc
  To Clock:  eth_rxc

Setup :            0  Failing Endpoints,  Worst Slack        6.184ns,  Total Violation        0.000ns
Hold  :            0  Failing Endpoints,  Worst Slack        0.363ns,  Total Violation        0.000ns
---------------------------------------------------------------------------------------------------


Max Delay Paths
--------------------------------------------------------------------------------------
Slack (MET) :             6.184ns  (required time - arrival time)
  Source:                 u_udp_protocol_stack/u0/mac_receive/data_fifo/U0/inst_fifo_gen/gconvfifo.rf/grf.rf/rstblk/ngwrdrst.grst.g7serrst.gnsckt_wrst.gic_rst.sckt_wr_rst_ic_reg/C
                            (rising edge-triggered cell FDPE clocked by eth_rxc  {rise@0.000ns fall@4.000ns period=8.000ns})
  Destination:            u_udp_protocol_stack/u0/mac_receive/data_fifo/U0/inst_fifo_gen/gconvfifo.rf/grf.rf/gntv_or_sync_fifo.gl0.wr/wpntr/gic0.gc0.count_d2_reg[0]/CLR
                            (recovery check against rising-edge clock eth_rxc  {rise@0.000ns fall@4.000ns period=8.000ns})
  Path Group:             **async_default**
  Path Type:              Recovery (Max at Slow Process Corner)
  Requirement:            8.000ns  (eth_rxc rise@8.000ns - eth_rxc rise@0.000ns)
  Data Path Delay:        1.420ns  (logic 0.379ns (26.696%)  route 1.041ns (73.304%))
  Logic Levels:           0  
  Clock Path Skew:        -0.030ns (DCD - SCD + CPR)
    Destination Clock Delay (DCD):    4.354ns = ( 12.354 - 8.000 ) 
    Source Clock Delay      (SCD):    4.625ns
    Clock Pessimism Removal (CPR):    0.241ns
  Clock Uncertainty:      0.035ns  ((TSJ^2 + TIJ^2)^1/2 + DJ) / 2 + PE
    Total System Jitter     (TSJ):    0.071ns
    Total Input Jitter      (TIJ):    0.000ns
    Discrete Jitter          (DJ):    0.000ns
    Phase Error              (PE):    0.000ns

    Location             Delay type                Incr(ns)  Path(ns)    Netlist Resource(s)
  -------------------------------------------------------------------    -------------------
                         (clock eth_rxc rise edge)    0.000     0.000 r  
    W19                                               0.000     0.000 r  eth_rxc (IN)
                         net (fo=0)                   0.000     0.000    u_rgmii_interface/u0/eth_rxc
    W19                  IBUF (Prop_ibuf_I_O)         1.423     1.423 r  u_rgmii_interface/u0/rgmii_clk_ibuf/O
                         net (fo=2, routed)           1.693     3.116    u_rgmii_interface/u0/phy_rgmii_rx_clk_ibuf
    BUFGCTRL_X0Y2        BUFG (Prop_bufg_I_O)         0.081     3.197 r  u_rgmii_interface/u0/BUFG_rx_clk/O
                         net (fo=443, routed)         1.428     4.625    u_udp_protocol_stack/u0/mac_receive/data_fifo/U0/inst_fifo_gen/gconvfifo.rf/grf.rf/rstblk/wr_clk
    SLICE_X3Y30          FDPE                                         r  u_udp_protocol_stack/u0/mac_receive/data_fifo/U0/inst_fifo_gen/gconvfifo.rf/grf.rf/rstblk/ngwrdrst.grst.g7serrst.gnsckt_wrst.gic_rst.sckt_wr_rst_ic_reg/C
  -------------------------------------------------------------------    -------------------
    SLICE_X3Y30          FDPE (Prop_fdpe_C_Q)         0.379     5.004 f  u_udp_protocol_stack/u0/mac_receive/data_fifo/U0/inst_fifo_gen/gconvfifo.rf/grf.rf/rstblk/ngwrdrst.grst.g7serrst.gnsckt_wrst.gic_rst.sckt_wr_rst_ic_reg/Q
                         net (fo=39, routed)          1.041     6.045    u_udp_protocol_stack/u0/mac_receive/data_fifo/U0/inst_fifo_gen/gconvfifo.rf/grf.rf/gntv_or_sync_fifo.gl0.wr/wpntr/AR[0]
    SLICE_X3Y26          FDCE                                         f  u_udp_protocol_stack/u0/mac_receive/data_fifo/U0/inst_fifo_gen/gconvfifo.rf/grf.rf/gntv_or_sync_fifo.gl0.wr/wpntr/gic0.gc0.count_d2_reg[0]/CLR
  -------------------------------------------------------------------    -------------------

                         (clock eth_rxc rise edge)    8.000     8.000 r  
    W19                                               0.000     8.000 r  eth_rxc (IN)
                         net (fo=0)                   0.000     8.000    u_rgmii_interface/u0/eth_rxc
    W19                  IBUF (Prop_ibuf_I_O)         1.357     9.357 r  u_rgmii_interface/u0/rgmii_clk_ibuf/O
                         net (fo=2, routed)           1.604    10.962    u_rgmii_interface/u0/phy_rgmii_rx_clk_ibuf
    BUFGCTRL_X0Y2        BUFG (Prop_bufg_I_O)         0.077    11.039 r  u_rgmii_interface/u0/BUFG_rx_clk/O
                         net (fo=443, routed)         1.316    12.354    u_udp_protocol_stack/u0/mac_receive/data_fifo/U0/inst_fifo_gen/gconvfifo.rf/grf.rf/gntv_or_sync_fifo.gl0.wr/wpntr/wr_clk
    SLICE_X3Y26          FDCE                                         r  u_udp_protocol_stack/u0/mac_receive/data_fifo/U0/inst_fifo_gen/gconvfifo.rf/grf.rf/gntv_or_sync_fifo.gl0.wr/wpntr/gic0.gc0.count_d2_reg[0]/C
                         clock pessimism              0.241    12.595    
                         clock uncertainty           -0.035    12.560    
    SLICE_X3Y26          FDCE (Recov_fdce_C_CLR)     -0.331    12.229    u_udp_protocol_stack/u0/mac_receive/data_fifo/U0/inst_fifo_gen/gconvfifo.rf/grf.rf/gntv_or_sync_fifo.gl0.wr/wpntr/gic0.gc0.count_d2_reg[0]
  -------------------------------------------------------------------
                         required time                         12.229    
                         arrival time                          -6.045    
  -------------------------------------------------------------------
                         slack                                  6.184    





Min Delay Paths
--------------------------------------------------------------------------------------
Slack (MET) :             0.363ns  (arrival time - required time)
  Source:                 u_udp_protocol_stack/u0/mac_receive/data_fifo/U0/inst_fifo_gen/gconvfifo.rf/grf.rf/rstblk/ngwrdrst.grst.g7serrst.gnsckt_wrst.gic_rst.sckt_wr_rst_ic_reg/C
                            (rising edge-triggered cell FDPE clocked by eth_rxc  {rise@0.000ns fall@4.000ns period=8.000ns})
  Destination:            u_udp_protocol_stack/u0/mac_receive/data_fifo/U0/inst_fifo_gen/gconvfifo.rf/grf.rf/gntv_or_sync_fifo.gl0.wr/wpntr/gic0.gc0.count_reg[10]/CLR
                            (removal check against rising-edge clock eth_rxc  {rise@0.000ns fall@4.000ns period=8.000ns})
  Path Group:             **async_default**
  Path Type:              Removal (Min at Fast Process Corner)
  Requirement:            0.000ns  (eth_rxc rise@0.000ns - eth_rxc rise@0.000ns)
  Data Path Delay:        0.285ns  (logic 0.141ns (49.417%)  route 0.144ns (50.583%))
  Logic Levels:           0  
  Clock Path Skew:        0.014ns (DCD - SCD - CPR)
    Destination Clock Delay (DCD):    2.021ns
    Source Clock Delay      (SCD):    1.507ns
    Clock Pessimism Removal (CPR):    0.501ns

    Location             Delay type                Incr(ns)  Path(ns)    Netlist Resource(s)
  -------------------------------------------------------------------    -------------------
                         (clock eth_rxc rise edge)    0.000     0.000 r  
    W19                                               0.000     0.000 r  eth_rxc (IN)
                         net (fo=0)                   0.000     0.000    u_rgmii_interface/u0/eth_rxc
    W19                  IBUF (Prop_ibuf_I_O)         0.260     0.260 r  u_rgmii_interface/u0/rgmii_clk_ibuf/O
                         net (fo=2, routed)           0.634     0.894    u_rgmii_interface/u0/phy_rgmii_rx_clk_ibuf
    BUFGCTRL_X0Y2        BUFG (Prop_bufg_I_O)         0.026     0.920 r  u_rgmii_interface/u0/BUFG_rx_clk/O
                         net (fo=443, routed)         0.587     1.507    u_udp_protocol_stack/u0/mac_receive/data_fifo/U0/inst_fifo_gen/gconvfifo.rf/grf.rf/rstblk/wr_clk
    SLICE_X3Y30          FDPE                                         r  u_udp_protocol_stack/u0/mac_receive/data_fifo/U0/inst_fifo_gen/gconvfifo.rf/grf.rf/rstblk/ngwrdrst.grst.g7serrst.gnsckt_wrst.gic_rst.sckt_wr_rst_ic_reg/C
  -------------------------------------------------------------------    -------------------
    SLICE_X3Y30          FDPE (Prop_fdpe_C_Q)         0.141     1.648 f  u_udp_protocol_stack/u0/mac_receive/data_fifo/U0/inst_fifo_gen/gconvfifo.rf/grf.rf/rstblk/ngwrdrst.grst.g7serrst.gnsckt_wrst.gic_rst.sckt_wr_rst_ic_reg/Q
                         net (fo=39, routed)          0.144     1.792    u_udp_protocol_stack/u0/mac_receive/data_fifo/U0/inst_fifo_gen/gconvfifo.rf/grf.rf/gntv_or_sync_fifo.gl0.wr/wpntr/AR[0]
    SLICE_X1Y30          FDCE                                         f  u_udp_protocol_stack/u0/mac_receive/data_fifo/U0/inst_fifo_gen/gconvfifo.rf/grf.rf/gntv_or_sync_fifo.gl0.wr/wpntr/gic0.gc0.count_reg[10]/CLR
  -------------------------------------------------------------------    -------------------

                         (clock eth_rxc rise edge)    0.000     0.000 r  
    W19                                               0.000     0.000 r  eth_rxc (IN)
                         net (fo=0)                   0.000     0.000    u_rgmii_interface/u0/eth_rxc
    W19                  IBUF (Prop_ibuf_I_O)         0.448     0.448 r  u_rgmii_interface/u0/rgmii_clk_ibuf/O
                         net (fo=2, routed)           0.689     1.137    u_rgmii_interface/u0/phy_rgmii_rx_clk_ibuf
    BUFGCTRL_X0Y2        BUFG (Prop_bufg_I_O)         0.029     1.166 r  u_rgmii_interface/u0/BUFG_rx_clk/O
                         net (fo=443, routed)         0.856     2.021    u_udp_protocol_stack/u0/mac_receive/data_fifo/U0/inst_fifo_gen/gconvfifo.rf/grf.rf/gntv_or_sync_fifo.gl0.wr/wpntr/wr_clk
    SLICE_X1Y30          FDCE                                         r  u_udp_protocol_stack/u0/mac_receive/data_fifo/U0/inst_fifo_gen/gconvfifo.rf/grf.rf/gntv_or_sync_fifo.gl0.wr/wpntr/gic0.gc0.count_reg[10]/C
                         clock pessimism             -0.501     1.521    
    SLICE_X1Y30          FDCE (Remov_fdce_C_CLR)     -0.092     1.429    u_udp_protocol_stack/u0/mac_receive/data_fifo/U0/inst_fifo_gen/gconvfifo.rf/grf.rf/gntv_or_sync_fifo.gl0.wr/wpntr/gic0.gc0.count_reg[10]
  -------------------------------------------------------------------
                         required time                         -1.429    
                         arrival time                           1.792    
  -------------------------------------------------------------------
                         slack                                  0.363    





